ARM GAS  C:\Users\fneves\AppData\Local\Temp\ccUETTSu.s 			page 1


   1              		.cpu cortex-m0plus
   2              		.fpu softvfp
   3              		.eabi_attribute 20, 1
   4              		.eabi_attribute 21, 1
   5              		.eabi_attribute 23, 3
   6              		.eabi_attribute 24, 1
   7              		.eabi_attribute 25, 1
   8              		.eabi_attribute 26, 1
   9              		.eabi_attribute 30, 6
  10              		.eabi_attribute 34, 0
  11              		.eabi_attribute 18, 4
  12              		.code	16
  13              		.file	"arm_biquad_cascade_df1_32x64_init_q31.c"
  14              		.text
  15              	.Ltext0:
  16              		.cfi_sections	.debug_frame
  17              		.section	.text.arm_biquad_cas_df1_32x64_init_q31,"ax",%progbits
  18              		.align	2
  19              		.global	arm_biquad_cas_df1_32x64_init_q31
  20              		.code	16
  21              		.thumb_func
  22              		.type	arm_biquad_cas_df1_32x64_init_q31, %function
  23              	arm_biquad_cas_df1_32x64_init_q31:
  24              	.LFB82:
  25              		.file 1 "Source\\FilteringFunctions\\arm_biquad_cascade_df1_32x64_init_q31.c"
   1:Source\FilteringFunctions/arm_biquad_cascade_df1_32x64_init_q31.c **** /* ----------------------------------------------------------------------
   2:Source\FilteringFunctions/arm_biquad_cascade_df1_32x64_init_q31.c ****  * Project:      CMSIS DSP Library
   3:Source\FilteringFunctions/arm_biquad_cascade_df1_32x64_init_q31.c ****  * Title:        arm_biquad_cascade_df1_32x64_init_q31.c
   4:Source\FilteringFunctions/arm_biquad_cascade_df1_32x64_init_q31.c ****  * Description:  High precision Q31 Biquad cascade filter initialization function
   5:Source\FilteringFunctions/arm_biquad_cascade_df1_32x64_init_q31.c ****  *
   6:Source\FilteringFunctions/arm_biquad_cascade_df1_32x64_init_q31.c ****  * $Date:        27. January 2017
   7:Source\FilteringFunctions/arm_biquad_cascade_df1_32x64_init_q31.c ****  * $Revision:    V.1.5.1
   8:Source\FilteringFunctions/arm_biquad_cascade_df1_32x64_init_q31.c ****  *
   9:Source\FilteringFunctions/arm_biquad_cascade_df1_32x64_init_q31.c ****  * Target Processor: Cortex-M cores
  10:Source\FilteringFunctions/arm_biquad_cascade_df1_32x64_init_q31.c ****  * -------------------------------------------------------------------- */
  11:Source\FilteringFunctions/arm_biquad_cascade_df1_32x64_init_q31.c **** /*
  12:Source\FilteringFunctions/arm_biquad_cascade_df1_32x64_init_q31.c ****  * Copyright (C) 2010-2017 ARM Limited or its affiliates. All rights reserved.
  13:Source\FilteringFunctions/arm_biquad_cascade_df1_32x64_init_q31.c ****  *
  14:Source\FilteringFunctions/arm_biquad_cascade_df1_32x64_init_q31.c ****  * SPDX-License-Identifier: Apache-2.0
  15:Source\FilteringFunctions/arm_biquad_cascade_df1_32x64_init_q31.c ****  *
  16:Source\FilteringFunctions/arm_biquad_cascade_df1_32x64_init_q31.c ****  * Licensed under the Apache License, Version 2.0 (the License); you may
  17:Source\FilteringFunctions/arm_biquad_cascade_df1_32x64_init_q31.c ****  * not use this file except in compliance with the License.
  18:Source\FilteringFunctions/arm_biquad_cascade_df1_32x64_init_q31.c ****  * You may obtain a copy of the License at
  19:Source\FilteringFunctions/arm_biquad_cascade_df1_32x64_init_q31.c ****  *
  20:Source\FilteringFunctions/arm_biquad_cascade_df1_32x64_init_q31.c ****  * www.apache.org/licenses/LICENSE-2.0
  21:Source\FilteringFunctions/arm_biquad_cascade_df1_32x64_init_q31.c ****  *
  22:Source\FilteringFunctions/arm_biquad_cascade_df1_32x64_init_q31.c ****  * Unless required by applicable law or agreed to in writing, software
  23:Source\FilteringFunctions/arm_biquad_cascade_df1_32x64_init_q31.c ****  * distributed under the License is distributed on an AS IS BASIS, WITHOUT
  24:Source\FilteringFunctions/arm_biquad_cascade_df1_32x64_init_q31.c ****  * WARRANTIES OR CONDITIONS OF ANY KIND, either express or implied.
  25:Source\FilteringFunctions/arm_biquad_cascade_df1_32x64_init_q31.c ****  * See the License for the specific language governing permissions and
  26:Source\FilteringFunctions/arm_biquad_cascade_df1_32x64_init_q31.c ****  * limitations under the License.
  27:Source\FilteringFunctions/arm_biquad_cascade_df1_32x64_init_q31.c ****  */
  28:Source\FilteringFunctions/arm_biquad_cascade_df1_32x64_init_q31.c **** 
  29:Source\FilteringFunctions/arm_biquad_cascade_df1_32x64_init_q31.c **** #include "arm_math.h"
  30:Source\FilteringFunctions/arm_biquad_cascade_df1_32x64_init_q31.c **** 
  31:Source\FilteringFunctions/arm_biquad_cascade_df1_32x64_init_q31.c **** /**
  32:Source\FilteringFunctions/arm_biquad_cascade_df1_32x64_init_q31.c ****  * @ingroup groupFilters
ARM GAS  C:\Users\fneves\AppData\Local\Temp\ccUETTSu.s 			page 2


  33:Source\FilteringFunctions/arm_biquad_cascade_df1_32x64_init_q31.c ****  */
  34:Source\FilteringFunctions/arm_biquad_cascade_df1_32x64_init_q31.c **** 
  35:Source\FilteringFunctions/arm_biquad_cascade_df1_32x64_init_q31.c **** /**
  36:Source\FilteringFunctions/arm_biquad_cascade_df1_32x64_init_q31.c ****  * @addtogroup BiquadCascadeDF1_32x64
  37:Source\FilteringFunctions/arm_biquad_cascade_df1_32x64_init_q31.c ****  * @{
  38:Source\FilteringFunctions/arm_biquad_cascade_df1_32x64_init_q31.c ****  */
  39:Source\FilteringFunctions/arm_biquad_cascade_df1_32x64_init_q31.c **** 
  40:Source\FilteringFunctions/arm_biquad_cascade_df1_32x64_init_q31.c **** /**
  41:Source\FilteringFunctions/arm_biquad_cascade_df1_32x64_init_q31.c ****  * @details
  42:Source\FilteringFunctions/arm_biquad_cascade_df1_32x64_init_q31.c ****  *
  43:Source\FilteringFunctions/arm_biquad_cascade_df1_32x64_init_q31.c ****  * @param[in,out] *S           	points to an instance of the high precision Q31 Biquad cascade filt
  44:Source\FilteringFunctions/arm_biquad_cascade_df1_32x64_init_q31.c ****  * @param[in]     numStages     number of 2nd order stages in the filter.
  45:Source\FilteringFunctions/arm_biquad_cascade_df1_32x64_init_q31.c ****  * @param[in]     *pCoeffs      points to the filter coefficients.
  46:Source\FilteringFunctions/arm_biquad_cascade_df1_32x64_init_q31.c ****  * @param[in]     *pState       points to the state buffer.
  47:Source\FilteringFunctions/arm_biquad_cascade_df1_32x64_init_q31.c ****  * @param[in]     postShift     Shift to be applied after the accumulator.  Varies according to the
  48:Source\FilteringFunctions/arm_biquad_cascade_df1_32x64_init_q31.c ****  * @return        none
  49:Source\FilteringFunctions/arm_biquad_cascade_df1_32x64_init_q31.c ****  *
  50:Source\FilteringFunctions/arm_biquad_cascade_df1_32x64_init_q31.c ****  * <b>Coefficient and State Ordering:</b>
  51:Source\FilteringFunctions/arm_biquad_cascade_df1_32x64_init_q31.c ****  *
  52:Source\FilteringFunctions/arm_biquad_cascade_df1_32x64_init_q31.c ****  * \par
  53:Source\FilteringFunctions/arm_biquad_cascade_df1_32x64_init_q31.c ****  * The coefficients are stored in the array <code>pCoeffs</code> in the following order:
  54:Source\FilteringFunctions/arm_biquad_cascade_df1_32x64_init_q31.c ****  * <pre>
  55:Source\FilteringFunctions/arm_biquad_cascade_df1_32x64_init_q31.c ****  *     {b10, b11, b12, a11, a12, b20, b21, b22, a21, a22, ...}
  56:Source\FilteringFunctions/arm_biquad_cascade_df1_32x64_init_q31.c ****  * </pre>
  57:Source\FilteringFunctions/arm_biquad_cascade_df1_32x64_init_q31.c ****  * where <code>b1x</code> and <code>a1x</code> are the coefficients for the first stage,
  58:Source\FilteringFunctions/arm_biquad_cascade_df1_32x64_init_q31.c ****  * <code>b2x</code> and <code>a2x</code> are the coefficients for the second stage,
  59:Source\FilteringFunctions/arm_biquad_cascade_df1_32x64_init_q31.c ****  * and so on.  The <code>pCoeffs</code> array contains a total of <code>5*numStages</code> values.
  60:Source\FilteringFunctions/arm_biquad_cascade_df1_32x64_init_q31.c ****  *
  61:Source\FilteringFunctions/arm_biquad_cascade_df1_32x64_init_q31.c ****  * \par
  62:Source\FilteringFunctions/arm_biquad_cascade_df1_32x64_init_q31.c ****  * The <code>pState</code> points to state variables array and size of each state variable is 1.63 
  63:Source\FilteringFunctions/arm_biquad_cascade_df1_32x64_init_q31.c ****  * Each Biquad stage has 4 state variables <code>x[n-1], x[n-2], y[n-1],</code> and <code>y[n-2]</c
  64:Source\FilteringFunctions/arm_biquad_cascade_df1_32x64_init_q31.c ****  * The state variables are arranged in the state array as:
  65:Source\FilteringFunctions/arm_biquad_cascade_df1_32x64_init_q31.c ****  * <pre>
  66:Source\FilteringFunctions/arm_biquad_cascade_df1_32x64_init_q31.c ****  *     {x[n-1], x[n-2], y[n-1], y[n-2]}
  67:Source\FilteringFunctions/arm_biquad_cascade_df1_32x64_init_q31.c ****  * </pre>
  68:Source\FilteringFunctions/arm_biquad_cascade_df1_32x64_init_q31.c ****  * The 4 state variables for stage 1 are first, then the 4 state variables for stage 2, and so on.
  69:Source\FilteringFunctions/arm_biquad_cascade_df1_32x64_init_q31.c ****  * The state array has a total length of <code>4*numStages</code> values.
  70:Source\FilteringFunctions/arm_biquad_cascade_df1_32x64_init_q31.c ****  * The state variables are updated after each block of data is processed; the coefficients are unto
  71:Source\FilteringFunctions/arm_biquad_cascade_df1_32x64_init_q31.c ****  */
  72:Source\FilteringFunctions/arm_biquad_cascade_df1_32x64_init_q31.c **** 
  73:Source\FilteringFunctions/arm_biquad_cascade_df1_32x64_init_q31.c **** void arm_biquad_cas_df1_32x64_init_q31(
  74:Source\FilteringFunctions/arm_biquad_cascade_df1_32x64_init_q31.c ****   arm_biquad_cas_df1_32x64_ins_q31 * S,
  75:Source\FilteringFunctions/arm_biquad_cascade_df1_32x64_init_q31.c ****   uint8_t numStages,
  76:Source\FilteringFunctions/arm_biquad_cascade_df1_32x64_init_q31.c ****   q31_t * pCoeffs,
  77:Source\FilteringFunctions/arm_biquad_cascade_df1_32x64_init_q31.c ****   q63_t * pState,
  78:Source\FilteringFunctions/arm_biquad_cascade_df1_32x64_init_q31.c ****   uint8_t postShift)
  79:Source\FilteringFunctions/arm_biquad_cascade_df1_32x64_init_q31.c **** {
  26              		.loc 1 79 0
  27              		.cfi_startproc
  28 0000 80B5     		push	{r7, lr}
  29              		.cfi_def_cfa_offset 8
  30              		.cfi_offset 7, -8
  31              		.cfi_offset 14, -4
  32 0002 84B0     		sub	sp, sp, #16
  33              		.cfi_def_cfa_offset 24
  34 0004 00AF     		add	r7, sp, #0
  35              		.cfi_def_cfa_register 7
ARM GAS  C:\Users\fneves\AppData\Local\Temp\ccUETTSu.s 			page 3


  36 0006 F860     		str	r0, [r7, #12]
  37 0008 7A60     		str	r2, [r7, #4]
  38 000a 3B60     		str	r3, [r7]
  39 000c 0B23     		mov	r3, #11
  40 000e FB18     		add	r3, r7, r3
  41 0010 0A1C     		add	r2, r1, #0
  42 0012 1A70     		strb	r2, [r3]
  80:Source\FilteringFunctions/arm_biquad_cascade_df1_32x64_init_q31.c ****   /* Assign filter stages */
  81:Source\FilteringFunctions/arm_biquad_cascade_df1_32x64_init_q31.c ****   S->numStages = numStages;
  43              		.loc 1 81 0
  44 0014 FB68     		ldr	r3, [r7, #12]
  45 0016 0B22     		mov	r2, #11
  46 0018 BA18     		add	r2, r7, r2
  47 001a 1278     		ldrb	r2, [r2]
  48 001c 1A70     		strb	r2, [r3]
  82:Source\FilteringFunctions/arm_biquad_cascade_df1_32x64_init_q31.c **** 
  83:Source\FilteringFunctions/arm_biquad_cascade_df1_32x64_init_q31.c ****   /* Assign postShift to be applied to the output */
  84:Source\FilteringFunctions/arm_biquad_cascade_df1_32x64_init_q31.c ****   S->postShift = postShift;
  49              		.loc 1 84 0
  50 001e FB68     		ldr	r3, [r7, #12]
  51 0020 1822     		mov	r2, #24
  52 0022 BA18     		add	r2, r7, r2
  53 0024 1278     		ldrb	r2, [r2]
  54 0026 1A73     		strb	r2, [r3, #12]
  85:Source\FilteringFunctions/arm_biquad_cascade_df1_32x64_init_q31.c **** 
  86:Source\FilteringFunctions/arm_biquad_cascade_df1_32x64_init_q31.c ****   /* Assign coefficient pointer */
  87:Source\FilteringFunctions/arm_biquad_cascade_df1_32x64_init_q31.c ****   S->pCoeffs = pCoeffs;
  55              		.loc 1 87 0
  56 0028 FB68     		ldr	r3, [r7, #12]
  57 002a 7A68     		ldr	r2, [r7, #4]
  58 002c 9A60     		str	r2, [r3, #8]
  88:Source\FilteringFunctions/arm_biquad_cascade_df1_32x64_init_q31.c **** 
  89:Source\FilteringFunctions/arm_biquad_cascade_df1_32x64_init_q31.c ****   /* Clear state buffer and size is always 4 * numStages */
  90:Source\FilteringFunctions/arm_biquad_cascade_df1_32x64_init_q31.c ****   memset(pState, 0, (4u * (uint32_t) numStages) * sizeof(q63_t));
  59              		.loc 1 90 0
  60 002e 0B23     		mov	r3, #11
  61 0030 FB18     		add	r3, r7, r3
  62 0032 1B78     		ldrb	r3, [r3]
  63 0034 5B01     		lsl	r3, r3, #5
  64 0036 3A68     		ldr	r2, [r7]
  65 0038 101C     		mov	r0, r2
  66 003a 0021     		mov	r1, #0
  67 003c 1A1C     		mov	r2, r3
  68 003e FFF7FEFF 		bl	memset
  91:Source\FilteringFunctions/arm_biquad_cascade_df1_32x64_init_q31.c **** 
  92:Source\FilteringFunctions/arm_biquad_cascade_df1_32x64_init_q31.c ****   /* Assign state pointer */
  93:Source\FilteringFunctions/arm_biquad_cascade_df1_32x64_init_q31.c ****   S->pState = pState;
  69              		.loc 1 93 0
  70 0042 FB68     		ldr	r3, [r7, #12]
  71 0044 3A68     		ldr	r2, [r7]
  72 0046 5A60     		str	r2, [r3, #4]
  94:Source\FilteringFunctions/arm_biquad_cascade_df1_32x64_init_q31.c **** }
  73              		.loc 1 94 0
  74 0048 BD46     		mov	sp, r7
  75 004a 04B0     		add	sp, sp, #16
  76              		@ sp needed
  77 004c 80BD     		pop	{r7, pc}
ARM GAS  C:\Users\fneves\AppData\Local\Temp\ccUETTSu.s 			page 4


  78              		.cfi_endproc
  79              	.LFE82:
  80              		.size	arm_biquad_cas_df1_32x64_init_q31, .-arm_biquad_cas_df1_32x64_init_q31
  81 004e C046     		.text
  82              	.Letext0:
  83              		.file 2 "c:\\program files (x86)\\cypress\\psoc creator\\4.0\\psoc creator\\import\\gnu\\arm\\4.9.
  84              		.file 3 "c:\\program files (x86)\\cypress\\psoc creator\\4.0\\psoc creator\\import\\gnu\\arm\\4.9.
  85              		.file 4 ".\\Include/arm_math.h"
  86              		.section	.debug_info,"",%progbits
  87              	.Ldebug_info0:
  88 0000 B1010000 		.4byte	0x1b1
  89 0004 0400     		.2byte	0x4
  90 0006 00000000 		.4byte	.Ldebug_abbrev0
  91 000a 04       		.byte	0x4
  92 000b 01       		.uleb128 0x1
  93 000c 56010000 		.4byte	.LASF29
  94 0010 01       		.byte	0x1
  95 0011 14010000 		.4byte	.LASF30
  96 0015 3D000000 		.4byte	.LASF31
  97 0019 00000000 		.4byte	.Ldebug_ranges0+0
  98 001d 00000000 		.4byte	0
  99 0021 00000000 		.4byte	.Ldebug_line0
 100 0025 02       		.uleb128 0x2
 101 0026 01       		.byte	0x1
 102 0027 06       		.byte	0x6
 103 0028 49020000 		.4byte	.LASF0
 104 002c 03       		.uleb128 0x3
 105 002d 08000000 		.4byte	.LASF4
 106 0031 02       		.byte	0x2
 107 0032 1D       		.byte	0x1d
 108 0033 37000000 		.4byte	0x37
 109 0037 02       		.uleb128 0x2
 110 0038 01       		.byte	0x1
 111 0039 08       		.byte	0x8
 112 003a AE000000 		.4byte	.LASF1
 113 003e 02       		.uleb128 0x2
 114 003f 02       		.byte	0x2
 115 0040 05       		.byte	0x5
 116 0041 19020000 		.4byte	.LASF2
 117 0045 02       		.uleb128 0x2
 118 0046 02       		.byte	0x2
 119 0047 07       		.byte	0x7
 120 0048 CE000000 		.4byte	.LASF3
 121 004c 03       		.uleb128 0x3
 122 004d 33000000 		.4byte	.LASF5
 123 0051 02       		.byte	0x2
 124 0052 3F       		.byte	0x3f
 125 0053 57000000 		.4byte	0x57
 126 0057 02       		.uleb128 0x2
 127 0058 04       		.byte	0x4
 128 0059 05       		.byte	0x5
 129 005a 34020000 		.4byte	.LASF6
 130 005e 03       		.uleb128 0x3
 131 005f FC000000 		.4byte	.LASF7
 132 0063 02       		.byte	0x2
 133 0064 41       		.byte	0x41
 134 0065 69000000 		.4byte	0x69
ARM GAS  C:\Users\fneves\AppData\Local\Temp\ccUETTSu.s 			page 5


 135 0069 02       		.uleb128 0x2
 136 006a 04       		.byte	0x4
 137 006b 07       		.byte	0x7
 138 006c BC000000 		.4byte	.LASF8
 139 0070 03       		.uleb128 0x3
 140 0071 EB000000 		.4byte	.LASF9
 141 0075 02       		.byte	0x2
 142 0076 59       		.byte	0x59
 143 0077 7B000000 		.4byte	0x7b
 144 007b 02       		.uleb128 0x2
 145 007c 08       		.byte	0x8
 146 007d 05       		.byte	0x5
 147 007e FF010000 		.4byte	.LASF10
 148 0082 02       		.uleb128 0x2
 149 0083 08       		.byte	0x8
 150 0084 07       		.byte	0x7
 151 0085 91000000 		.4byte	.LASF11
 152 0089 04       		.uleb128 0x4
 153 008a 04       		.byte	0x4
 154 008b 05       		.byte	0x5
 155 008c 696E7400 		.ascii	"int\000"
 156 0090 02       		.uleb128 0x2
 157 0091 04       		.byte	0x4
 158 0092 07       		.byte	0x7
 159 0093 07010000 		.4byte	.LASF12
 160 0097 03       		.uleb128 0x3
 161 0098 83000000 		.4byte	.LASF13
 162 009c 03       		.byte	0x3
 163 009d 15       		.byte	0x15
 164 009e 2C000000 		.4byte	0x2c
 165 00a2 03       		.uleb128 0x3
 166 00a3 EE010000 		.4byte	.LASF14
 167 00a7 03       		.byte	0x3
 168 00a8 2C       		.byte	0x2c
 169 00a9 4C000000 		.4byte	0x4c
 170 00ad 03       		.uleb128 0x3
 171 00ae 2B020000 		.4byte	.LASF15
 172 00b2 03       		.byte	0x3
 173 00b3 2D       		.byte	0x2d
 174 00b4 5E000000 		.4byte	0x5e
 175 00b8 03       		.uleb128 0x3
 176 00b9 00000000 		.4byte	.LASF16
 177 00bd 03       		.byte	0x3
 178 00be 38       		.byte	0x38
 179 00bf 70000000 		.4byte	0x70
 180 00c3 02       		.uleb128 0x2
 181 00c4 04       		.byte	0x4
 182 00c5 07       		.byte	0x7
 183 00c6 F6010000 		.4byte	.LASF17
 184 00ca 02       		.uleb128 0x2
 185 00cb 01       		.byte	0x1
 186 00cc 08       		.byte	0x8
 187 00cd 14020000 		.4byte	.LASF18
 188 00d1 02       		.uleb128 0x2
 189 00d2 08       		.byte	0x8
 190 00d3 04       		.byte	0x4
 191 00d4 F5000000 		.4byte	.LASF19
ARM GAS  C:\Users\fneves\AppData\Local\Temp\ccUETTSu.s 			page 6


 192 00d8 02       		.uleb128 0x2
 193 00d9 04       		.byte	0x4
 194 00da 04       		.byte	0x4
 195 00db 8B000000 		.4byte	.LASF20
 196 00df 02       		.uleb128 0x2
 197 00e0 08       		.byte	0x8
 198 00e1 04       		.byte	0x4
 199 00e2 3D020000 		.4byte	.LASF21
 200 00e6 05       		.uleb128 0x5
 201 00e7 A8000000 		.4byte	.LASF22
 202 00eb 04       		.byte	0x4
 203 00ec 9B01     		.2byte	0x19b
 204 00ee A2000000 		.4byte	0xa2
 205 00f2 05       		.uleb128 0x5
 206 00f3 E8010000 		.4byte	.LASF23
 207 00f7 04       		.byte	0x4
 208 00f8 A001     		.2byte	0x1a0
 209 00fa B8000000 		.4byte	0xb8
 210 00fe 06       		.uleb128 0x6
 211 00ff 04       		.byte	0x4
 212 0100 E6000000 		.4byte	0xe6
 213 0104 07       		.uleb128 0x7
 214 0105 10       		.byte	0x10
 215 0106 04       		.byte	0x4
 216 0107 310E     		.2byte	0xe31
 217 0109 42010000 		.4byte	0x142
 218 010d 08       		.uleb128 0x8
 219 010e 77020000 		.4byte	.LASF24
 220 0112 04       		.byte	0x4
 221 0113 330E     		.2byte	0xe33
 222 0115 97000000 		.4byte	0x97
 223 0119 00       		.byte	0
 224 011a 08       		.uleb128 0x8
 225 011b 0D020000 		.4byte	.LASF25
 226 011f 04       		.byte	0x4
 227 0120 340E     		.2byte	0xe34
 228 0122 42010000 		.4byte	0x142
 229 0126 04       		.byte	0x4
 230 0127 08       		.uleb128 0x8
 231 0128 23020000 		.4byte	.LASF26
 232 012c 04       		.byte	0x4
 233 012d 350E     		.2byte	0xe35
 234 012f FE000000 		.4byte	0xfe
 235 0133 08       		.byte	0x8
 236 0134 08       		.uleb128 0x8
 237 0135 E1000000 		.4byte	.LASF27
 238 0139 04       		.byte	0x4
 239 013a 360E     		.2byte	0xe36
 240 013c 97000000 		.4byte	0x97
 241 0140 0C       		.byte	0xc
 242 0141 00       		.byte	0
 243 0142 06       		.uleb128 0x6
 244 0143 04       		.byte	0x4
 245 0144 F2000000 		.4byte	0xf2
 246 0148 05       		.uleb128 0x5
 247 0149 12000000 		.4byte	.LASF28
 248 014d 04       		.byte	0x4
ARM GAS  C:\Users\fneves\AppData\Local\Temp\ccUETTSu.s 			page 7


 249 014e 370E     		.2byte	0xe37
 250 0150 04010000 		.4byte	0x104
 251 0154 09       		.uleb128 0x9
 252 0155 55020000 		.4byte	.LASF32
 253 0159 01       		.byte	0x1
 254 015a 49       		.byte	0x49
 255 015b 00000000 		.4byte	.LFB82
 256 015f 4E000000 		.4byte	.LFE82-.LFB82
 257 0163 01       		.uleb128 0x1
 258 0164 9C       		.byte	0x9c
 259 0165 AE010000 		.4byte	0x1ae
 260 0169 0A       		.uleb128 0xa
 261 016a 5300     		.ascii	"S\000"
 262 016c 01       		.byte	0x1
 263 016d 4A       		.byte	0x4a
 264 016e AE010000 		.4byte	0x1ae
 265 0172 02       		.uleb128 0x2
 266 0173 91       		.byte	0x91
 267 0174 74       		.sleb128 -12
 268 0175 0B       		.uleb128 0xb
 269 0176 77020000 		.4byte	.LASF24
 270 017a 01       		.byte	0x1
 271 017b 4B       		.byte	0x4b
 272 017c 97000000 		.4byte	0x97
 273 0180 02       		.uleb128 0x2
 274 0181 91       		.byte	0x91
 275 0182 73       		.sleb128 -13
 276 0183 0B       		.uleb128 0xb
 277 0184 23020000 		.4byte	.LASF26
 278 0188 01       		.byte	0x1
 279 0189 4C       		.byte	0x4c
 280 018a FE000000 		.4byte	0xfe
 281 018e 02       		.uleb128 0x2
 282 018f 91       		.byte	0x91
 283 0190 6C       		.sleb128 -20
 284 0191 0B       		.uleb128 0xb
 285 0192 0D020000 		.4byte	.LASF25
 286 0196 01       		.byte	0x1
 287 0197 4D       		.byte	0x4d
 288 0198 42010000 		.4byte	0x142
 289 019c 02       		.uleb128 0x2
 290 019d 91       		.byte	0x91
 291 019e 68       		.sleb128 -24
 292 019f 0B       		.uleb128 0xb
 293 01a0 E1000000 		.4byte	.LASF27
 294 01a4 01       		.byte	0x1
 295 01a5 4E       		.byte	0x4e
 296 01a6 97000000 		.4byte	0x97
 297 01aa 02       		.uleb128 0x2
 298 01ab 91       		.byte	0x91
 299 01ac 00       		.sleb128 0
 300 01ad 00       		.byte	0
 301 01ae 06       		.uleb128 0x6
 302 01af 04       		.byte	0x4
 303 01b0 48010000 		.4byte	0x148
 304 01b4 00       		.byte	0
 305              		.section	.debug_abbrev,"",%progbits
ARM GAS  C:\Users\fneves\AppData\Local\Temp\ccUETTSu.s 			page 8


 306              	.Ldebug_abbrev0:
 307 0000 01       		.uleb128 0x1
 308 0001 11       		.uleb128 0x11
 309 0002 01       		.byte	0x1
 310 0003 25       		.uleb128 0x25
 311 0004 0E       		.uleb128 0xe
 312 0005 13       		.uleb128 0x13
 313 0006 0B       		.uleb128 0xb
 314 0007 03       		.uleb128 0x3
 315 0008 0E       		.uleb128 0xe
 316 0009 1B       		.uleb128 0x1b
 317 000a 0E       		.uleb128 0xe
 318 000b 55       		.uleb128 0x55
 319 000c 17       		.uleb128 0x17
 320 000d 11       		.uleb128 0x11
 321 000e 01       		.uleb128 0x1
 322 000f 10       		.uleb128 0x10
 323 0010 17       		.uleb128 0x17
 324 0011 00       		.byte	0
 325 0012 00       		.byte	0
 326 0013 02       		.uleb128 0x2
 327 0014 24       		.uleb128 0x24
 328 0015 00       		.byte	0
 329 0016 0B       		.uleb128 0xb
 330 0017 0B       		.uleb128 0xb
 331 0018 3E       		.uleb128 0x3e
 332 0019 0B       		.uleb128 0xb
 333 001a 03       		.uleb128 0x3
 334 001b 0E       		.uleb128 0xe
 335 001c 00       		.byte	0
 336 001d 00       		.byte	0
 337 001e 03       		.uleb128 0x3
 338 001f 16       		.uleb128 0x16
 339 0020 00       		.byte	0
 340 0021 03       		.uleb128 0x3
 341 0022 0E       		.uleb128 0xe
 342 0023 3A       		.uleb128 0x3a
 343 0024 0B       		.uleb128 0xb
 344 0025 3B       		.uleb128 0x3b
 345 0026 0B       		.uleb128 0xb
 346 0027 49       		.uleb128 0x49
 347 0028 13       		.uleb128 0x13
 348 0029 00       		.byte	0
 349 002a 00       		.byte	0
 350 002b 04       		.uleb128 0x4
 351 002c 24       		.uleb128 0x24
 352 002d 00       		.byte	0
 353 002e 0B       		.uleb128 0xb
 354 002f 0B       		.uleb128 0xb
 355 0030 3E       		.uleb128 0x3e
 356 0031 0B       		.uleb128 0xb
 357 0032 03       		.uleb128 0x3
 358 0033 08       		.uleb128 0x8
 359 0034 00       		.byte	0
 360 0035 00       		.byte	0
 361 0036 05       		.uleb128 0x5
 362 0037 16       		.uleb128 0x16
ARM GAS  C:\Users\fneves\AppData\Local\Temp\ccUETTSu.s 			page 9


 363 0038 00       		.byte	0
 364 0039 03       		.uleb128 0x3
 365 003a 0E       		.uleb128 0xe
 366 003b 3A       		.uleb128 0x3a
 367 003c 0B       		.uleb128 0xb
 368 003d 3B       		.uleb128 0x3b
 369 003e 05       		.uleb128 0x5
 370 003f 49       		.uleb128 0x49
 371 0040 13       		.uleb128 0x13
 372 0041 00       		.byte	0
 373 0042 00       		.byte	0
 374 0043 06       		.uleb128 0x6
 375 0044 0F       		.uleb128 0xf
 376 0045 00       		.byte	0
 377 0046 0B       		.uleb128 0xb
 378 0047 0B       		.uleb128 0xb
 379 0048 49       		.uleb128 0x49
 380 0049 13       		.uleb128 0x13
 381 004a 00       		.byte	0
 382 004b 00       		.byte	0
 383 004c 07       		.uleb128 0x7
 384 004d 13       		.uleb128 0x13
 385 004e 01       		.byte	0x1
 386 004f 0B       		.uleb128 0xb
 387 0050 0B       		.uleb128 0xb
 388 0051 3A       		.uleb128 0x3a
 389 0052 0B       		.uleb128 0xb
 390 0053 3B       		.uleb128 0x3b
 391 0054 05       		.uleb128 0x5
 392 0055 01       		.uleb128 0x1
 393 0056 13       		.uleb128 0x13
 394 0057 00       		.byte	0
 395 0058 00       		.byte	0
 396 0059 08       		.uleb128 0x8
 397 005a 0D       		.uleb128 0xd
 398 005b 00       		.byte	0
 399 005c 03       		.uleb128 0x3
 400 005d 0E       		.uleb128 0xe
 401 005e 3A       		.uleb128 0x3a
 402 005f 0B       		.uleb128 0xb
 403 0060 3B       		.uleb128 0x3b
 404 0061 05       		.uleb128 0x5
 405 0062 49       		.uleb128 0x49
 406 0063 13       		.uleb128 0x13
 407 0064 38       		.uleb128 0x38
 408 0065 0B       		.uleb128 0xb
 409 0066 00       		.byte	0
 410 0067 00       		.byte	0
 411 0068 09       		.uleb128 0x9
 412 0069 2E       		.uleb128 0x2e
 413 006a 01       		.byte	0x1
 414 006b 3F       		.uleb128 0x3f
 415 006c 19       		.uleb128 0x19
 416 006d 03       		.uleb128 0x3
 417 006e 0E       		.uleb128 0xe
 418 006f 3A       		.uleb128 0x3a
 419 0070 0B       		.uleb128 0xb
ARM GAS  C:\Users\fneves\AppData\Local\Temp\ccUETTSu.s 			page 10


 420 0071 3B       		.uleb128 0x3b
 421 0072 0B       		.uleb128 0xb
 422 0073 27       		.uleb128 0x27
 423 0074 19       		.uleb128 0x19
 424 0075 11       		.uleb128 0x11
 425 0076 01       		.uleb128 0x1
 426 0077 12       		.uleb128 0x12
 427 0078 06       		.uleb128 0x6
 428 0079 40       		.uleb128 0x40
 429 007a 18       		.uleb128 0x18
 430 007b 9642     		.uleb128 0x2116
 431 007d 19       		.uleb128 0x19
 432 007e 01       		.uleb128 0x1
 433 007f 13       		.uleb128 0x13
 434 0080 00       		.byte	0
 435 0081 00       		.byte	0
 436 0082 0A       		.uleb128 0xa
 437 0083 05       		.uleb128 0x5
 438 0084 00       		.byte	0
 439 0085 03       		.uleb128 0x3
 440 0086 08       		.uleb128 0x8
 441 0087 3A       		.uleb128 0x3a
 442 0088 0B       		.uleb128 0xb
 443 0089 3B       		.uleb128 0x3b
 444 008a 0B       		.uleb128 0xb
 445 008b 49       		.uleb128 0x49
 446 008c 13       		.uleb128 0x13
 447 008d 02       		.uleb128 0x2
 448 008e 18       		.uleb128 0x18
 449 008f 00       		.byte	0
 450 0090 00       		.byte	0
 451 0091 0B       		.uleb128 0xb
 452 0092 05       		.uleb128 0x5
 453 0093 00       		.byte	0
 454 0094 03       		.uleb128 0x3
 455 0095 0E       		.uleb128 0xe
 456 0096 3A       		.uleb128 0x3a
 457 0097 0B       		.uleb128 0xb
 458 0098 3B       		.uleb128 0x3b
 459 0099 0B       		.uleb128 0xb
 460 009a 49       		.uleb128 0x49
 461 009b 13       		.uleb128 0x13
 462 009c 02       		.uleb128 0x2
 463 009d 18       		.uleb128 0x18
 464 009e 00       		.byte	0
 465 009f 00       		.byte	0
 466 00a0 00       		.byte	0
 467              		.section	.debug_aranges,"",%progbits
 468 0000 1C000000 		.4byte	0x1c
 469 0004 0200     		.2byte	0x2
 470 0006 00000000 		.4byte	.Ldebug_info0
 471 000a 04       		.byte	0x4
 472 000b 00       		.byte	0
 473 000c 0000     		.2byte	0
 474 000e 0000     		.2byte	0
 475 0010 00000000 		.4byte	.LFB82
 476 0014 4E000000 		.4byte	.LFE82-.LFB82
ARM GAS  C:\Users\fneves\AppData\Local\Temp\ccUETTSu.s 			page 11


 477 0018 00000000 		.4byte	0
 478 001c 00000000 		.4byte	0
 479              		.section	.debug_ranges,"",%progbits
 480              	.Ldebug_ranges0:
 481 0000 00000000 		.4byte	.LFB82
 482 0004 4E000000 		.4byte	.LFE82
 483 0008 00000000 		.4byte	0
 484 000c 00000000 		.4byte	0
 485              		.section	.debug_line,"",%progbits
 486              	.Ldebug_line0:
 487 0000 84010000 		.section	.debug_str,"MS",%progbits,1
 487      02006801 
 487      00000201 
 487      FB0E0D00 
 487      01010101 
 488              	.LASF16:
 489 0000 696E7436 		.ascii	"int64_t\000"
 489      345F7400 
 490              	.LASF4:
 491 0008 5F5F7569 		.ascii	"__uint8_t\000"
 491      6E74385F 
 491      7400
 492              	.LASF28:
 493 0012 61726D5F 		.ascii	"arm_biquad_cas_df1_32x64_ins_q31\000"
 493      62697175 
 493      61645F63 
 493      61735F64 
 493      66315F33 
 494              	.LASF5:
 495 0033 5F5F696E 		.ascii	"__int32_t\000"
 495      7433325F 
 495      7400
 496              	.LASF31:
 497 003d 433A5C55 		.ascii	"C:\\Users\\fneves\\Documents\\PSoC Creator\\wp_1\\e"
 497      73657273 
 497      5C666E65 
 497      7665735C 
 497      446F6375 
 498 006a 6E67696E 		.ascii	"ngine_speed_sensor.cydsn\000"
 498      655F7370 
 498      6565645F 
 498      73656E73 
 498      6F722E63 
 499              	.LASF13:
 500 0083 75696E74 		.ascii	"uint8_t\000"
 500      385F7400 
 501              	.LASF20:
 502 008b 666C6F61 		.ascii	"float\000"
 502      7400
 503              	.LASF11:
 504 0091 6C6F6E67 		.ascii	"long long unsigned int\000"
 504      206C6F6E 
 504      6720756E 
 504      7369676E 
 504      65642069 
 505              	.LASF22:
 506 00a8 7133315F 		.ascii	"q31_t\000"
ARM GAS  C:\Users\fneves\AppData\Local\Temp\ccUETTSu.s 			page 12


 506      7400
 507              	.LASF1:
 508 00ae 756E7369 		.ascii	"unsigned char\000"
 508      676E6564 
 508      20636861 
 508      7200
 509              	.LASF8:
 510 00bc 6C6F6E67 		.ascii	"long unsigned int\000"
 510      20756E73 
 510      69676E65 
 510      6420696E 
 510      7400
 511              	.LASF3:
 512 00ce 73686F72 		.ascii	"short unsigned int\000"
 512      7420756E 
 512      7369676E 
 512      65642069 
 512      6E7400
 513              	.LASF27:
 514 00e1 706F7374 		.ascii	"postShift\000"
 514      53686966 
 514      7400
 515              	.LASF9:
 516 00eb 5F5F696E 		.ascii	"__int64_t\000"
 516      7436345F 
 516      7400
 517              	.LASF19:
 518 00f5 646F7562 		.ascii	"double\000"
 518      6C6500
 519              	.LASF7:
 520 00fc 5F5F7569 		.ascii	"__uint32_t\000"
 520      6E743332 
 520      5F7400
 521              	.LASF12:
 522 0107 756E7369 		.ascii	"unsigned int\000"
 522      676E6564 
 522      20696E74 
 522      00
 523              	.LASF30:
 524 0114 536F7572 		.ascii	"Source\\FilteringFunctions\\arm_biquad_cascade_df1_"
 524      63655C46 
 524      696C7465 
 524      72696E67 
 524      46756E63 
 525 0145 33327836 		.ascii	"32x64_init_q31.c\000"
 525      345F696E 
 525      69745F71 
 525      33312E63 
 525      00
 526              	.LASF29:
 527 0156 474E5520 		.ascii	"GNU C 4.9.3 20150303 (release) [ARM/embedded-4_9-br"
 527      4320342E 
 527      392E3320 
 527      32303135 
 527      30333033 
 528 0189 616E6368 		.ascii	"anch revision 221220] -mcpu=cortex-m0plus -mthumb -"
 528      20726576 
ARM GAS  C:\Users\fneves\AppData\Local\Temp\ccUETTSu.s 			page 13


 528      6973696F 
 528      6E203232 
 528      31323230 
 529 01bc 67202D4F 		.ascii	"g -O0 -ffunction-sections -ffat-lto-objects\000"
 529      30202D66 
 529      66756E63 
 529      74696F6E 
 529      2D736563 
 530              	.LASF23:
 531 01e8 7136335F 		.ascii	"q63_t\000"
 531      7400
 532              	.LASF14:
 533 01ee 696E7433 		.ascii	"int32_t\000"
 533      325F7400 
 534              	.LASF17:
 535 01f6 73697A65 		.ascii	"sizetype\000"
 535      74797065 
 535      00
 536              	.LASF10:
 537 01ff 6C6F6E67 		.ascii	"long long int\000"
 537      206C6F6E 
 537      6720696E 
 537      7400
 538              	.LASF25:
 539 020d 70537461 		.ascii	"pState\000"
 539      746500
 540              	.LASF18:
 541 0214 63686172 		.ascii	"char\000"
 541      00
 542              	.LASF2:
 543 0219 73686F72 		.ascii	"short int\000"
 543      7420696E 
 543      7400
 544              	.LASF26:
 545 0223 70436F65 		.ascii	"pCoeffs\000"
 545      66667300 
 546              	.LASF15:
 547 022b 75696E74 		.ascii	"uint32_t\000"
 547      33325F74 
 547      00
 548              	.LASF6:
 549 0234 6C6F6E67 		.ascii	"long int\000"
 549      20696E74 
 549      00
 550              	.LASF21:
 551 023d 6C6F6E67 		.ascii	"long double\000"
 551      20646F75 
 551      626C6500 
 552              	.LASF0:
 553 0249 7369676E 		.ascii	"signed char\000"
 553      65642063 
 553      68617200 
 554              	.LASF32:
 555 0255 61726D5F 		.ascii	"arm_biquad_cas_df1_32x64_init_q31\000"
 555      62697175 
 555      61645F63 
 555      61735F64 
ARM GAS  C:\Users\fneves\AppData\Local\Temp\ccUETTSu.s 			page 14


 555      66315F33 
 556              	.LASF24:
 557 0277 6E756D53 		.ascii	"numStages\000"
 557      74616765 
 557      7300
 558              		.ident	"GCC: (GNU Tools for ARM Embedded Processors) 4.9.3 20150303 (release) [ARM/embedded-4_9-br
