ARM GAS  C:\Users\fneves\AppData\Local\Temp\cci3Ndsy.s 			page 1


   1              		.cpu cortex-m0plus
   2              		.fpu softvfp
   3              		.eabi_attribute 20, 1
   4              		.eabi_attribute 21, 1
   5              		.eabi_attribute 23, 3
   6              		.eabi_attribute 24, 1
   7              		.eabi_attribute 25, 1
   8              		.eabi_attribute 26, 1
   9              		.eabi_attribute 30, 6
  10              		.eabi_attribute 34, 0
  11              		.eabi_attribute 18, 4
  12              		.code	16
  13              		.file	"arm_dot_prod_q7.c"
  14              		.text
  15              	.Ltext0:
  16              		.cfi_sections	.debug_frame
  17              		.section	.text.arm_dot_prod_q7,"ax",%progbits
  18              		.align	2
  19              		.global	arm_dot_prod_q7
  20              		.code	16
  21              		.thumb_func
  22              		.type	arm_dot_prod_q7, %function
  23              	arm_dot_prod_q7:
  24              	.LFB82:
  25              		.file 1 "Source\\BasicMathFunctions\\arm_dot_prod_q7.c"
   1:Source\BasicMathFunctions/arm_dot_prod_q7.c **** /* ----------------------------------------------------------------------
   2:Source\BasicMathFunctions/arm_dot_prod_q7.c ****  * Project:      CMSIS DSP Library
   3:Source\BasicMathFunctions/arm_dot_prod_q7.c ****  * Title:        arm_dot_prod_q7.c
   4:Source\BasicMathFunctions/arm_dot_prod_q7.c ****  * Description:  Q7 dot product
   5:Source\BasicMathFunctions/arm_dot_prod_q7.c ****  *
   6:Source\BasicMathFunctions/arm_dot_prod_q7.c ****  * $Date:        27. January 2017
   7:Source\BasicMathFunctions/arm_dot_prod_q7.c ****  * $Revision:    V.1.5.1
   8:Source\BasicMathFunctions/arm_dot_prod_q7.c ****  *
   9:Source\BasicMathFunctions/arm_dot_prod_q7.c ****  * Target Processor: Cortex-M cores
  10:Source\BasicMathFunctions/arm_dot_prod_q7.c ****  * -------------------------------------------------------------------- */
  11:Source\BasicMathFunctions/arm_dot_prod_q7.c **** /*
  12:Source\BasicMathFunctions/arm_dot_prod_q7.c ****  * Copyright (C) 2010-2017 ARM Limited or its affiliates. All rights reserved.
  13:Source\BasicMathFunctions/arm_dot_prod_q7.c ****  *
  14:Source\BasicMathFunctions/arm_dot_prod_q7.c ****  * SPDX-License-Identifier: Apache-2.0
  15:Source\BasicMathFunctions/arm_dot_prod_q7.c ****  *
  16:Source\BasicMathFunctions/arm_dot_prod_q7.c ****  * Licensed under the Apache License, Version 2.0 (the License); you may
  17:Source\BasicMathFunctions/arm_dot_prod_q7.c ****  * not use this file except in compliance with the License.
  18:Source\BasicMathFunctions/arm_dot_prod_q7.c ****  * You may obtain a copy of the License at
  19:Source\BasicMathFunctions/arm_dot_prod_q7.c ****  *
  20:Source\BasicMathFunctions/arm_dot_prod_q7.c ****  * www.apache.org/licenses/LICENSE-2.0
  21:Source\BasicMathFunctions/arm_dot_prod_q7.c ****  *
  22:Source\BasicMathFunctions/arm_dot_prod_q7.c ****  * Unless required by applicable law or agreed to in writing, software
  23:Source\BasicMathFunctions/arm_dot_prod_q7.c ****  * distributed under the License is distributed on an AS IS BASIS, WITHOUT
  24:Source\BasicMathFunctions/arm_dot_prod_q7.c ****  * WARRANTIES OR CONDITIONS OF ANY KIND, either express or implied.
  25:Source\BasicMathFunctions/arm_dot_prod_q7.c ****  * See the License for the specific language governing permissions and
  26:Source\BasicMathFunctions/arm_dot_prod_q7.c ****  * limitations under the License.
  27:Source\BasicMathFunctions/arm_dot_prod_q7.c ****  */
  28:Source\BasicMathFunctions/arm_dot_prod_q7.c **** 
  29:Source\BasicMathFunctions/arm_dot_prod_q7.c **** #include "arm_math.h"
  30:Source\BasicMathFunctions/arm_dot_prod_q7.c **** 
  31:Source\BasicMathFunctions/arm_dot_prod_q7.c **** /**
  32:Source\BasicMathFunctions/arm_dot_prod_q7.c ****  * @ingroup groupMath
ARM GAS  C:\Users\fneves\AppData\Local\Temp\cci3Ndsy.s 			page 2


  33:Source\BasicMathFunctions/arm_dot_prod_q7.c ****  */
  34:Source\BasicMathFunctions/arm_dot_prod_q7.c **** 
  35:Source\BasicMathFunctions/arm_dot_prod_q7.c **** /**
  36:Source\BasicMathFunctions/arm_dot_prod_q7.c ****  * @addtogroup dot_prod
  37:Source\BasicMathFunctions/arm_dot_prod_q7.c ****  * @{
  38:Source\BasicMathFunctions/arm_dot_prod_q7.c ****  */
  39:Source\BasicMathFunctions/arm_dot_prod_q7.c **** 
  40:Source\BasicMathFunctions/arm_dot_prod_q7.c **** /**
  41:Source\BasicMathFunctions/arm_dot_prod_q7.c ****  * @brief Dot product of Q7 vectors.
  42:Source\BasicMathFunctions/arm_dot_prod_q7.c ****  * @param[in]       *pSrcA points to the first input vector
  43:Source\BasicMathFunctions/arm_dot_prod_q7.c ****  * @param[in]       *pSrcB points to the second input vector
  44:Source\BasicMathFunctions/arm_dot_prod_q7.c ****  * @param[in]       blockSize number of samples in each vector
  45:Source\BasicMathFunctions/arm_dot_prod_q7.c ****  * @param[out]      *result output result returned here
  46:Source\BasicMathFunctions/arm_dot_prod_q7.c ****  * @return none.
  47:Source\BasicMathFunctions/arm_dot_prod_q7.c ****  *
  48:Source\BasicMathFunctions/arm_dot_prod_q7.c ****  * <b>Scaling and Overflow Behavior:</b>
  49:Source\BasicMathFunctions/arm_dot_prod_q7.c ****  * \par
  50:Source\BasicMathFunctions/arm_dot_prod_q7.c ****  * The intermediate multiplications are in 1.7 x 1.7 = 2.14 format and these
  51:Source\BasicMathFunctions/arm_dot_prod_q7.c ****  * results are added to an accumulator in 18.14 format.
  52:Source\BasicMathFunctions/arm_dot_prod_q7.c ****  * Nonsaturating additions are used and there is no danger of wrap around as long as
  53:Source\BasicMathFunctions/arm_dot_prod_q7.c ****  * the vectors are less than 2^18 elements long.
  54:Source\BasicMathFunctions/arm_dot_prod_q7.c ****  * The return result is in 18.14 format.
  55:Source\BasicMathFunctions/arm_dot_prod_q7.c ****  */
  56:Source\BasicMathFunctions/arm_dot_prod_q7.c **** 
  57:Source\BasicMathFunctions/arm_dot_prod_q7.c **** void arm_dot_prod_q7(
  58:Source\BasicMathFunctions/arm_dot_prod_q7.c ****   q7_t * pSrcA,
  59:Source\BasicMathFunctions/arm_dot_prod_q7.c ****   q7_t * pSrcB,
  60:Source\BasicMathFunctions/arm_dot_prod_q7.c ****   uint32_t blockSize,
  61:Source\BasicMathFunctions/arm_dot_prod_q7.c ****   q31_t * result)
  62:Source\BasicMathFunctions/arm_dot_prod_q7.c **** {
  26              		.loc 1 62 0
  27              		.cfi_startproc
  28 0000 80B5     		push	{r7, lr}
  29              		.cfi_def_cfa_offset 8
  30              		.cfi_offset 7, -8
  31              		.cfi_offset 14, -4
  32 0002 86B0     		sub	sp, sp, #24
  33              		.cfi_def_cfa_offset 32
  34 0004 00AF     		add	r7, sp, #0
  35              		.cfi_def_cfa_register 7
  36 0006 F860     		str	r0, [r7, #12]
  37 0008 B960     		str	r1, [r7, #8]
  38 000a 7A60     		str	r2, [r7, #4]
  39 000c 3B60     		str	r3, [r7]
  63:Source\BasicMathFunctions/arm_dot_prod_q7.c ****   uint32_t blkCnt;                               /* loop counter */
  64:Source\BasicMathFunctions/arm_dot_prod_q7.c **** 
  65:Source\BasicMathFunctions/arm_dot_prod_q7.c ****   q31_t sum = 0;                                 /* Temporary variables to store output */
  40              		.loc 1 65 0
  41 000e 0023     		mov	r3, #0
  42 0010 3B61     		str	r3, [r7, #16]
  66:Source\BasicMathFunctions/arm_dot_prod_q7.c **** 
  67:Source\BasicMathFunctions/arm_dot_prod_q7.c **** #if defined (ARM_MATH_DSP)
  68:Source\BasicMathFunctions/arm_dot_prod_q7.c **** 
  69:Source\BasicMathFunctions/arm_dot_prod_q7.c **** /* Run the below code for Cortex-M4 and Cortex-M3 */
  70:Source\BasicMathFunctions/arm_dot_prod_q7.c **** 
  71:Source\BasicMathFunctions/arm_dot_prod_q7.c ****   q31_t input1, input2;                          /* Temporary variables to store input */
  72:Source\BasicMathFunctions/arm_dot_prod_q7.c ****   q31_t inA1, inA2, inB1, inB2;                  /* Temporary variables to store input */
ARM GAS  C:\Users\fneves\AppData\Local\Temp\cci3Ndsy.s 			page 3


  73:Source\BasicMathFunctions/arm_dot_prod_q7.c **** 
  74:Source\BasicMathFunctions/arm_dot_prod_q7.c **** 
  75:Source\BasicMathFunctions/arm_dot_prod_q7.c **** 
  76:Source\BasicMathFunctions/arm_dot_prod_q7.c ****   /*loop Unrolling */
  77:Source\BasicMathFunctions/arm_dot_prod_q7.c ****   blkCnt = blockSize >> 2u;
  78:Source\BasicMathFunctions/arm_dot_prod_q7.c **** 
  79:Source\BasicMathFunctions/arm_dot_prod_q7.c ****   /* First part of the processing with loop unrolling.  Compute 4 outputs at a time.
  80:Source\BasicMathFunctions/arm_dot_prod_q7.c ****    ** a second loop below computes the remaining 1 to 3 samples. */
  81:Source\BasicMathFunctions/arm_dot_prod_q7.c ****   while (blkCnt > 0u)
  82:Source\BasicMathFunctions/arm_dot_prod_q7.c ****   {
  83:Source\BasicMathFunctions/arm_dot_prod_q7.c ****     /* read 4 samples at a time from sourceA */
  84:Source\BasicMathFunctions/arm_dot_prod_q7.c ****     input1 = *__SIMD32(pSrcA)++;
  85:Source\BasicMathFunctions/arm_dot_prod_q7.c ****     /* read 4 samples at a time from sourceB */
  86:Source\BasicMathFunctions/arm_dot_prod_q7.c ****     input2 = *__SIMD32(pSrcB)++;
  87:Source\BasicMathFunctions/arm_dot_prod_q7.c **** 
  88:Source\BasicMathFunctions/arm_dot_prod_q7.c ****     /* extract two q7_t samples to q15_t samples */
  89:Source\BasicMathFunctions/arm_dot_prod_q7.c ****     inA1 = __SXTB16(__ROR(input1, 8));
  90:Source\BasicMathFunctions/arm_dot_prod_q7.c ****     /* extract reminaing two samples */
  91:Source\BasicMathFunctions/arm_dot_prod_q7.c ****     inA2 = __SXTB16(input1);
  92:Source\BasicMathFunctions/arm_dot_prod_q7.c ****     /* extract two q7_t samples to q15_t samples */
  93:Source\BasicMathFunctions/arm_dot_prod_q7.c ****     inB1 = __SXTB16(__ROR(input2, 8));
  94:Source\BasicMathFunctions/arm_dot_prod_q7.c ****     /* extract reminaing two samples */
  95:Source\BasicMathFunctions/arm_dot_prod_q7.c ****     inB2 = __SXTB16(input2);
  96:Source\BasicMathFunctions/arm_dot_prod_q7.c **** 
  97:Source\BasicMathFunctions/arm_dot_prod_q7.c ****     /* multiply and accumulate two samples at a time */
  98:Source\BasicMathFunctions/arm_dot_prod_q7.c ****     sum = __SMLAD(inA1, inB1, sum);
  99:Source\BasicMathFunctions/arm_dot_prod_q7.c ****     sum = __SMLAD(inA2, inB2, sum);
 100:Source\BasicMathFunctions/arm_dot_prod_q7.c **** 
 101:Source\BasicMathFunctions/arm_dot_prod_q7.c ****     /* Decrement the loop counter */
 102:Source\BasicMathFunctions/arm_dot_prod_q7.c ****     blkCnt--;
 103:Source\BasicMathFunctions/arm_dot_prod_q7.c ****   }
 104:Source\BasicMathFunctions/arm_dot_prod_q7.c **** 
 105:Source\BasicMathFunctions/arm_dot_prod_q7.c ****   /* If the blockSize is not a multiple of 4, compute any remaining output samples here.
 106:Source\BasicMathFunctions/arm_dot_prod_q7.c ****    ** No loop unrolling is used. */
 107:Source\BasicMathFunctions/arm_dot_prod_q7.c ****   blkCnt = blockSize % 0x4u;
 108:Source\BasicMathFunctions/arm_dot_prod_q7.c **** 
 109:Source\BasicMathFunctions/arm_dot_prod_q7.c ****   while (blkCnt > 0u)
 110:Source\BasicMathFunctions/arm_dot_prod_q7.c ****   {
 111:Source\BasicMathFunctions/arm_dot_prod_q7.c ****     /* C = A[0]* B[0] + A[1]* B[1] + A[2]* B[2] + .....+ A[blockSize-1]* B[blockSize-1] */
 112:Source\BasicMathFunctions/arm_dot_prod_q7.c ****     /* Dot product and then store the results in a temporary buffer. */
 113:Source\BasicMathFunctions/arm_dot_prod_q7.c ****     sum = __SMLAD(*pSrcA++, *pSrcB++, sum);
 114:Source\BasicMathFunctions/arm_dot_prod_q7.c **** 
 115:Source\BasicMathFunctions/arm_dot_prod_q7.c ****     /* Decrement the loop counter */
 116:Source\BasicMathFunctions/arm_dot_prod_q7.c ****     blkCnt--;
 117:Source\BasicMathFunctions/arm_dot_prod_q7.c ****   }
 118:Source\BasicMathFunctions/arm_dot_prod_q7.c **** 
 119:Source\BasicMathFunctions/arm_dot_prod_q7.c **** #else
 120:Source\BasicMathFunctions/arm_dot_prod_q7.c **** 
 121:Source\BasicMathFunctions/arm_dot_prod_q7.c ****   /* Run the below code for Cortex-M0 */
 122:Source\BasicMathFunctions/arm_dot_prod_q7.c **** 
 123:Source\BasicMathFunctions/arm_dot_prod_q7.c **** 
 124:Source\BasicMathFunctions/arm_dot_prod_q7.c **** 
 125:Source\BasicMathFunctions/arm_dot_prod_q7.c ****   /* Initialize blkCnt with number of samples */
 126:Source\BasicMathFunctions/arm_dot_prod_q7.c ****   blkCnt = blockSize;
  43              		.loc 1 126 0
  44 0012 7B68     		ldr	r3, [r7, #4]
  45 0014 7B61     		str	r3, [r7, #20]
ARM GAS  C:\Users\fneves\AppData\Local\Temp\cci3Ndsy.s 			page 4


 127:Source\BasicMathFunctions/arm_dot_prod_q7.c **** 
 128:Source\BasicMathFunctions/arm_dot_prod_q7.c ****   while (blkCnt > 0u)
  46              		.loc 1 128 0
  47 0016 10E0     		b	.L2
  48              	.L3:
 129:Source\BasicMathFunctions/arm_dot_prod_q7.c ****   {
 130:Source\BasicMathFunctions/arm_dot_prod_q7.c ****     /* C = A[0]* B[0] + A[1]* B[1] + A[2]* B[2] + .....+ A[blockSize-1]* B[blockSize-1] */
 131:Source\BasicMathFunctions/arm_dot_prod_q7.c ****     /* Dot product and then store the results in a temporary buffer. */
 132:Source\BasicMathFunctions/arm_dot_prod_q7.c ****     sum += (q31_t) ((q15_t) * pSrcA++ * *pSrcB++);
  49              		.loc 1 132 0
  50 0018 FB68     		ldr	r3, [r7, #12]
  51 001a 5A1C     		add	r2, r3, #1
  52 001c FA60     		str	r2, [r7, #12]
  53 001e 1B78     		ldrb	r3, [r3]
  54 0020 5AB2     		sxtb	r2, r3
  55 0022 BB68     		ldr	r3, [r7, #8]
  56 0024 591C     		add	r1, r3, #1
  57 0026 B960     		str	r1, [r7, #8]
  58 0028 1B78     		ldrb	r3, [r3]
  59 002a 5BB2     		sxtb	r3, r3
  60 002c 5343     		mul	r3, r2
  61 002e 3A69     		ldr	r2, [r7, #16]
  62 0030 D318     		add	r3, r2, r3
  63 0032 3B61     		str	r3, [r7, #16]
 133:Source\BasicMathFunctions/arm_dot_prod_q7.c **** 
 134:Source\BasicMathFunctions/arm_dot_prod_q7.c ****     /* Decrement the loop counter */
 135:Source\BasicMathFunctions/arm_dot_prod_q7.c ****     blkCnt--;
  64              		.loc 1 135 0
  65 0034 7B69     		ldr	r3, [r7, #20]
  66 0036 013B     		sub	r3, r3, #1
  67 0038 7B61     		str	r3, [r7, #20]
  68              	.L2:
 128:Source\BasicMathFunctions/arm_dot_prod_q7.c ****   {
  69              		.loc 1 128 0
  70 003a 7B69     		ldr	r3, [r7, #20]
  71 003c 002B     		cmp	r3, #0
  72 003e EBD1     		bne	.L3
 136:Source\BasicMathFunctions/arm_dot_prod_q7.c ****   }
 137:Source\BasicMathFunctions/arm_dot_prod_q7.c **** 
 138:Source\BasicMathFunctions/arm_dot_prod_q7.c **** #endif /* #if defined (ARM_MATH_DSP) */
 139:Source\BasicMathFunctions/arm_dot_prod_q7.c **** 
 140:Source\BasicMathFunctions/arm_dot_prod_q7.c **** 
 141:Source\BasicMathFunctions/arm_dot_prod_q7.c ****   /* Store the result in the destination buffer in 18.14 format */
 142:Source\BasicMathFunctions/arm_dot_prod_q7.c ****   *result = sum;
  73              		.loc 1 142 0
  74 0040 3B68     		ldr	r3, [r7]
  75 0042 3A69     		ldr	r2, [r7, #16]
  76 0044 1A60     		str	r2, [r3]
 143:Source\BasicMathFunctions/arm_dot_prod_q7.c **** }
  77              		.loc 1 143 0
  78 0046 BD46     		mov	sp, r7
  79 0048 06B0     		add	sp, sp, #24
  80              		@ sp needed
  81 004a 80BD     		pop	{r7, pc}
  82              		.cfi_endproc
  83              	.LFE82:
  84              		.size	arm_dot_prod_q7, .-arm_dot_prod_q7
ARM GAS  C:\Users\fneves\AppData\Local\Temp\cci3Ndsy.s 			page 5


  85              		.text
  86              	.Letext0:
  87              		.file 2 "c:\\program files (x86)\\cypress\\psoc creator\\4.0\\psoc creator\\import\\gnu\\arm\\4.9.
  88              		.file 3 "c:\\program files (x86)\\cypress\\psoc creator\\4.0\\psoc creator\\import\\gnu\\arm\\4.9.
  89              		.file 4 ".\\Include/arm_math.h"
  90              		.section	.debug_info,"",%progbits
  91              	.Ldebug_info0:
  92 0000 79010000 		.4byte	0x179
  93 0004 0400     		.2byte	0x4
  94 0006 00000000 		.4byte	.Ldebug_abbrev0
  95 000a 04       		.byte	0x4
  96 000b 01       		.uleb128 0x1
  97 000c FD000000 		.4byte	.LASF30
  98 0010 01       		.byte	0x1
  99 0011 E8010000 		.4byte	.LASF31
 100 0015 29000000 		.4byte	.LASF32
 101 0019 00000000 		.4byte	.Ldebug_ranges0+0
 102 001d 00000000 		.4byte	0
 103 0021 00000000 		.4byte	.Ldebug_line0
 104 0025 02       		.uleb128 0x2
 105 0026 00000000 		.4byte	.LASF2
 106 002a 02       		.byte	0x2
 107 002b 1B       		.byte	0x1b
 108 002c 30000000 		.4byte	0x30
 109 0030 03       		.uleb128 0x3
 110 0031 01       		.byte	0x1
 111 0032 06       		.byte	0x6
 112 0033 20020000 		.4byte	.LASF0
 113 0037 03       		.uleb128 0x3
 114 0038 01       		.byte	0x1
 115 0039 08       		.byte	0x8
 116 003a 88000000 		.4byte	.LASF1
 117 003e 02       		.uleb128 0x2
 118 003f 09000000 		.4byte	.LASF3
 119 0043 02       		.byte	0x2
 120 0044 29       		.byte	0x29
 121 0045 49000000 		.4byte	0x49
 122 0049 03       		.uleb128 0x3
 123 004a 02       		.byte	0x2
 124 004b 05       		.byte	0x5
 125 004c CC010000 		.4byte	.LASF4
 126 0050 03       		.uleb128 0x3
 127 0051 02       		.byte	0x2
 128 0052 07       		.byte	0x7
 129 0053 AF000000 		.4byte	.LASF5
 130 0057 02       		.uleb128 0x2
 131 0058 1F000000 		.4byte	.LASF6
 132 005c 02       		.byte	0x2
 133 005d 3F       		.byte	0x3f
 134 005e 62000000 		.4byte	0x62
 135 0062 03       		.uleb128 0x3
 136 0063 04       		.byte	0x4
 137 0064 05       		.byte	0x5
 138 0065 DF010000 		.4byte	.LASF7
 139 0069 02       		.uleb128 0x2
 140 006a C9000000 		.4byte	.LASF8
 141 006e 02       		.byte	0x2
ARM GAS  C:\Users\fneves\AppData\Local\Temp\cci3Ndsy.s 			page 6


 142 006f 41       		.byte	0x41
 143 0070 74000000 		.4byte	0x74
 144 0074 03       		.uleb128 0x3
 145 0075 04       		.byte	0x4
 146 0076 07       		.byte	0x7
 147 0077 9D000000 		.4byte	.LASF9
 148 007b 03       		.uleb128 0x3
 149 007c 08       		.byte	0x8
 150 007d 05       		.byte	0x5
 151 007e AF010000 		.4byte	.LASF10
 152 0082 03       		.uleb128 0x3
 153 0083 08       		.byte	0x8
 154 0084 07       		.byte	0x7
 155 0085 E6000000 		.4byte	.LASF11
 156 0089 04       		.uleb128 0x4
 157 008a 04       		.byte	0x4
 158 008b 05       		.byte	0x5
 159 008c 696E7400 		.ascii	"int\000"
 160 0090 03       		.uleb128 0x3
 161 0091 04       		.byte	0x4
 162 0092 07       		.byte	0x7
 163 0093 D9000000 		.4byte	.LASF12
 164 0097 02       		.uleb128 0x2
 165 0098 6F000000 		.4byte	.LASF13
 166 009c 03       		.byte	0x3
 167 009d 14       		.byte	0x14
 168 009e 25000000 		.4byte	0x25
 169 00a2 02       		.uleb128 0x2
 170 00a3 96010000 		.4byte	.LASF14
 171 00a7 03       		.byte	0x3
 172 00a8 20       		.byte	0x20
 173 00a9 3E000000 		.4byte	0x3e
 174 00ad 02       		.uleb128 0x2
 175 00ae 9E010000 		.4byte	.LASF15
 176 00b2 03       		.byte	0x3
 177 00b3 2C       		.byte	0x2c
 178 00b4 57000000 		.4byte	0x57
 179 00b8 02       		.uleb128 0x2
 180 00b9 D6010000 		.4byte	.LASF16
 181 00bd 03       		.byte	0x3
 182 00be 2D       		.byte	0x2d
 183 00bf 69000000 		.4byte	0x69
 184 00c3 03       		.uleb128 0x3
 185 00c4 04       		.byte	0x4
 186 00c5 07       		.byte	0x7
 187 00c6 A6010000 		.4byte	.LASF17
 188 00ca 03       		.uleb128 0x3
 189 00cb 01       		.byte	0x1
 190 00cc 08       		.byte	0x8
 191 00cd C7010000 		.4byte	.LASF18
 192 00d1 03       		.uleb128 0x3
 193 00d2 08       		.byte	0x8
 194 00d3 04       		.byte	0x4
 195 00d4 C2000000 		.4byte	.LASF19
 196 00d8 03       		.uleb128 0x3
 197 00d9 04       		.byte	0x4
 198 00da 04       		.byte	0x4
ARM GAS  C:\Users\fneves\AppData\Local\Temp\cci3Ndsy.s 			page 7


 199 00db 7C000000 		.4byte	.LASF20
 200 00df 03       		.uleb128 0x3
 201 00e0 08       		.byte	0x8
 202 00e1 04       		.byte	0x4
 203 00e2 14020000 		.4byte	.LASF21
 204 00e6 05       		.uleb128 0x5
 205 00e7 D4000000 		.4byte	.LASF22
 206 00eb 04       		.byte	0x4
 207 00ec 9101     		.2byte	0x191
 208 00ee 97000000 		.4byte	0x97
 209 00f2 05       		.uleb128 0x5
 210 00f3 76000000 		.4byte	.LASF23
 211 00f7 04       		.byte	0x4
 212 00f8 9601     		.2byte	0x196
 213 00fa A2000000 		.4byte	0xa2
 214 00fe 05       		.uleb128 0x5
 215 00ff 82000000 		.4byte	.LASF24
 216 0103 04       		.byte	0x4
 217 0104 9B01     		.2byte	0x19b
 218 0106 AD000000 		.4byte	0xad
 219 010a 06       		.uleb128 0x6
 220 010b 04       		.byte	0x4
 221 010c E6000000 		.4byte	0xe6
 222 0110 06       		.uleb128 0x6
 223 0111 04       		.byte	0x4
 224 0112 FE000000 		.4byte	0xfe
 225 0116 07       		.uleb128 0x7
 226 0117 2C020000 		.4byte	.LASF33
 227 011b 01       		.byte	0x1
 228 011c 39       		.byte	0x39
 229 011d 00000000 		.4byte	.LFB82
 230 0121 4C000000 		.4byte	.LFE82-.LFB82
 231 0125 01       		.uleb128 0x1
 232 0126 9C       		.byte	0x9c
 233 0127 08       		.uleb128 0x8
 234 0128 13000000 		.4byte	.LASF25
 235 012c 01       		.byte	0x1
 236 012d 3A       		.byte	0x3a
 237 012e 0A010000 		.4byte	0x10a
 238 0132 02       		.uleb128 0x2
 239 0133 91       		.byte	0x91
 240 0134 6C       		.sleb128 -20
 241 0135 08       		.uleb128 0x8
 242 0136 19000000 		.4byte	.LASF26
 243 013a 01       		.byte	0x1
 244 013b 3B       		.byte	0x3b
 245 013c 0A010000 		.4byte	0x10a
 246 0140 02       		.uleb128 0x2
 247 0141 91       		.byte	0x91
 248 0142 68       		.sleb128 -24
 249 0143 08       		.uleb128 0x8
 250 0144 BD010000 		.4byte	.LASF27
 251 0148 01       		.byte	0x1
 252 0149 3C       		.byte	0x3c
 253 014a B8000000 		.4byte	0xb8
 254 014e 02       		.uleb128 0x2
 255 014f 91       		.byte	0x91
ARM GAS  C:\Users\fneves\AppData\Local\Temp\cci3Ndsy.s 			page 8


 256 0150 64       		.sleb128 -28
 257 0151 08       		.uleb128 0x8
 258 0152 8F010000 		.4byte	.LASF28
 259 0156 01       		.byte	0x1
 260 0157 3D       		.byte	0x3d
 261 0158 10010000 		.4byte	0x110
 262 015c 02       		.uleb128 0x2
 263 015d 91       		.byte	0x91
 264 015e 60       		.sleb128 -32
 265 015f 09       		.uleb128 0x9
 266 0160 96000000 		.4byte	.LASF29
 267 0164 01       		.byte	0x1
 268 0165 3F       		.byte	0x3f
 269 0166 B8000000 		.4byte	0xb8
 270 016a 02       		.uleb128 0x2
 271 016b 91       		.byte	0x91
 272 016c 74       		.sleb128 -12
 273 016d 0A       		.uleb128 0xa
 274 016e 73756D00 		.ascii	"sum\000"
 275 0172 01       		.byte	0x1
 276 0173 41       		.byte	0x41
 277 0174 FE000000 		.4byte	0xfe
 278 0178 02       		.uleb128 0x2
 279 0179 91       		.byte	0x91
 280 017a 70       		.sleb128 -16
 281 017b 00       		.byte	0
 282 017c 00       		.byte	0
 283              		.section	.debug_abbrev,"",%progbits
 284              	.Ldebug_abbrev0:
 285 0000 01       		.uleb128 0x1
 286 0001 11       		.uleb128 0x11
 287 0002 01       		.byte	0x1
 288 0003 25       		.uleb128 0x25
 289 0004 0E       		.uleb128 0xe
 290 0005 13       		.uleb128 0x13
 291 0006 0B       		.uleb128 0xb
 292 0007 03       		.uleb128 0x3
 293 0008 0E       		.uleb128 0xe
 294 0009 1B       		.uleb128 0x1b
 295 000a 0E       		.uleb128 0xe
 296 000b 55       		.uleb128 0x55
 297 000c 17       		.uleb128 0x17
 298 000d 11       		.uleb128 0x11
 299 000e 01       		.uleb128 0x1
 300 000f 10       		.uleb128 0x10
 301 0010 17       		.uleb128 0x17
 302 0011 00       		.byte	0
 303 0012 00       		.byte	0
 304 0013 02       		.uleb128 0x2
 305 0014 16       		.uleb128 0x16
 306 0015 00       		.byte	0
 307 0016 03       		.uleb128 0x3
 308 0017 0E       		.uleb128 0xe
 309 0018 3A       		.uleb128 0x3a
 310 0019 0B       		.uleb128 0xb
 311 001a 3B       		.uleb128 0x3b
 312 001b 0B       		.uleb128 0xb
ARM GAS  C:\Users\fneves\AppData\Local\Temp\cci3Ndsy.s 			page 9


 313 001c 49       		.uleb128 0x49
 314 001d 13       		.uleb128 0x13
 315 001e 00       		.byte	0
 316 001f 00       		.byte	0
 317 0020 03       		.uleb128 0x3
 318 0021 24       		.uleb128 0x24
 319 0022 00       		.byte	0
 320 0023 0B       		.uleb128 0xb
 321 0024 0B       		.uleb128 0xb
 322 0025 3E       		.uleb128 0x3e
 323 0026 0B       		.uleb128 0xb
 324 0027 03       		.uleb128 0x3
 325 0028 0E       		.uleb128 0xe
 326 0029 00       		.byte	0
 327 002a 00       		.byte	0
 328 002b 04       		.uleb128 0x4
 329 002c 24       		.uleb128 0x24
 330 002d 00       		.byte	0
 331 002e 0B       		.uleb128 0xb
 332 002f 0B       		.uleb128 0xb
 333 0030 3E       		.uleb128 0x3e
 334 0031 0B       		.uleb128 0xb
 335 0032 03       		.uleb128 0x3
 336 0033 08       		.uleb128 0x8
 337 0034 00       		.byte	0
 338 0035 00       		.byte	0
 339 0036 05       		.uleb128 0x5
 340 0037 16       		.uleb128 0x16
 341 0038 00       		.byte	0
 342 0039 03       		.uleb128 0x3
 343 003a 0E       		.uleb128 0xe
 344 003b 3A       		.uleb128 0x3a
 345 003c 0B       		.uleb128 0xb
 346 003d 3B       		.uleb128 0x3b
 347 003e 05       		.uleb128 0x5
 348 003f 49       		.uleb128 0x49
 349 0040 13       		.uleb128 0x13
 350 0041 00       		.byte	0
 351 0042 00       		.byte	0
 352 0043 06       		.uleb128 0x6
 353 0044 0F       		.uleb128 0xf
 354 0045 00       		.byte	0
 355 0046 0B       		.uleb128 0xb
 356 0047 0B       		.uleb128 0xb
 357 0048 49       		.uleb128 0x49
 358 0049 13       		.uleb128 0x13
 359 004a 00       		.byte	0
 360 004b 00       		.byte	0
 361 004c 07       		.uleb128 0x7
 362 004d 2E       		.uleb128 0x2e
 363 004e 01       		.byte	0x1
 364 004f 3F       		.uleb128 0x3f
 365 0050 19       		.uleb128 0x19
 366 0051 03       		.uleb128 0x3
 367 0052 0E       		.uleb128 0xe
 368 0053 3A       		.uleb128 0x3a
 369 0054 0B       		.uleb128 0xb
ARM GAS  C:\Users\fneves\AppData\Local\Temp\cci3Ndsy.s 			page 10


 370 0055 3B       		.uleb128 0x3b
 371 0056 0B       		.uleb128 0xb
 372 0057 27       		.uleb128 0x27
 373 0058 19       		.uleb128 0x19
 374 0059 11       		.uleb128 0x11
 375 005a 01       		.uleb128 0x1
 376 005b 12       		.uleb128 0x12
 377 005c 06       		.uleb128 0x6
 378 005d 40       		.uleb128 0x40
 379 005e 18       		.uleb128 0x18
 380 005f 9742     		.uleb128 0x2117
 381 0061 19       		.uleb128 0x19
 382 0062 00       		.byte	0
 383 0063 00       		.byte	0
 384 0064 08       		.uleb128 0x8
 385 0065 05       		.uleb128 0x5
 386 0066 00       		.byte	0
 387 0067 03       		.uleb128 0x3
 388 0068 0E       		.uleb128 0xe
 389 0069 3A       		.uleb128 0x3a
 390 006a 0B       		.uleb128 0xb
 391 006b 3B       		.uleb128 0x3b
 392 006c 0B       		.uleb128 0xb
 393 006d 49       		.uleb128 0x49
 394 006e 13       		.uleb128 0x13
 395 006f 02       		.uleb128 0x2
 396 0070 18       		.uleb128 0x18
 397 0071 00       		.byte	0
 398 0072 00       		.byte	0
 399 0073 09       		.uleb128 0x9
 400 0074 34       		.uleb128 0x34
 401 0075 00       		.byte	0
 402 0076 03       		.uleb128 0x3
 403 0077 0E       		.uleb128 0xe
 404 0078 3A       		.uleb128 0x3a
 405 0079 0B       		.uleb128 0xb
 406 007a 3B       		.uleb128 0x3b
 407 007b 0B       		.uleb128 0xb
 408 007c 49       		.uleb128 0x49
 409 007d 13       		.uleb128 0x13
 410 007e 02       		.uleb128 0x2
 411 007f 18       		.uleb128 0x18
 412 0080 00       		.byte	0
 413 0081 00       		.byte	0
 414 0082 0A       		.uleb128 0xa
 415 0083 34       		.uleb128 0x34
 416 0084 00       		.byte	0
 417 0085 03       		.uleb128 0x3
 418 0086 08       		.uleb128 0x8
 419 0087 3A       		.uleb128 0x3a
 420 0088 0B       		.uleb128 0xb
 421 0089 3B       		.uleb128 0x3b
 422 008a 0B       		.uleb128 0xb
 423 008b 49       		.uleb128 0x49
 424 008c 13       		.uleb128 0x13
 425 008d 02       		.uleb128 0x2
 426 008e 18       		.uleb128 0x18
ARM GAS  C:\Users\fneves\AppData\Local\Temp\cci3Ndsy.s 			page 11


 427 008f 00       		.byte	0
 428 0090 00       		.byte	0
 429 0091 00       		.byte	0
 430              		.section	.debug_aranges,"",%progbits
 431 0000 1C000000 		.4byte	0x1c
 432 0004 0200     		.2byte	0x2
 433 0006 00000000 		.4byte	.Ldebug_info0
 434 000a 04       		.byte	0x4
 435 000b 00       		.byte	0
 436 000c 0000     		.2byte	0
 437 000e 0000     		.2byte	0
 438 0010 00000000 		.4byte	.LFB82
 439 0014 4C000000 		.4byte	.LFE82-.LFB82
 440 0018 00000000 		.4byte	0
 441 001c 00000000 		.4byte	0
 442              		.section	.debug_ranges,"",%progbits
 443              	.Ldebug_ranges0:
 444 0000 00000000 		.4byte	.LFB82
 445 0004 4C000000 		.4byte	.LFE82
 446 0008 00000000 		.4byte	0
 447 000c 00000000 		.4byte	0
 448              		.section	.debug_line,"",%progbits
 449              	.Ldebug_line0:
 450 0000 75010000 		.section	.debug_str,"MS",%progbits,1
 450      02005201 
 450      00000201 
 450      FB0E0D00 
 450      01010101 
 451              	.LASF2:
 452 0000 5F5F696E 		.ascii	"__int8_t\000"
 452      74385F74 
 452      00
 453              	.LASF3:
 454 0009 5F5F696E 		.ascii	"__int16_t\000"
 454      7431365F 
 454      7400
 455              	.LASF25:
 456 0013 70537263 		.ascii	"pSrcA\000"
 456      4100
 457              	.LASF26:
 458 0019 70537263 		.ascii	"pSrcB\000"
 458      4200
 459              	.LASF6:
 460 001f 5F5F696E 		.ascii	"__int32_t\000"
 460      7433325F 
 460      7400
 461              	.LASF32:
 462 0029 433A5C55 		.ascii	"C:\\Users\\fneves\\Documents\\PSoC Creator\\wp_1\\e"
 462      73657273 
 462      5C666E65 
 462      7665735C 
 462      446F6375 
 463 0056 6E67696E 		.ascii	"ngine_speed_sensor.cydsn\000"
 463      655F7370 
 463      6565645F 
 463      73656E73 
 463      6F722E63 
ARM GAS  C:\Users\fneves\AppData\Local\Temp\cci3Ndsy.s 			page 12


 464              	.LASF13:
 465 006f 696E7438 		.ascii	"int8_t\000"
 465      5F7400
 466              	.LASF23:
 467 0076 7131355F 		.ascii	"q15_t\000"
 467      7400
 468              	.LASF20:
 469 007c 666C6F61 		.ascii	"float\000"
 469      7400
 470              	.LASF24:
 471 0082 7133315F 		.ascii	"q31_t\000"
 471      7400
 472              	.LASF1:
 473 0088 756E7369 		.ascii	"unsigned char\000"
 473      676E6564 
 473      20636861 
 473      7200
 474              	.LASF29:
 475 0096 626C6B43 		.ascii	"blkCnt\000"
 475      6E7400
 476              	.LASF9:
 477 009d 6C6F6E67 		.ascii	"long unsigned int\000"
 477      20756E73 
 477      69676E65 
 477      6420696E 
 477      7400
 478              	.LASF5:
 479 00af 73686F72 		.ascii	"short unsigned int\000"
 479      7420756E 
 479      7369676E 
 479      65642069 
 479      6E7400
 480              	.LASF19:
 481 00c2 646F7562 		.ascii	"double\000"
 481      6C6500
 482              	.LASF8:
 483 00c9 5F5F7569 		.ascii	"__uint32_t\000"
 483      6E743332 
 483      5F7400
 484              	.LASF22:
 485 00d4 71375F74 		.ascii	"q7_t\000"
 485      00
 486              	.LASF12:
 487 00d9 756E7369 		.ascii	"unsigned int\000"
 487      676E6564 
 487      20696E74 
 487      00
 488              	.LASF11:
 489 00e6 6C6F6E67 		.ascii	"long long unsigned int\000"
 489      206C6F6E 
 489      6720756E 
 489      7369676E 
 489      65642069 
 490              	.LASF30:
 491 00fd 474E5520 		.ascii	"GNU C 4.9.3 20150303 (release) [ARM/embedded-4_9-br"
 491      4320342E 
 491      392E3320 
ARM GAS  C:\Users\fneves\AppData\Local\Temp\cci3Ndsy.s 			page 13


 491      32303135 
 491      30333033 
 492 0130 616E6368 		.ascii	"anch revision 221220] -mcpu=cortex-m0plus -mthumb -"
 492      20726576 
 492      6973696F 
 492      6E203232 
 492      31323230 
 493 0163 67202D4F 		.ascii	"g -O0 -ffunction-sections -ffat-lto-objects\000"
 493      30202D66 
 493      66756E63 
 493      74696F6E 
 493      2D736563 
 494              	.LASF28:
 495 018f 72657375 		.ascii	"result\000"
 495      6C7400
 496              	.LASF14:
 497 0196 696E7431 		.ascii	"int16_t\000"
 497      365F7400 
 498              	.LASF15:
 499 019e 696E7433 		.ascii	"int32_t\000"
 499      325F7400 
 500              	.LASF17:
 501 01a6 73697A65 		.ascii	"sizetype\000"
 501      74797065 
 501      00
 502              	.LASF10:
 503 01af 6C6F6E67 		.ascii	"long long int\000"
 503      206C6F6E 
 503      6720696E 
 503      7400
 504              	.LASF27:
 505 01bd 626C6F63 		.ascii	"blockSize\000"
 505      6B53697A 
 505      6500
 506              	.LASF18:
 507 01c7 63686172 		.ascii	"char\000"
 507      00
 508              	.LASF4:
 509 01cc 73686F72 		.ascii	"short int\000"
 509      7420696E 
 509      7400
 510              	.LASF16:
 511 01d6 75696E74 		.ascii	"uint32_t\000"
 511      33325F74 
 511      00
 512              	.LASF7:
 513 01df 6C6F6E67 		.ascii	"long int\000"
 513      20696E74 
 513      00
 514              	.LASF31:
 515 01e8 536F7572 		.ascii	"Source\\BasicMathFunctions\\arm_dot_prod_q7.c\000"
 515      63655C42 
 515      61736963 
 515      4D617468 
 515      46756E63 
 516              	.LASF21:
 517 0214 6C6F6E67 		.ascii	"long double\000"
ARM GAS  C:\Users\fneves\AppData\Local\Temp\cci3Ndsy.s 			page 14


 517      20646F75 
 517      626C6500 
 518              	.LASF0:
 519 0220 7369676E 		.ascii	"signed char\000"
 519      65642063 
 519      68617200 
 520              	.LASF33:
 521 022c 61726D5F 		.ascii	"arm_dot_prod_q7\000"
 521      646F745F 
 521      70726F64 
 521      5F713700 
 522              		.ident	"GCC: (GNU Tools for ARM Embedded Processors) 4.9.3 20150303 (release) [ARM/embedded-4_9-br
