ARM GAS  C:\Users\fneves\AppData\Local\Temp\ccySSOwP.s 			page 1


   1              		.cpu cortex-m0plus
   2              		.fpu softvfp
   3              		.eabi_attribute 20, 1
   4              		.eabi_attribute 21, 1
   5              		.eabi_attribute 23, 3
   6              		.eabi_attribute 24, 1
   7              		.eabi_attribute 25, 1
   8              		.eabi_attribute 26, 1
   9              		.eabi_attribute 30, 6
  10              		.eabi_attribute 34, 0
  11              		.eabi_attribute 18, 4
  12              		.code	16
  13              		.file	"arm_min_q15.c"
  14              		.text
  15              	.Ltext0:
  16              		.cfi_sections	.debug_frame
  17              		.section	.text.arm_min_q15,"ax",%progbits
  18              		.align	2
  19              		.global	arm_min_q15
  20              		.code	16
  21              		.thumb_func
  22              		.type	arm_min_q15, %function
  23              	arm_min_q15:
  24              	.LFB82:
  25              		.file 1 "Source\\StatisticsFunctions\\arm_min_q15.c"
   1:Source\StatisticsFunctions/arm_min_q15.c **** /* ----------------------------------------------------------------------
   2:Source\StatisticsFunctions/arm_min_q15.c ****  * Project:      CMSIS DSP Library
   3:Source\StatisticsFunctions/arm_min_q15.c ****  * Title:        arm_min_q15.c
   4:Source\StatisticsFunctions/arm_min_q15.c ****  * Description:  Minimum value of a Q15 vector
   5:Source\StatisticsFunctions/arm_min_q15.c ****  *
   6:Source\StatisticsFunctions/arm_min_q15.c ****  * $Date:        27. January 2017
   7:Source\StatisticsFunctions/arm_min_q15.c ****  * $Revision:    V.1.5.1
   8:Source\StatisticsFunctions/arm_min_q15.c ****  *
   9:Source\StatisticsFunctions/arm_min_q15.c ****  * Target Processor: Cortex-M cores
  10:Source\StatisticsFunctions/arm_min_q15.c ****  * -------------------------------------------------------------------- */
  11:Source\StatisticsFunctions/arm_min_q15.c **** /*
  12:Source\StatisticsFunctions/arm_min_q15.c ****  * Copyright (C) 2010-2017 ARM Limited or its affiliates. All rights reserved.
  13:Source\StatisticsFunctions/arm_min_q15.c ****  *
  14:Source\StatisticsFunctions/arm_min_q15.c ****  * SPDX-License-Identifier: Apache-2.0
  15:Source\StatisticsFunctions/arm_min_q15.c ****  *
  16:Source\StatisticsFunctions/arm_min_q15.c ****  * Licensed under the Apache License, Version 2.0 (the License); you may
  17:Source\StatisticsFunctions/arm_min_q15.c ****  * not use this file except in compliance with the License.
  18:Source\StatisticsFunctions/arm_min_q15.c ****  * You may obtain a copy of the License at
  19:Source\StatisticsFunctions/arm_min_q15.c ****  *
  20:Source\StatisticsFunctions/arm_min_q15.c ****  * www.apache.org/licenses/LICENSE-2.0
  21:Source\StatisticsFunctions/arm_min_q15.c ****  *
  22:Source\StatisticsFunctions/arm_min_q15.c ****  * Unless required by applicable law or agreed to in writing, software
  23:Source\StatisticsFunctions/arm_min_q15.c ****  * distributed under the License is distributed on an AS IS BASIS, WITHOUT
  24:Source\StatisticsFunctions/arm_min_q15.c ****  * WARRANTIES OR CONDITIONS OF ANY KIND, either express or implied.
  25:Source\StatisticsFunctions/arm_min_q15.c ****  * See the License for the specific language governing permissions and
  26:Source\StatisticsFunctions/arm_min_q15.c ****  * limitations under the License.
  27:Source\StatisticsFunctions/arm_min_q15.c ****  */
  28:Source\StatisticsFunctions/arm_min_q15.c **** 
  29:Source\StatisticsFunctions/arm_min_q15.c **** #include "arm_math.h"
  30:Source\StatisticsFunctions/arm_min_q15.c **** 
  31:Source\StatisticsFunctions/arm_min_q15.c **** /**
  32:Source\StatisticsFunctions/arm_min_q15.c ****  * @ingroup groupStats
ARM GAS  C:\Users\fneves\AppData\Local\Temp\ccySSOwP.s 			page 2


  33:Source\StatisticsFunctions/arm_min_q15.c ****  */
  34:Source\StatisticsFunctions/arm_min_q15.c **** 
  35:Source\StatisticsFunctions/arm_min_q15.c **** 
  36:Source\StatisticsFunctions/arm_min_q15.c **** /**
  37:Source\StatisticsFunctions/arm_min_q15.c ****  * @addtogroup Min
  38:Source\StatisticsFunctions/arm_min_q15.c ****  * @{
  39:Source\StatisticsFunctions/arm_min_q15.c ****  */
  40:Source\StatisticsFunctions/arm_min_q15.c **** 
  41:Source\StatisticsFunctions/arm_min_q15.c **** 
  42:Source\StatisticsFunctions/arm_min_q15.c **** /**
  43:Source\StatisticsFunctions/arm_min_q15.c ****  * @brief Minimum value of a Q15 vector.
  44:Source\StatisticsFunctions/arm_min_q15.c ****  * @param[in]       *pSrc points to the input vector
  45:Source\StatisticsFunctions/arm_min_q15.c ****  * @param[in]       blockSize length of the input vector
  46:Source\StatisticsFunctions/arm_min_q15.c ****  * @param[out]      *pResult minimum value returned here
  47:Source\StatisticsFunctions/arm_min_q15.c ****  * @param[out]      *pIndex index of minimum value returned here
  48:Source\StatisticsFunctions/arm_min_q15.c ****  * @return none.
  49:Source\StatisticsFunctions/arm_min_q15.c ****  */
  50:Source\StatisticsFunctions/arm_min_q15.c **** 
  51:Source\StatisticsFunctions/arm_min_q15.c **** void arm_min_q15(
  52:Source\StatisticsFunctions/arm_min_q15.c ****   q15_t * pSrc,
  53:Source\StatisticsFunctions/arm_min_q15.c ****   uint32_t blockSize,
  54:Source\StatisticsFunctions/arm_min_q15.c ****   q15_t * pResult,
  55:Source\StatisticsFunctions/arm_min_q15.c ****   uint32_t * pIndex)
  56:Source\StatisticsFunctions/arm_min_q15.c **** {
  26              		.loc 1 56 0
  27              		.cfi_startproc
  28 0000 80B5     		push	{r7, lr}
  29              		.cfi_def_cfa_offset 8
  30              		.cfi_offset 7, -8
  31              		.cfi_offset 14, -4
  32 0002 88B0     		sub	sp, sp, #32
  33              		.cfi_def_cfa_offset 40
  34 0004 00AF     		add	r7, sp, #0
  35              		.cfi_def_cfa_register 7
  36 0006 F860     		str	r0, [r7, #12]
  37 0008 B960     		str	r1, [r7, #8]
  38 000a 7A60     		str	r2, [r7, #4]
  39 000c 3B60     		str	r3, [r7]
  57:Source\StatisticsFunctions/arm_min_q15.c **** #if defined (ARM_MATH_DSP)
  58:Source\StatisticsFunctions/arm_min_q15.c ****   /* Run the below code for Cortex-M4 and Cortex-M3 */
  59:Source\StatisticsFunctions/arm_min_q15.c **** 
  60:Source\StatisticsFunctions/arm_min_q15.c ****   q15_t minVal1, minVal2, out;                   /* Temporary variables to store the output value. 
  61:Source\StatisticsFunctions/arm_min_q15.c ****   uint32_t blkCnt, outIndex, count;              /* loop counter */
  62:Source\StatisticsFunctions/arm_min_q15.c **** 
  63:Source\StatisticsFunctions/arm_min_q15.c ****   /* Initialise the count value. */
  64:Source\StatisticsFunctions/arm_min_q15.c ****   count = 0u;
  65:Source\StatisticsFunctions/arm_min_q15.c ****   /* Initialise the index value to zero. */
  66:Source\StatisticsFunctions/arm_min_q15.c ****   outIndex = 0u;
  67:Source\StatisticsFunctions/arm_min_q15.c ****   /* Load first input value that act as reference value for comparision */
  68:Source\StatisticsFunctions/arm_min_q15.c ****   out = *pSrc++;
  69:Source\StatisticsFunctions/arm_min_q15.c **** 
  70:Source\StatisticsFunctions/arm_min_q15.c ****   /* Loop unrolling */
  71:Source\StatisticsFunctions/arm_min_q15.c ****   blkCnt = (blockSize - 1u) >> 2u;
  72:Source\StatisticsFunctions/arm_min_q15.c **** 
  73:Source\StatisticsFunctions/arm_min_q15.c ****   while (blkCnt > 0u)
  74:Source\StatisticsFunctions/arm_min_q15.c ****   {
  75:Source\StatisticsFunctions/arm_min_q15.c ****     /* Initialize minVal to the next consecutive values one by one */
ARM GAS  C:\Users\fneves\AppData\Local\Temp\ccySSOwP.s 			page 3


  76:Source\StatisticsFunctions/arm_min_q15.c ****     minVal1 = *pSrc++;
  77:Source\StatisticsFunctions/arm_min_q15.c ****     minVal2 = *pSrc++;
  78:Source\StatisticsFunctions/arm_min_q15.c **** 
  79:Source\StatisticsFunctions/arm_min_q15.c ****     /* compare for the minimum value */
  80:Source\StatisticsFunctions/arm_min_q15.c ****     if (out > minVal1)
  81:Source\StatisticsFunctions/arm_min_q15.c ****     {
  82:Source\StatisticsFunctions/arm_min_q15.c ****       /* Update the minimum value and its index */
  83:Source\StatisticsFunctions/arm_min_q15.c ****       out = minVal1;
  84:Source\StatisticsFunctions/arm_min_q15.c ****       outIndex = count + 1u;
  85:Source\StatisticsFunctions/arm_min_q15.c ****     }
  86:Source\StatisticsFunctions/arm_min_q15.c **** 
  87:Source\StatisticsFunctions/arm_min_q15.c ****     /* compare for the minimum value */
  88:Source\StatisticsFunctions/arm_min_q15.c ****     if (out > minVal2)
  89:Source\StatisticsFunctions/arm_min_q15.c ****     {
  90:Source\StatisticsFunctions/arm_min_q15.c ****       /* Update the minimum value and its index */
  91:Source\StatisticsFunctions/arm_min_q15.c ****       out = minVal2;
  92:Source\StatisticsFunctions/arm_min_q15.c ****       outIndex = count + 2u;
  93:Source\StatisticsFunctions/arm_min_q15.c ****     }
  94:Source\StatisticsFunctions/arm_min_q15.c **** 
  95:Source\StatisticsFunctions/arm_min_q15.c ****     /* Initialize minVal to the next consecutive values one by one */
  96:Source\StatisticsFunctions/arm_min_q15.c ****     minVal1 = *pSrc++;
  97:Source\StatisticsFunctions/arm_min_q15.c ****     minVal2 = *pSrc++;
  98:Source\StatisticsFunctions/arm_min_q15.c **** 
  99:Source\StatisticsFunctions/arm_min_q15.c ****     /* compare for the minimum value */
 100:Source\StatisticsFunctions/arm_min_q15.c ****     if (out > minVal1)
 101:Source\StatisticsFunctions/arm_min_q15.c ****     {
 102:Source\StatisticsFunctions/arm_min_q15.c ****       /* Update the minimum value and its index */
 103:Source\StatisticsFunctions/arm_min_q15.c ****       out = minVal1;
 104:Source\StatisticsFunctions/arm_min_q15.c ****       outIndex = count + 3u;
 105:Source\StatisticsFunctions/arm_min_q15.c ****     }
 106:Source\StatisticsFunctions/arm_min_q15.c **** 
 107:Source\StatisticsFunctions/arm_min_q15.c ****     /* compare for the minimum value */
 108:Source\StatisticsFunctions/arm_min_q15.c ****     if (out > minVal2)
 109:Source\StatisticsFunctions/arm_min_q15.c ****     {
 110:Source\StatisticsFunctions/arm_min_q15.c ****       /* Update the minimum value and its index */
 111:Source\StatisticsFunctions/arm_min_q15.c ****       out = minVal2;
 112:Source\StatisticsFunctions/arm_min_q15.c ****       outIndex = count + 4u;
 113:Source\StatisticsFunctions/arm_min_q15.c ****     }
 114:Source\StatisticsFunctions/arm_min_q15.c **** 
 115:Source\StatisticsFunctions/arm_min_q15.c ****     count += 4u;
 116:Source\StatisticsFunctions/arm_min_q15.c **** 
 117:Source\StatisticsFunctions/arm_min_q15.c ****     /* Decrement the loop counter */
 118:Source\StatisticsFunctions/arm_min_q15.c ****     blkCnt--;
 119:Source\StatisticsFunctions/arm_min_q15.c ****   }
 120:Source\StatisticsFunctions/arm_min_q15.c **** 
 121:Source\StatisticsFunctions/arm_min_q15.c ****   /* if (blockSize - 1u) is not multiple of 4 */
 122:Source\StatisticsFunctions/arm_min_q15.c ****   blkCnt = (blockSize - 1u) % 4u;
 123:Source\StatisticsFunctions/arm_min_q15.c **** 
 124:Source\StatisticsFunctions/arm_min_q15.c **** #else
 125:Source\StatisticsFunctions/arm_min_q15.c ****   /* Run the below code for Cortex-M0 */
 126:Source\StatisticsFunctions/arm_min_q15.c **** 
 127:Source\StatisticsFunctions/arm_min_q15.c ****   q15_t minVal1, out;                            /* Temporary variables to store the output value. 
 128:Source\StatisticsFunctions/arm_min_q15.c ****   uint32_t blkCnt, outIndex;                     /* loop counter */
 129:Source\StatisticsFunctions/arm_min_q15.c **** 
 130:Source\StatisticsFunctions/arm_min_q15.c ****   /* Initialise the index value to zero. */
 131:Source\StatisticsFunctions/arm_min_q15.c ****   outIndex = 0u;
  40              		.loc 1 131 0
ARM GAS  C:\Users\fneves\AppData\Local\Temp\ccySSOwP.s 			page 4


  41 000e 0023     		mov	r3, #0
  42 0010 7B61     		str	r3, [r7, #20]
 132:Source\StatisticsFunctions/arm_min_q15.c ****   /* Load first input value that act as reference value for comparision */
 133:Source\StatisticsFunctions/arm_min_q15.c ****   out = *pSrc++;
  43              		.loc 1 133 0
  44 0012 FB68     		ldr	r3, [r7, #12]
  45 0014 9A1C     		add	r2, r3, #2
  46 0016 FA60     		str	r2, [r7, #12]
  47 0018 1E22     		mov	r2, #30
  48 001a BA18     		add	r2, r7, r2
  49 001c 1B88     		ldrh	r3, [r3]
  50 001e 1380     		strh	r3, [r2]
 134:Source\StatisticsFunctions/arm_min_q15.c **** 
 135:Source\StatisticsFunctions/arm_min_q15.c ****   blkCnt = (blockSize - 1u);
  51              		.loc 1 135 0
  52 0020 BB68     		ldr	r3, [r7, #8]
  53 0022 013B     		sub	r3, r3, #1
  54 0024 BB61     		str	r3, [r7, #24]
 136:Source\StatisticsFunctions/arm_min_q15.c **** 
 137:Source\StatisticsFunctions/arm_min_q15.c **** #endif /* #if defined (ARM_MATH_DSP) */
 138:Source\StatisticsFunctions/arm_min_q15.c **** 
 139:Source\StatisticsFunctions/arm_min_q15.c ****   while (blkCnt > 0u)
  55              		.loc 1 139 0
  56 0026 1DE0     		b	.L2
  57              	.L4:
 140:Source\StatisticsFunctions/arm_min_q15.c ****   {
 141:Source\StatisticsFunctions/arm_min_q15.c ****     /* Initialize minVal to the next consecutive values one by one */
 142:Source\StatisticsFunctions/arm_min_q15.c ****     minVal1 = *pSrc++;
  58              		.loc 1 142 0
  59 0028 FB68     		ldr	r3, [r7, #12]
  60 002a 9A1C     		add	r2, r3, #2
  61 002c FA60     		str	r2, [r7, #12]
  62 002e 1222     		mov	r2, #18
  63 0030 BA18     		add	r2, r7, r2
  64 0032 1B88     		ldrh	r3, [r3]
  65 0034 1380     		strh	r3, [r2]
 143:Source\StatisticsFunctions/arm_min_q15.c **** 
 144:Source\StatisticsFunctions/arm_min_q15.c ****     /* compare for the minimum value */
 145:Source\StatisticsFunctions/arm_min_q15.c ****     if (out > minVal1)
  66              		.loc 1 145 0
  67 0036 1E23     		mov	r3, #30
  68 0038 FA18     		add	r2, r7, r3
  69 003a 1223     		mov	r3, #18
  70 003c FB18     		add	r3, r7, r3
  71 003e 0021     		mov	r1, #0
  72 0040 525E     		ldrsh	r2, [r2, r1]
  73 0042 0021     		mov	r1, #0
  74 0044 5B5E     		ldrsh	r3, [r3, r1]
  75 0046 9A42     		cmp	r2, r3
  76 0048 09DD     		ble	.L3
 146:Source\StatisticsFunctions/arm_min_q15.c ****     {
 147:Source\StatisticsFunctions/arm_min_q15.c ****       /* Update the minimum value and it's index */
 148:Source\StatisticsFunctions/arm_min_q15.c ****       out = minVal1;
  77              		.loc 1 148 0
  78 004a 1E23     		mov	r3, #30
  79 004c FB18     		add	r3, r7, r3
  80 004e 1222     		mov	r2, #18
ARM GAS  C:\Users\fneves\AppData\Local\Temp\ccySSOwP.s 			page 5


  81 0050 BA18     		add	r2, r7, r2
  82 0052 1288     		ldrh	r2, [r2]
  83 0054 1A80     		strh	r2, [r3]
 149:Source\StatisticsFunctions/arm_min_q15.c ****       outIndex = blockSize - blkCnt;
  84              		.loc 1 149 0
  85 0056 BA68     		ldr	r2, [r7, #8]
  86 0058 BB69     		ldr	r3, [r7, #24]
  87 005a D31A     		sub	r3, r2, r3
  88 005c 7B61     		str	r3, [r7, #20]
  89              	.L3:
 150:Source\StatisticsFunctions/arm_min_q15.c ****     }
 151:Source\StatisticsFunctions/arm_min_q15.c **** 
 152:Source\StatisticsFunctions/arm_min_q15.c ****     /* Decrement the loop counter */
 153:Source\StatisticsFunctions/arm_min_q15.c ****     blkCnt--;
  90              		.loc 1 153 0
  91 005e BB69     		ldr	r3, [r7, #24]
  92 0060 013B     		sub	r3, r3, #1
  93 0062 BB61     		str	r3, [r7, #24]
  94              	.L2:
 139:Source\StatisticsFunctions/arm_min_q15.c ****   {
  95              		.loc 1 139 0
  96 0064 BB69     		ldr	r3, [r7, #24]
  97 0066 002B     		cmp	r3, #0
  98 0068 DED1     		bne	.L4
 154:Source\StatisticsFunctions/arm_min_q15.c ****   }
 155:Source\StatisticsFunctions/arm_min_q15.c **** 
 156:Source\StatisticsFunctions/arm_min_q15.c ****   /* Store the minimum value and it's index into destination pointers */
 157:Source\StatisticsFunctions/arm_min_q15.c ****   *pResult = out;
  99              		.loc 1 157 0
 100 006a 7B68     		ldr	r3, [r7, #4]
 101 006c 1E22     		mov	r2, #30
 102 006e BA18     		add	r2, r7, r2
 103 0070 1288     		ldrh	r2, [r2]
 104 0072 1A80     		strh	r2, [r3]
 158:Source\StatisticsFunctions/arm_min_q15.c ****   *pIndex = outIndex;
 105              		.loc 1 158 0
 106 0074 3B68     		ldr	r3, [r7]
 107 0076 7A69     		ldr	r2, [r7, #20]
 108 0078 1A60     		str	r2, [r3]
 159:Source\StatisticsFunctions/arm_min_q15.c **** }
 109              		.loc 1 159 0
 110 007a BD46     		mov	sp, r7
 111 007c 08B0     		add	sp, sp, #32
 112              		@ sp needed
 113 007e 80BD     		pop	{r7, pc}
 114              		.cfi_endproc
 115              	.LFE82:
 116              		.size	arm_min_q15, .-arm_min_q15
 117              		.text
 118              	.Letext0:
 119              		.file 2 "c:\\program files (x86)\\cypress\\psoc creator\\4.0\\psoc creator\\import\\gnu\\arm\\4.9.
 120              		.file 3 "c:\\program files (x86)\\cypress\\psoc creator\\4.0\\psoc creator\\import\\gnu\\arm\\4.9.
 121              		.file 4 ".\\Include/arm_math.h"
 122              		.section	.debug_info,"",%progbits
 123              	.Ldebug_info0:
 124 0000 55010000 		.4byte	0x155
 125 0004 0400     		.2byte	0x4
ARM GAS  C:\Users\fneves\AppData\Local\Temp\ccySSOwP.s 			page 6


 126 0006 00000000 		.4byte	.Ldebug_abbrev0
 127 000a 04       		.byte	0x4
 128 000b 01       		.uleb128 0x1
 129 000c EC000000 		.4byte	.LASF26
 130 0010 01       		.byte	0x1
 131 0011 8F010000 		.4byte	.LASF27
 132 0015 1B000000 		.4byte	.LASF28
 133 0019 00000000 		.4byte	.Ldebug_ranges0+0
 134 001d 00000000 		.4byte	0
 135 0021 00000000 		.4byte	.Ldebug_line0
 136 0025 02       		.uleb128 0x2
 137 0026 01       		.byte	0x1
 138 0027 06       		.byte	0x6
 139 0028 FD010000 		.4byte	.LASF0
 140 002c 02       		.uleb128 0x2
 141 002d 01       		.byte	0x1
 142 002e 08       		.byte	0x8
 143 002f 6D000000 		.4byte	.LASF1
 144 0033 03       		.uleb128 0x3
 145 0034 08000000 		.4byte	.LASF5
 146 0038 02       		.byte	0x2
 147 0039 29       		.byte	0x29
 148 003a 3E000000 		.4byte	0x3e
 149 003e 02       		.uleb128 0x2
 150 003f 02       		.byte	0x2
 151 0040 05       		.byte	0x5
 152 0041 D5010000 		.4byte	.LASF2
 153 0045 02       		.uleb128 0x2
 154 0046 02       		.byte	0x2
 155 0047 07       		.byte	0x7
 156 0048 94000000 		.4byte	.LASF3
 157 004c 02       		.uleb128 0x2
 158 004d 04       		.byte	0x4
 159 004e 05       		.byte	0x5
 160 004f E8010000 		.4byte	.LASF4
 161 0053 03       		.uleb128 0x3
 162 0054 B6000000 		.4byte	.LASF6
 163 0058 02       		.byte	0x2
 164 0059 41       		.byte	0x41
 165 005a 5E000000 		.4byte	0x5e
 166 005e 02       		.uleb128 0x2
 167 005f 04       		.byte	0x4
 168 0060 07       		.byte	0x7
 169 0061 82000000 		.4byte	.LASF7
 170 0065 02       		.uleb128 0x2
 171 0066 08       		.byte	0x8
 172 0067 05       		.byte	0x5
 173 0068 B8010000 		.4byte	.LASF8
 174 006c 02       		.uleb128 0x2
 175 006d 08       		.byte	0x8
 176 006e 07       		.byte	0x7
 177 006f D5000000 		.4byte	.LASF9
 178 0073 04       		.uleb128 0x4
 179 0074 04       		.byte	0x4
 180 0075 05       		.byte	0x5
 181 0076 696E7400 		.ascii	"int\000"
 182 007a 02       		.uleb128 0x2
ARM GAS  C:\Users\fneves\AppData\Local\Temp\ccySSOwP.s 			page 7


 183 007b 04       		.byte	0x4
 184 007c 07       		.byte	0x7
 185 007d C1000000 		.4byte	.LASF10
 186 0081 03       		.uleb128 0x3
 187 0082 7E010000 		.4byte	.LASF11
 188 0086 03       		.byte	0x3
 189 0087 20       		.byte	0x20
 190 0088 33000000 		.4byte	0x33
 191 008c 03       		.uleb128 0x3
 192 008d DF010000 		.4byte	.LASF12
 193 0091 03       		.byte	0x3
 194 0092 2D       		.byte	0x2d
 195 0093 53000000 		.4byte	0x53
 196 0097 02       		.uleb128 0x2
 197 0098 04       		.byte	0x4
 198 0099 07       		.byte	0x7
 199 009a 86010000 		.4byte	.LASF13
 200 009e 02       		.uleb128 0x2
 201 009f 01       		.byte	0x1
 202 00a0 08       		.byte	0x8
 203 00a1 D0010000 		.4byte	.LASF14
 204 00a5 02       		.uleb128 0x2
 205 00a6 08       		.byte	0x8
 206 00a7 04       		.byte	0x4
 207 00a8 AF000000 		.4byte	.LASF15
 208 00ac 02       		.uleb128 0x2
 209 00ad 04       		.byte	0x4
 210 00ae 04       		.byte	0x4
 211 00af 67000000 		.4byte	.LASF16
 212 00b3 02       		.uleb128 0x2
 213 00b4 08       		.byte	0x8
 214 00b5 04       		.byte	0x4
 215 00b6 F1010000 		.4byte	.LASF17
 216 00ba 05       		.uleb128 0x5
 217 00bb 61000000 		.4byte	.LASF18
 218 00bf 04       		.byte	0x4
 219 00c0 9601     		.2byte	0x196
 220 00c2 81000000 		.4byte	0x81
 221 00c6 06       		.uleb128 0x6
 222 00c7 04       		.byte	0x4
 223 00c8 BA000000 		.4byte	0xba
 224 00cc 07       		.uleb128 0x7
 225 00cd 0E020000 		.4byte	.LASF29
 226 00d1 01       		.byte	0x1
 227 00d2 33       		.byte	0x33
 228 00d3 00000000 		.4byte	.LFB82
 229 00d7 80000000 		.4byte	.LFE82-.LFB82
 230 00db 01       		.uleb128 0x1
 231 00dc 9C       		.byte	0x9c
 232 00dd 52010000 		.4byte	0x152
 233 00e1 08       		.uleb128 0x8
 234 00e2 09020000 		.4byte	.LASF19
 235 00e6 01       		.byte	0x1
 236 00e7 34       		.byte	0x34
 237 00e8 C6000000 		.4byte	0xc6
 238 00ec 02       		.uleb128 0x2
 239 00ed 91       		.byte	0x91
ARM GAS  C:\Users\fneves\AppData\Local\Temp\ccySSOwP.s 			page 8


 240 00ee 64       		.sleb128 -28
 241 00ef 08       		.uleb128 0x8
 242 00f0 C6010000 		.4byte	.LASF20
 243 00f4 01       		.byte	0x1
 244 00f5 35       		.byte	0x35
 245 00f6 8C000000 		.4byte	0x8c
 246 00fa 02       		.uleb128 0x2
 247 00fb 91       		.byte	0x91
 248 00fc 60       		.sleb128 -32
 249 00fd 08       		.uleb128 0x8
 250 00fe A7000000 		.4byte	.LASF21
 251 0102 01       		.byte	0x1
 252 0103 36       		.byte	0x36
 253 0104 C6000000 		.4byte	0xc6
 254 0108 02       		.uleb128 0x2
 255 0109 91       		.byte	0x91
 256 010a 5C       		.sleb128 -36
 257 010b 08       		.uleb128 0x8
 258 010c CE000000 		.4byte	.LASF22
 259 0110 01       		.byte	0x1
 260 0111 37       		.byte	0x37
 261 0112 52010000 		.4byte	0x152
 262 0116 02       		.uleb128 0x2
 263 0117 91       		.byte	0x91
 264 0118 58       		.sleb128 -40
 265 0119 09       		.uleb128 0x9
 266 011a 00000000 		.4byte	.LASF23
 267 011e 01       		.byte	0x1
 268 011f 7F       		.byte	0x7f
 269 0120 BA000000 		.4byte	0xba
 270 0124 02       		.uleb128 0x2
 271 0125 91       		.byte	0x91
 272 0126 6A       		.sleb128 -22
 273 0127 0A       		.uleb128 0xa
 274 0128 6F757400 		.ascii	"out\000"
 275 012c 01       		.byte	0x1
 276 012d 7F       		.byte	0x7f
 277 012e BA000000 		.4byte	0xba
 278 0132 02       		.uleb128 0x2
 279 0133 91       		.byte	0x91
 280 0134 76       		.sleb128 -10
 281 0135 09       		.uleb128 0x9
 282 0136 7B000000 		.4byte	.LASF24
 283 013a 01       		.byte	0x1
 284 013b 80       		.byte	0x80
 285 013c 8C000000 		.4byte	0x8c
 286 0140 02       		.uleb128 0x2
 287 0141 91       		.byte	0x91
 288 0142 70       		.sleb128 -16
 289 0143 09       		.uleb128 0x9
 290 0144 12000000 		.4byte	.LASF25
 291 0148 01       		.byte	0x1
 292 0149 80       		.byte	0x80
 293 014a 8C000000 		.4byte	0x8c
 294 014e 02       		.uleb128 0x2
 295 014f 91       		.byte	0x91
 296 0150 6C       		.sleb128 -20
ARM GAS  C:\Users\fneves\AppData\Local\Temp\ccySSOwP.s 			page 9


 297 0151 00       		.byte	0
 298 0152 06       		.uleb128 0x6
 299 0153 04       		.byte	0x4
 300 0154 8C000000 		.4byte	0x8c
 301 0158 00       		.byte	0
 302              		.section	.debug_abbrev,"",%progbits
 303              	.Ldebug_abbrev0:
 304 0000 01       		.uleb128 0x1
 305 0001 11       		.uleb128 0x11
 306 0002 01       		.byte	0x1
 307 0003 25       		.uleb128 0x25
 308 0004 0E       		.uleb128 0xe
 309 0005 13       		.uleb128 0x13
 310 0006 0B       		.uleb128 0xb
 311 0007 03       		.uleb128 0x3
 312 0008 0E       		.uleb128 0xe
 313 0009 1B       		.uleb128 0x1b
 314 000a 0E       		.uleb128 0xe
 315 000b 55       		.uleb128 0x55
 316 000c 17       		.uleb128 0x17
 317 000d 11       		.uleb128 0x11
 318 000e 01       		.uleb128 0x1
 319 000f 10       		.uleb128 0x10
 320 0010 17       		.uleb128 0x17
 321 0011 00       		.byte	0
 322 0012 00       		.byte	0
 323 0013 02       		.uleb128 0x2
 324 0014 24       		.uleb128 0x24
 325 0015 00       		.byte	0
 326 0016 0B       		.uleb128 0xb
 327 0017 0B       		.uleb128 0xb
 328 0018 3E       		.uleb128 0x3e
 329 0019 0B       		.uleb128 0xb
 330 001a 03       		.uleb128 0x3
 331 001b 0E       		.uleb128 0xe
 332 001c 00       		.byte	0
 333 001d 00       		.byte	0
 334 001e 03       		.uleb128 0x3
 335 001f 16       		.uleb128 0x16
 336 0020 00       		.byte	0
 337 0021 03       		.uleb128 0x3
 338 0022 0E       		.uleb128 0xe
 339 0023 3A       		.uleb128 0x3a
 340 0024 0B       		.uleb128 0xb
 341 0025 3B       		.uleb128 0x3b
 342 0026 0B       		.uleb128 0xb
 343 0027 49       		.uleb128 0x49
 344 0028 13       		.uleb128 0x13
 345 0029 00       		.byte	0
 346 002a 00       		.byte	0
 347 002b 04       		.uleb128 0x4
 348 002c 24       		.uleb128 0x24
 349 002d 00       		.byte	0
 350 002e 0B       		.uleb128 0xb
 351 002f 0B       		.uleb128 0xb
 352 0030 3E       		.uleb128 0x3e
 353 0031 0B       		.uleb128 0xb
ARM GAS  C:\Users\fneves\AppData\Local\Temp\ccySSOwP.s 			page 10


 354 0032 03       		.uleb128 0x3
 355 0033 08       		.uleb128 0x8
 356 0034 00       		.byte	0
 357 0035 00       		.byte	0
 358 0036 05       		.uleb128 0x5
 359 0037 16       		.uleb128 0x16
 360 0038 00       		.byte	0
 361 0039 03       		.uleb128 0x3
 362 003a 0E       		.uleb128 0xe
 363 003b 3A       		.uleb128 0x3a
 364 003c 0B       		.uleb128 0xb
 365 003d 3B       		.uleb128 0x3b
 366 003e 05       		.uleb128 0x5
 367 003f 49       		.uleb128 0x49
 368 0040 13       		.uleb128 0x13
 369 0041 00       		.byte	0
 370 0042 00       		.byte	0
 371 0043 06       		.uleb128 0x6
 372 0044 0F       		.uleb128 0xf
 373 0045 00       		.byte	0
 374 0046 0B       		.uleb128 0xb
 375 0047 0B       		.uleb128 0xb
 376 0048 49       		.uleb128 0x49
 377 0049 13       		.uleb128 0x13
 378 004a 00       		.byte	0
 379 004b 00       		.byte	0
 380 004c 07       		.uleb128 0x7
 381 004d 2E       		.uleb128 0x2e
 382 004e 01       		.byte	0x1
 383 004f 3F       		.uleb128 0x3f
 384 0050 19       		.uleb128 0x19
 385 0051 03       		.uleb128 0x3
 386 0052 0E       		.uleb128 0xe
 387 0053 3A       		.uleb128 0x3a
 388 0054 0B       		.uleb128 0xb
 389 0055 3B       		.uleb128 0x3b
 390 0056 0B       		.uleb128 0xb
 391 0057 27       		.uleb128 0x27
 392 0058 19       		.uleb128 0x19
 393 0059 11       		.uleb128 0x11
 394 005a 01       		.uleb128 0x1
 395 005b 12       		.uleb128 0x12
 396 005c 06       		.uleb128 0x6
 397 005d 40       		.uleb128 0x40
 398 005e 18       		.uleb128 0x18
 399 005f 9742     		.uleb128 0x2117
 400 0061 19       		.uleb128 0x19
 401 0062 01       		.uleb128 0x1
 402 0063 13       		.uleb128 0x13
 403 0064 00       		.byte	0
 404 0065 00       		.byte	0
 405 0066 08       		.uleb128 0x8
 406 0067 05       		.uleb128 0x5
 407 0068 00       		.byte	0
 408 0069 03       		.uleb128 0x3
 409 006a 0E       		.uleb128 0xe
 410 006b 3A       		.uleb128 0x3a
ARM GAS  C:\Users\fneves\AppData\Local\Temp\ccySSOwP.s 			page 11


 411 006c 0B       		.uleb128 0xb
 412 006d 3B       		.uleb128 0x3b
 413 006e 0B       		.uleb128 0xb
 414 006f 49       		.uleb128 0x49
 415 0070 13       		.uleb128 0x13
 416 0071 02       		.uleb128 0x2
 417 0072 18       		.uleb128 0x18
 418 0073 00       		.byte	0
 419 0074 00       		.byte	0
 420 0075 09       		.uleb128 0x9
 421 0076 34       		.uleb128 0x34
 422 0077 00       		.byte	0
 423 0078 03       		.uleb128 0x3
 424 0079 0E       		.uleb128 0xe
 425 007a 3A       		.uleb128 0x3a
 426 007b 0B       		.uleb128 0xb
 427 007c 3B       		.uleb128 0x3b
 428 007d 0B       		.uleb128 0xb
 429 007e 49       		.uleb128 0x49
 430 007f 13       		.uleb128 0x13
 431 0080 02       		.uleb128 0x2
 432 0081 18       		.uleb128 0x18
 433 0082 00       		.byte	0
 434 0083 00       		.byte	0
 435 0084 0A       		.uleb128 0xa
 436 0085 34       		.uleb128 0x34
 437 0086 00       		.byte	0
 438 0087 03       		.uleb128 0x3
 439 0088 08       		.uleb128 0x8
 440 0089 3A       		.uleb128 0x3a
 441 008a 0B       		.uleb128 0xb
 442 008b 3B       		.uleb128 0x3b
 443 008c 0B       		.uleb128 0xb
 444 008d 49       		.uleb128 0x49
 445 008e 13       		.uleb128 0x13
 446 008f 02       		.uleb128 0x2
 447 0090 18       		.uleb128 0x18
 448 0091 00       		.byte	0
 449 0092 00       		.byte	0
 450 0093 00       		.byte	0
 451              		.section	.debug_aranges,"",%progbits
 452 0000 1C000000 		.4byte	0x1c
 453 0004 0200     		.2byte	0x2
 454 0006 00000000 		.4byte	.Ldebug_info0
 455 000a 04       		.byte	0x4
 456 000b 00       		.byte	0
 457 000c 0000     		.2byte	0
 458 000e 0000     		.2byte	0
 459 0010 00000000 		.4byte	.LFB82
 460 0014 80000000 		.4byte	.LFE82-.LFB82
 461 0018 00000000 		.4byte	0
 462 001c 00000000 		.4byte	0
 463              		.section	.debug_ranges,"",%progbits
 464              	.Ldebug_ranges0:
 465 0000 00000000 		.4byte	.LFB82
 466 0004 80000000 		.4byte	.LFE82
 467 0008 00000000 		.4byte	0
ARM GAS  C:\Users\fneves\AppData\Local\Temp\ccySSOwP.s 			page 12


 468 000c 00000000 		.4byte	0
 469              		.section	.debug_line,"",%progbits
 470              	.Ldebug_line0:
 471 0000 78010000 		.section	.debug_str,"MS",%progbits,1
 471      02004F01 
 471      00000201 
 471      FB0E0D00 
 471      01010101 
 472              	.LASF23:
 473 0000 6D696E56 		.ascii	"minVal1\000"
 473      616C3100 
 474              	.LASF5:
 475 0008 5F5F696E 		.ascii	"__int16_t\000"
 475      7431365F 
 475      7400
 476              	.LASF25:
 477 0012 6F757449 		.ascii	"outIndex\000"
 477      6E646578 
 477      00
 478              	.LASF28:
 479 001b 433A5C55 		.ascii	"C:\\Users\\fneves\\Documents\\PSoC Creator\\wp_1\\e"
 479      73657273 
 479      5C666E65 
 479      7665735C 
 479      446F6375 
 480 0048 6E67696E 		.ascii	"ngine_speed_sensor.cydsn\000"
 480      655F7370 
 480      6565645F 
 480      73656E73 
 480      6F722E63 
 481              	.LASF18:
 482 0061 7131355F 		.ascii	"q15_t\000"
 482      7400
 483              	.LASF16:
 484 0067 666C6F61 		.ascii	"float\000"
 484      7400
 485              	.LASF1:
 486 006d 756E7369 		.ascii	"unsigned char\000"
 486      676E6564 
 486      20636861 
 486      7200
 487              	.LASF24:
 488 007b 626C6B43 		.ascii	"blkCnt\000"
 488      6E7400
 489              	.LASF7:
 490 0082 6C6F6E67 		.ascii	"long unsigned int\000"
 490      20756E73 
 490      69676E65 
 490      6420696E 
 490      7400
 491              	.LASF3:
 492 0094 73686F72 		.ascii	"short unsigned int\000"
 492      7420756E 
 492      7369676E 
 492      65642069 
 492      6E7400
 493              	.LASF21:
ARM GAS  C:\Users\fneves\AppData\Local\Temp\ccySSOwP.s 			page 13


 494 00a7 70526573 		.ascii	"pResult\000"
 494      756C7400 
 495              	.LASF15:
 496 00af 646F7562 		.ascii	"double\000"
 496      6C6500
 497              	.LASF6:
 498 00b6 5F5F7569 		.ascii	"__uint32_t\000"
 498      6E743332 
 498      5F7400
 499              	.LASF10:
 500 00c1 756E7369 		.ascii	"unsigned int\000"
 500      676E6564 
 500      20696E74 
 500      00
 501              	.LASF22:
 502 00ce 70496E64 		.ascii	"pIndex\000"
 502      657800
 503              	.LASF9:
 504 00d5 6C6F6E67 		.ascii	"long long unsigned int\000"
 504      206C6F6E 
 504      6720756E 
 504      7369676E 
 504      65642069 
 505              	.LASF26:
 506 00ec 474E5520 		.ascii	"GNU C 4.9.3 20150303 (release) [ARM/embedded-4_9-br"
 506      4320342E 
 506      392E3320 
 506      32303135 
 506      30333033 
 507 011f 616E6368 		.ascii	"anch revision 221220] -mcpu=cortex-m0plus -mthumb -"
 507      20726576 
 507      6973696F 
 507      6E203232 
 507      31323230 
 508 0152 67202D4F 		.ascii	"g -O0 -ffunction-sections -ffat-lto-objects\000"
 508      30202D66 
 508      66756E63 
 508      74696F6E 
 508      2D736563 
 509              	.LASF11:
 510 017e 696E7431 		.ascii	"int16_t\000"
 510      365F7400 
 511              	.LASF13:
 512 0186 73697A65 		.ascii	"sizetype\000"
 512      74797065 
 512      00
 513              	.LASF27:
 514 018f 536F7572 		.ascii	"Source\\StatisticsFunctions\\arm_min_q15.c\000"
 514      63655C53 
 514      74617469 
 514      73746963 
 514      7346756E 
 515              	.LASF8:
 516 01b8 6C6F6E67 		.ascii	"long long int\000"
 516      206C6F6E 
 516      6720696E 
 516      7400
ARM GAS  C:\Users\fneves\AppData\Local\Temp\ccySSOwP.s 			page 14


 517              	.LASF20:
 518 01c6 626C6F63 		.ascii	"blockSize\000"
 518      6B53697A 
 518      6500
 519              	.LASF14:
 520 01d0 63686172 		.ascii	"char\000"
 520      00
 521              	.LASF2:
 522 01d5 73686F72 		.ascii	"short int\000"
 522      7420696E 
 522      7400
 523              	.LASF12:
 524 01df 75696E74 		.ascii	"uint32_t\000"
 524      33325F74 
 524      00
 525              	.LASF4:
 526 01e8 6C6F6E67 		.ascii	"long int\000"
 526      20696E74 
 526      00
 527              	.LASF17:
 528 01f1 6C6F6E67 		.ascii	"long double\000"
 528      20646F75 
 528      626C6500 
 529              	.LASF0:
 530 01fd 7369676E 		.ascii	"signed char\000"
 530      65642063 
 530      68617200 
 531              	.LASF19:
 532 0209 70537263 		.ascii	"pSrc\000"
 532      00
 533              	.LASF29:
 534 020e 61726D5F 		.ascii	"arm_min_q15\000"
 534      6D696E5F 
 534      71313500 
 535              		.ident	"GCC: (GNU Tools for ARM Embedded Processors) 4.9.3 20150303 (release) [ARM/embedded-4_9-br
