ARM GAS  C:\Users\fneves\AppData\Local\Temp\ccoFdZPV.s 			page 1


   1              		.cpu cortex-m0plus
   2              		.fpu softvfp
   3              		.eabi_attribute 20, 1
   4              		.eabi_attribute 21, 1
   5              		.eabi_attribute 23, 3
   6              		.eabi_attribute 24, 1
   7              		.eabi_attribute 25, 1
   8              		.eabi_attribute 26, 1
   9              		.eabi_attribute 30, 6
  10              		.eabi_attribute 34, 0
  11              		.eabi_attribute 18, 4
  12              		.code	16
  13              		.file	"arm_cmplx_mag_squared_q15.c"
  14              		.text
  15              	.Ltext0:
  16              		.cfi_sections	.debug_frame
  17              		.section	.text.arm_cmplx_mag_squared_q15,"ax",%progbits
  18              		.align	2
  19              		.global	arm_cmplx_mag_squared_q15
  20              		.code	16
  21              		.thumb_func
  22              		.type	arm_cmplx_mag_squared_q15, %function
  23              	arm_cmplx_mag_squared_q15:
  24              	.LFB82:
  25              		.file 1 "Source\\ComplexMathFunctions\\arm_cmplx_mag_squared_q15.c"
   1:Source\ComplexMathFunctions/arm_cmplx_mag_squared_q15.c **** /* ----------------------------------------------------------------------
   2:Source\ComplexMathFunctions/arm_cmplx_mag_squared_q15.c ****  * Project:      CMSIS DSP Library
   3:Source\ComplexMathFunctions/arm_cmplx_mag_squared_q15.c ****  * Title:        arm_cmplx_mag_squared_q15.c
   4:Source\ComplexMathFunctions/arm_cmplx_mag_squared_q15.c ****  * Description:  Q15 complex magnitude squared
   5:Source\ComplexMathFunctions/arm_cmplx_mag_squared_q15.c ****  *
   6:Source\ComplexMathFunctions/arm_cmplx_mag_squared_q15.c ****  * $Date:        27. January 2017
   7:Source\ComplexMathFunctions/arm_cmplx_mag_squared_q15.c ****  * $Revision:    V.1.5.1
   8:Source\ComplexMathFunctions/arm_cmplx_mag_squared_q15.c ****  *
   9:Source\ComplexMathFunctions/arm_cmplx_mag_squared_q15.c ****  * Target Processor: Cortex-M cores
  10:Source\ComplexMathFunctions/arm_cmplx_mag_squared_q15.c ****  * -------------------------------------------------------------------- */
  11:Source\ComplexMathFunctions/arm_cmplx_mag_squared_q15.c **** /*
  12:Source\ComplexMathFunctions/arm_cmplx_mag_squared_q15.c ****  * Copyright (C) 2010-2017 ARM Limited or its affiliates. All rights reserved.
  13:Source\ComplexMathFunctions/arm_cmplx_mag_squared_q15.c ****  *
  14:Source\ComplexMathFunctions/arm_cmplx_mag_squared_q15.c ****  * SPDX-License-Identifier: Apache-2.0
  15:Source\ComplexMathFunctions/arm_cmplx_mag_squared_q15.c ****  *
  16:Source\ComplexMathFunctions/arm_cmplx_mag_squared_q15.c ****  * Licensed under the Apache License, Version 2.0 (the License); you may
  17:Source\ComplexMathFunctions/arm_cmplx_mag_squared_q15.c ****  * not use this file except in compliance with the License.
  18:Source\ComplexMathFunctions/arm_cmplx_mag_squared_q15.c ****  * You may obtain a copy of the License at
  19:Source\ComplexMathFunctions/arm_cmplx_mag_squared_q15.c ****  *
  20:Source\ComplexMathFunctions/arm_cmplx_mag_squared_q15.c ****  * www.apache.org/licenses/LICENSE-2.0
  21:Source\ComplexMathFunctions/arm_cmplx_mag_squared_q15.c ****  *
  22:Source\ComplexMathFunctions/arm_cmplx_mag_squared_q15.c ****  * Unless required by applicable law or agreed to in writing, software
  23:Source\ComplexMathFunctions/arm_cmplx_mag_squared_q15.c ****  * distributed under the License is distributed on an AS IS BASIS, WITHOUT
  24:Source\ComplexMathFunctions/arm_cmplx_mag_squared_q15.c ****  * WARRANTIES OR CONDITIONS OF ANY KIND, either express or implied.
  25:Source\ComplexMathFunctions/arm_cmplx_mag_squared_q15.c ****  * See the License for the specific language governing permissions and
  26:Source\ComplexMathFunctions/arm_cmplx_mag_squared_q15.c ****  * limitations under the License.
  27:Source\ComplexMathFunctions/arm_cmplx_mag_squared_q15.c ****  */
  28:Source\ComplexMathFunctions/arm_cmplx_mag_squared_q15.c **** 
  29:Source\ComplexMathFunctions/arm_cmplx_mag_squared_q15.c **** #include "arm_math.h"
  30:Source\ComplexMathFunctions/arm_cmplx_mag_squared_q15.c **** 
  31:Source\ComplexMathFunctions/arm_cmplx_mag_squared_q15.c **** /**
  32:Source\ComplexMathFunctions/arm_cmplx_mag_squared_q15.c ****  * @ingroup groupCmplxMath
ARM GAS  C:\Users\fneves\AppData\Local\Temp\ccoFdZPV.s 			page 2


  33:Source\ComplexMathFunctions/arm_cmplx_mag_squared_q15.c ****  */
  34:Source\ComplexMathFunctions/arm_cmplx_mag_squared_q15.c **** 
  35:Source\ComplexMathFunctions/arm_cmplx_mag_squared_q15.c **** /**
  36:Source\ComplexMathFunctions/arm_cmplx_mag_squared_q15.c ****  * @addtogroup cmplx_mag_squared
  37:Source\ComplexMathFunctions/arm_cmplx_mag_squared_q15.c ****  * @{
  38:Source\ComplexMathFunctions/arm_cmplx_mag_squared_q15.c ****  */
  39:Source\ComplexMathFunctions/arm_cmplx_mag_squared_q15.c **** 
  40:Source\ComplexMathFunctions/arm_cmplx_mag_squared_q15.c **** /**
  41:Source\ComplexMathFunctions/arm_cmplx_mag_squared_q15.c ****  * @brief  Q15 complex magnitude squared
  42:Source\ComplexMathFunctions/arm_cmplx_mag_squared_q15.c ****  * @param  *pSrc points to the complex input vector
  43:Source\ComplexMathFunctions/arm_cmplx_mag_squared_q15.c ****  * @param  *pDst points to the real output vector
  44:Source\ComplexMathFunctions/arm_cmplx_mag_squared_q15.c ****  * @param  numSamples number of complex samples in the input vector
  45:Source\ComplexMathFunctions/arm_cmplx_mag_squared_q15.c ****  * @return none.
  46:Source\ComplexMathFunctions/arm_cmplx_mag_squared_q15.c ****  *
  47:Source\ComplexMathFunctions/arm_cmplx_mag_squared_q15.c ****  * <b>Scaling and Overflow Behavior:</b>
  48:Source\ComplexMathFunctions/arm_cmplx_mag_squared_q15.c ****  * \par
  49:Source\ComplexMathFunctions/arm_cmplx_mag_squared_q15.c ****  * The function implements 1.15 by 1.15 multiplications and finally output is converted into 3.13 f
  50:Source\ComplexMathFunctions/arm_cmplx_mag_squared_q15.c ****  */
  51:Source\ComplexMathFunctions/arm_cmplx_mag_squared_q15.c **** 
  52:Source\ComplexMathFunctions/arm_cmplx_mag_squared_q15.c **** void arm_cmplx_mag_squared_q15(
  53:Source\ComplexMathFunctions/arm_cmplx_mag_squared_q15.c ****   q15_t * pSrc,
  54:Source\ComplexMathFunctions/arm_cmplx_mag_squared_q15.c ****   q15_t * pDst,
  55:Source\ComplexMathFunctions/arm_cmplx_mag_squared_q15.c ****   uint32_t numSamples)
  56:Source\ComplexMathFunctions/arm_cmplx_mag_squared_q15.c **** {
  26              		.loc 1 56 0
  27              		.cfi_startproc
  28 0000 F0B5     		push	{r4, r5, r6, r7, lr}
  29              		.cfi_def_cfa_offset 20
  30              		.cfi_offset 4, -20
  31              		.cfi_offset 5, -16
  32              		.cfi_offset 6, -12
  33              		.cfi_offset 7, -8
  34              		.cfi_offset 14, -4
  35 0002 8DB0     		sub	sp, sp, #52
  36              		.cfi_def_cfa_offset 72
  37 0004 00AF     		add	r7, sp, #0
  38              		.cfi_def_cfa_register 7
  39 0006 F861     		str	r0, [r7, #28]
  40 0008 B961     		str	r1, [r7, #24]
  41 000a 7A61     		str	r2, [r7, #20]
  57:Source\ComplexMathFunctions/arm_cmplx_mag_squared_q15.c ****   q31_t acc0, acc1;                              /* Accumulators */
  58:Source\ComplexMathFunctions/arm_cmplx_mag_squared_q15.c **** 
  59:Source\ComplexMathFunctions/arm_cmplx_mag_squared_q15.c **** #if defined (ARM_MATH_DSP)
  60:Source\ComplexMathFunctions/arm_cmplx_mag_squared_q15.c **** 
  61:Source\ComplexMathFunctions/arm_cmplx_mag_squared_q15.c ****   /* Run the below code for Cortex-M4 and Cortex-M3 */
  62:Source\ComplexMathFunctions/arm_cmplx_mag_squared_q15.c ****   uint32_t blkCnt;                               /* loop counter */
  63:Source\ComplexMathFunctions/arm_cmplx_mag_squared_q15.c ****   q31_t in1, in2, in3, in4;
  64:Source\ComplexMathFunctions/arm_cmplx_mag_squared_q15.c ****   q31_t acc2, acc3;
  65:Source\ComplexMathFunctions/arm_cmplx_mag_squared_q15.c **** 
  66:Source\ComplexMathFunctions/arm_cmplx_mag_squared_q15.c ****   /*loop Unrolling */
  67:Source\ComplexMathFunctions/arm_cmplx_mag_squared_q15.c ****   blkCnt = numSamples >> 2u;
  68:Source\ComplexMathFunctions/arm_cmplx_mag_squared_q15.c **** 
  69:Source\ComplexMathFunctions/arm_cmplx_mag_squared_q15.c ****   /* First part of the processing with loop unrolling.  Compute 4 outputs at a time.
  70:Source\ComplexMathFunctions/arm_cmplx_mag_squared_q15.c ****    ** a second loop below computes the remaining 1 to 3 samples. */
  71:Source\ComplexMathFunctions/arm_cmplx_mag_squared_q15.c ****   while (blkCnt > 0u)
  72:Source\ComplexMathFunctions/arm_cmplx_mag_squared_q15.c ****   {
  73:Source\ComplexMathFunctions/arm_cmplx_mag_squared_q15.c ****     /* C[0] = (A[0] * A[0] + A[1] * A[1]) */
ARM GAS  C:\Users\fneves\AppData\Local\Temp\ccoFdZPV.s 			page 3


  74:Source\ComplexMathFunctions/arm_cmplx_mag_squared_q15.c ****     in1 = *__SIMD32(pSrc)++;
  75:Source\ComplexMathFunctions/arm_cmplx_mag_squared_q15.c ****     in2 = *__SIMD32(pSrc)++;
  76:Source\ComplexMathFunctions/arm_cmplx_mag_squared_q15.c ****     in3 = *__SIMD32(pSrc)++;
  77:Source\ComplexMathFunctions/arm_cmplx_mag_squared_q15.c ****     in4 = *__SIMD32(pSrc)++;
  78:Source\ComplexMathFunctions/arm_cmplx_mag_squared_q15.c **** 
  79:Source\ComplexMathFunctions/arm_cmplx_mag_squared_q15.c ****     acc0 = __SMUAD(in1, in1);
  80:Source\ComplexMathFunctions/arm_cmplx_mag_squared_q15.c ****     acc1 = __SMUAD(in2, in2);
  81:Source\ComplexMathFunctions/arm_cmplx_mag_squared_q15.c ****     acc2 = __SMUAD(in3, in3);
  82:Source\ComplexMathFunctions/arm_cmplx_mag_squared_q15.c ****     acc3 = __SMUAD(in4, in4);
  83:Source\ComplexMathFunctions/arm_cmplx_mag_squared_q15.c **** 
  84:Source\ComplexMathFunctions/arm_cmplx_mag_squared_q15.c ****     /* store the result in 3.13 format in the destination buffer. */
  85:Source\ComplexMathFunctions/arm_cmplx_mag_squared_q15.c ****     *pDst++ = (q15_t) (acc0 >> 17);
  86:Source\ComplexMathFunctions/arm_cmplx_mag_squared_q15.c ****     *pDst++ = (q15_t) (acc1 >> 17);
  87:Source\ComplexMathFunctions/arm_cmplx_mag_squared_q15.c ****     *pDst++ = (q15_t) (acc2 >> 17);
  88:Source\ComplexMathFunctions/arm_cmplx_mag_squared_q15.c ****     *pDst++ = (q15_t) (acc3 >> 17);
  89:Source\ComplexMathFunctions/arm_cmplx_mag_squared_q15.c **** 
  90:Source\ComplexMathFunctions/arm_cmplx_mag_squared_q15.c ****     /* Decrement the loop counter */
  91:Source\ComplexMathFunctions/arm_cmplx_mag_squared_q15.c ****     blkCnt--;
  92:Source\ComplexMathFunctions/arm_cmplx_mag_squared_q15.c ****   }
  93:Source\ComplexMathFunctions/arm_cmplx_mag_squared_q15.c **** 
  94:Source\ComplexMathFunctions/arm_cmplx_mag_squared_q15.c ****   /* If the numSamples is not a multiple of 4, compute any remaining output samples here.
  95:Source\ComplexMathFunctions/arm_cmplx_mag_squared_q15.c ****    ** No loop unrolling is used. */
  96:Source\ComplexMathFunctions/arm_cmplx_mag_squared_q15.c ****   blkCnt = numSamples % 0x4u;
  97:Source\ComplexMathFunctions/arm_cmplx_mag_squared_q15.c **** 
  98:Source\ComplexMathFunctions/arm_cmplx_mag_squared_q15.c ****   while (blkCnt > 0u)
  99:Source\ComplexMathFunctions/arm_cmplx_mag_squared_q15.c ****   {
 100:Source\ComplexMathFunctions/arm_cmplx_mag_squared_q15.c ****     /* C[0] = (A[0] * A[0] + A[1] * A[1]) */
 101:Source\ComplexMathFunctions/arm_cmplx_mag_squared_q15.c ****     in1 = *__SIMD32(pSrc)++;
 102:Source\ComplexMathFunctions/arm_cmplx_mag_squared_q15.c ****     acc0 = __SMUAD(in1, in1);
 103:Source\ComplexMathFunctions/arm_cmplx_mag_squared_q15.c **** 
 104:Source\ComplexMathFunctions/arm_cmplx_mag_squared_q15.c ****     /* store the result in 3.13 format in the destination buffer. */
 105:Source\ComplexMathFunctions/arm_cmplx_mag_squared_q15.c ****     *pDst++ = (q15_t) (acc0 >> 17);
 106:Source\ComplexMathFunctions/arm_cmplx_mag_squared_q15.c **** 
 107:Source\ComplexMathFunctions/arm_cmplx_mag_squared_q15.c ****     /* Decrement the loop counter */
 108:Source\ComplexMathFunctions/arm_cmplx_mag_squared_q15.c ****     blkCnt--;
 109:Source\ComplexMathFunctions/arm_cmplx_mag_squared_q15.c ****   }
 110:Source\ComplexMathFunctions/arm_cmplx_mag_squared_q15.c **** 
 111:Source\ComplexMathFunctions/arm_cmplx_mag_squared_q15.c **** #else
 112:Source\ComplexMathFunctions/arm_cmplx_mag_squared_q15.c **** 
 113:Source\ComplexMathFunctions/arm_cmplx_mag_squared_q15.c ****   /* Run the below code for Cortex-M0 */
 114:Source\ComplexMathFunctions/arm_cmplx_mag_squared_q15.c ****   q15_t real, imag;                              /* Temporary variables to store real and imaginary
 115:Source\ComplexMathFunctions/arm_cmplx_mag_squared_q15.c **** 
 116:Source\ComplexMathFunctions/arm_cmplx_mag_squared_q15.c ****   while (numSamples > 0u)
  42              		.loc 1 116 0
  43 000c 4DE0     		b	.L2
  44              	.L3:
 117:Source\ComplexMathFunctions/arm_cmplx_mag_squared_q15.c ****   {
 118:Source\ComplexMathFunctions/arm_cmplx_mag_squared_q15.c ****     /* out = ((real * real) + (imag * imag)) */
 119:Source\ComplexMathFunctions/arm_cmplx_mag_squared_q15.c ****     real = *pSrc++;
  45              		.loc 1 119 0
  46 000e FB69     		ldr	r3, [r7, #28]
  47 0010 9A1C     		add	r2, r3, #2
  48 0012 FA61     		str	r2, [r7, #28]
  49 0014 1E22     		mov	r2, #30
  50 0016 1021     		mov	r1, #16
  51 0018 8C46     		mov	ip, r1
  52 001a BC44     		add	ip, ip, r7
ARM GAS  C:\Users\fneves\AppData\Local\Temp\ccoFdZPV.s 			page 4


  53 001c 6244     		add	r2, r2, ip
  54 001e 1B88     		ldrh	r3, [r3]
  55 0020 1380     		strh	r3, [r2]
 120:Source\ComplexMathFunctions/arm_cmplx_mag_squared_q15.c ****     imag = *pSrc++;
  56              		.loc 1 120 0
  57 0022 FB69     		ldr	r3, [r7, #28]
  58 0024 9A1C     		add	r2, r3, #2
  59 0026 FA61     		str	r2, [r7, #28]
  60 0028 1C22     		mov	r2, #28
  61 002a 1021     		mov	r1, #16
  62 002c 8C46     		mov	ip, r1
  63 002e BC44     		add	ip, ip, r7
  64 0030 6244     		add	r2, r2, ip
  65 0032 1B88     		ldrh	r3, [r3]
  66 0034 1380     		strh	r3, [r2]
 121:Source\ComplexMathFunctions/arm_cmplx_mag_squared_q15.c ****     acc0 = (real * real);
  67              		.loc 1 121 0
  68 0036 1E23     		mov	r3, #30
  69 0038 1022     		mov	r2, #16
  70 003a 9446     		mov	ip, r2
  71 003c BC44     		add	ip, ip, r7
  72 003e 6344     		add	r3, r3, ip
  73 0040 0022     		mov	r2, #0
  74 0042 9B5E     		ldrsh	r3, [r3, r2]
  75 0044 1E22     		mov	r2, #30
  76 0046 1021     		mov	r1, #16
  77 0048 8C46     		mov	ip, r1
  78 004a BC44     		add	ip, ip, r7
  79 004c 6244     		add	r2, r2, ip
  80 004e 0021     		mov	r1, #0
  81 0050 525E     		ldrsh	r2, [r2, r1]
  82 0052 5343     		mul	r3, r2
  83 0054 BB62     		str	r3, [r7, #40]
 122:Source\ComplexMathFunctions/arm_cmplx_mag_squared_q15.c ****     acc1 = (imag * imag);
  84              		.loc 1 122 0
  85 0056 1C23     		mov	r3, #28
  86 0058 1022     		mov	r2, #16
  87 005a 9446     		mov	ip, r2
  88 005c BC44     		add	ip, ip, r7
  89 005e 6344     		add	r3, r3, ip
  90 0060 0022     		mov	r2, #0
  91 0062 9B5E     		ldrsh	r3, [r3, r2]
  92 0064 1C22     		mov	r2, #28
  93 0066 1021     		mov	r1, #16
  94 0068 8C46     		mov	ip, r1
  95 006a BC44     		add	ip, ip, r7
  96 006c 6244     		add	r2, r2, ip
  97 006e 0021     		mov	r1, #0
  98 0070 525E     		ldrsh	r2, [r2, r1]
  99 0072 5343     		mul	r3, r2
 100 0074 7B62     		str	r3, [r7, #36]
 123:Source\ComplexMathFunctions/arm_cmplx_mag_squared_q15.c ****     /* store the result in 3.13 format in the destination buffer. */
 124:Source\ComplexMathFunctions/arm_cmplx_mag_squared_q15.c ****     *pDst++ = (q15_t) (((q63_t) acc0 + acc1) >> 17);
 101              		.loc 1 124 0
 102 0076 BA69     		ldr	r2, [r7, #24]
 103 0078 931C     		add	r3, r2, #2
 104 007a BB61     		str	r3, [r7, #24]
ARM GAS  C:\Users\fneves\AppData\Local\Temp\ccoFdZPV.s 			page 5


 105 007c BB6A     		ldr	r3, [r7, #40]
 106 007e BB60     		str	r3, [r7, #8]
 107 0080 DB17     		asr	r3, r3, #31
 108 0082 FB60     		str	r3, [r7, #12]
 109 0084 7B6A     		ldr	r3, [r7, #36]
 110 0086 3B60     		str	r3, [r7]
 111 0088 DB17     		asr	r3, r3, #31
 112 008a 7B60     		str	r3, [r7, #4]
 113 008c BB68     		ldr	r3, [r7, #8]
 114 008e FC68     		ldr	r4, [r7, #12]
 115 0090 3868     		ldr	r0, [r7]
 116 0092 7968     		ldr	r1, [r7, #4]
 117 0094 1B18     		add	r3, r3, r0
 118 0096 4C41     		adc	r4, r4, r1
 119 0098 E103     		lsl	r1, r4, #15
 120 009a 5D0C     		lsr	r5, r3, #17
 121 009c 0D43     		orr	r5, r1
 122 009e 6614     		asr	r6, r4, #17
 123 00a0 ABB2     		uxth	r3, r5
 124 00a2 1380     		strh	r3, [r2]
 125:Source\ComplexMathFunctions/arm_cmplx_mag_squared_q15.c **** 
 126:Source\ComplexMathFunctions/arm_cmplx_mag_squared_q15.c ****     /* Decrement the loop counter */
 127:Source\ComplexMathFunctions/arm_cmplx_mag_squared_q15.c ****     numSamples--;
 125              		.loc 1 127 0
 126 00a4 7B69     		ldr	r3, [r7, #20]
 127 00a6 013B     		sub	r3, r3, #1
 128 00a8 7B61     		str	r3, [r7, #20]
 129              	.L2:
 116:Source\ComplexMathFunctions/arm_cmplx_mag_squared_q15.c ****   {
 130              		.loc 1 116 0
 131 00aa 7B69     		ldr	r3, [r7, #20]
 132 00ac 002B     		cmp	r3, #0
 133 00ae AED1     		bne	.L3
 128:Source\ComplexMathFunctions/arm_cmplx_mag_squared_q15.c ****   }
 129:Source\ComplexMathFunctions/arm_cmplx_mag_squared_q15.c **** 
 130:Source\ComplexMathFunctions/arm_cmplx_mag_squared_q15.c **** #endif /* #if defined (ARM_MATH_DSP) */
 131:Source\ComplexMathFunctions/arm_cmplx_mag_squared_q15.c **** 
 132:Source\ComplexMathFunctions/arm_cmplx_mag_squared_q15.c **** }
 134              		.loc 1 132 0
 135 00b0 BD46     		mov	sp, r7
 136 00b2 0DB0     		add	sp, sp, #52
 137              		@ sp needed
 138 00b4 F0BD     		pop	{r4, r5, r6, r7, pc}
 139              		.cfi_endproc
 140              	.LFE82:
 141              		.size	arm_cmplx_mag_squared_q15, .-arm_cmplx_mag_squared_q15
 142 00b6 C046     		.text
 143              	.Letext0:
 144              		.file 2 "c:\\program files (x86)\\cypress\\psoc creator\\4.0\\psoc creator\\import\\gnu\\arm\\4.9.
 145              		.file 3 "c:\\program files (x86)\\cypress\\psoc creator\\4.0\\psoc creator\\import\\gnu\\arm\\4.9.
 146              		.file 4 ".\\Include/arm_math.h"
 147              		.section	.debug_info,"",%progbits
 148              	.Ldebug_info0:
 149 0000 81010000 		.4byte	0x181
 150 0004 0400     		.2byte	0x4
 151 0006 00000000 		.4byte	.Ldebug_abbrev0
 152 000a 04       		.byte	0x4
ARM GAS  C:\Users\fneves\AppData\Local\Temp\ccoFdZPV.s 			page 6


 153 000b 01       		.uleb128 0x1
 154 000c 48010000 		.4byte	.LASF32
 155 0010 01       		.byte	0x1
 156 0011 AC000000 		.4byte	.LASF33
 157 0015 1C000000 		.4byte	.LASF34
 158 0019 00000000 		.4byte	.Ldebug_ranges0+0
 159 001d 00000000 		.4byte	0
 160 0021 00000000 		.4byte	.Ldebug_line0
 161 0025 02       		.uleb128 0x2
 162 0026 01       		.byte	0x1
 163 0027 06       		.byte	0x6
 164 0028 34020000 		.4byte	.LASF0
 165 002c 02       		.uleb128 0x2
 166 002d 01       		.byte	0x1
 167 002e 08       		.byte	0x8
 168 002f 74000000 		.4byte	.LASF1
 169 0033 03       		.uleb128 0x3
 170 0034 08000000 		.4byte	.LASF4
 171 0038 02       		.byte	0x2
 172 0039 29       		.byte	0x29
 173 003a 3E000000 		.4byte	0x3e
 174 003e 02       		.uleb128 0x2
 175 003f 02       		.byte	0x2
 176 0040 05       		.byte	0x5
 177 0041 0C020000 		.4byte	.LASF2
 178 0045 02       		.uleb128 0x2
 179 0046 02       		.byte	0x2
 180 0047 07       		.byte	0x7
 181 0048 94000000 		.4byte	.LASF3
 182 004c 03       		.uleb128 0x3
 183 004d 12000000 		.4byte	.LASF5
 184 0051 02       		.byte	0x2
 185 0052 3F       		.byte	0x3f
 186 0053 57000000 		.4byte	0x57
 187 0057 02       		.uleb128 0x2
 188 0058 04       		.byte	0x4
 189 0059 05       		.byte	0x5
 190 005a 1F020000 		.4byte	.LASF6
 191 005e 03       		.uleb128 0x3
 192 005f F5000000 		.4byte	.LASF7
 193 0063 02       		.byte	0x2
 194 0064 41       		.byte	0x41
 195 0065 69000000 		.4byte	0x69
 196 0069 02       		.uleb128 0x2
 197 006a 04       		.byte	0x4
 198 006b 07       		.byte	0x7
 199 006c 82000000 		.4byte	.LASF8
 200 0070 03       		.uleb128 0x3
 201 0071 E4000000 		.4byte	.LASF9
 202 0075 02       		.byte	0x2
 203 0076 59       		.byte	0x59
 204 0077 7B000000 		.4byte	0x7b
 205 007b 02       		.uleb128 0x2
 206 007c 08       		.byte	0x8
 207 007d 05       		.byte	0x5
 208 007e F9010000 		.4byte	.LASF10
 209 0082 02       		.uleb128 0x2
ARM GAS  C:\Users\fneves\AppData\Local\Temp\ccoFdZPV.s 			page 7


 210 0083 08       		.byte	0x8
 211 0084 07       		.byte	0x7
 212 0085 31010000 		.4byte	.LASF11
 213 0089 04       		.uleb128 0x4
 214 008a 04       		.byte	0x4
 215 008b 05       		.byte	0x5
 216 008c 696E7400 		.ascii	"int\000"
 217 0090 02       		.uleb128 0x2
 218 0091 04       		.byte	0x4
 219 0092 07       		.byte	0x7
 220 0093 05010000 		.4byte	.LASF12
 221 0097 03       		.uleb128 0x3
 222 0098 E0010000 		.4byte	.LASF13
 223 009c 03       		.byte	0x3
 224 009d 20       		.byte	0x20
 225 009e 33000000 		.4byte	0x33
 226 00a2 03       		.uleb128 0x3
 227 00a3 E8010000 		.4byte	.LASF14
 228 00a7 03       		.byte	0x3
 229 00a8 2C       		.byte	0x2c
 230 00a9 4C000000 		.4byte	0x4c
 231 00ad 03       		.uleb128 0x3
 232 00ae 16020000 		.4byte	.LASF15
 233 00b2 03       		.byte	0x3
 234 00b3 2D       		.byte	0x2d
 235 00b4 5E000000 		.4byte	0x5e
 236 00b8 03       		.uleb128 0x3
 237 00b9 00000000 		.4byte	.LASF16
 238 00bd 03       		.byte	0x3
 239 00be 38       		.byte	0x38
 240 00bf 70000000 		.4byte	0x70
 241 00c3 02       		.uleb128 0x2
 242 00c4 04       		.byte	0x4
 243 00c5 07       		.byte	0x7
 244 00c6 F0010000 		.4byte	.LASF17
 245 00ca 02       		.uleb128 0x2
 246 00cb 01       		.byte	0x1
 247 00cc 08       		.byte	0x8
 248 00cd 07020000 		.4byte	.LASF18
 249 00d1 02       		.uleb128 0x2
 250 00d2 08       		.byte	0x8
 251 00d3 04       		.byte	0x4
 252 00d4 EE000000 		.4byte	.LASF19
 253 00d8 02       		.uleb128 0x2
 254 00d9 04       		.byte	0x4
 255 00da 04       		.byte	0x4
 256 00db 68000000 		.4byte	.LASF20
 257 00df 02       		.uleb128 0x2
 258 00e0 08       		.byte	0x8
 259 00e1 04       		.byte	0x4
 260 00e2 28020000 		.4byte	.LASF21
 261 00e6 05       		.uleb128 0x5
 262 00e7 62000000 		.4byte	.LASF22
 263 00eb 04       		.byte	0x4
 264 00ec 9601     		.2byte	0x196
 265 00ee 97000000 		.4byte	0x97
 266 00f2 05       		.uleb128 0x5
ARM GAS  C:\Users\fneves\AppData\Local\Temp\ccoFdZPV.s 			page 8


 267 00f3 6E000000 		.4byte	.LASF23
 268 00f7 04       		.byte	0x4
 269 00f8 9B01     		.2byte	0x19b
 270 00fa A2000000 		.4byte	0xa2
 271 00fe 05       		.uleb128 0x5
 272 00ff DA010000 		.4byte	.LASF24
 273 0103 04       		.byte	0x4
 274 0104 A001     		.2byte	0x1a0
 275 0106 B8000000 		.4byte	0xb8
 276 010a 06       		.uleb128 0x6
 277 010b 04       		.byte	0x4
 278 010c E6000000 		.4byte	0xe6
 279 0110 07       		.uleb128 0x7
 280 0111 17010000 		.4byte	.LASF35
 281 0115 01       		.byte	0x1
 282 0116 34       		.byte	0x34
 283 0117 00000000 		.4byte	.LFB82
 284 011b B6000000 		.4byte	.LFE82-.LFB82
 285 011f 01       		.uleb128 0x1
 286 0120 9C       		.byte	0x9c
 287 0121 08       		.uleb128 0x8
 288 0122 40020000 		.4byte	.LASF25
 289 0126 01       		.byte	0x1
 290 0127 35       		.byte	0x35
 291 0128 0A010000 		.4byte	0x10a
 292 012c 02       		.uleb128 0x2
 293 012d 91       		.byte	0x91
 294 012e 54       		.sleb128 -44
 295 012f 08       		.uleb128 0x8
 296 0130 A7000000 		.4byte	.LASF26
 297 0134 01       		.byte	0x1
 298 0135 36       		.byte	0x36
 299 0136 0A010000 		.4byte	0x10a
 300 013a 02       		.uleb128 0x2
 301 013b 91       		.byte	0x91
 302 013c 50       		.sleb128 -48
 303 013d 08       		.uleb128 0x8
 304 013e 45020000 		.4byte	.LASF27
 305 0142 01       		.byte	0x1
 306 0143 37       		.byte	0x37
 307 0144 AD000000 		.4byte	0xad
 308 0148 02       		.uleb128 0x2
 309 0149 91       		.byte	0x91
 310 014a 4C       		.sleb128 -52
 311 014b 09       		.uleb128 0x9
 312 014c 50020000 		.4byte	.LASF28
 313 0150 01       		.byte	0x1
 314 0151 39       		.byte	0x39
 315 0152 F2000000 		.4byte	0xf2
 316 0156 02       		.uleb128 0x2
 317 0157 91       		.byte	0x91
 318 0158 60       		.sleb128 -32
 319 0159 09       		.uleb128 0x9
 320 015a 55020000 		.4byte	.LASF29
 321 015e 01       		.byte	0x1
 322 015f 39       		.byte	0x39
 323 0160 F2000000 		.4byte	0xf2
ARM GAS  C:\Users\fneves\AppData\Local\Temp\ccoFdZPV.s 			page 9


 324 0164 02       		.uleb128 0x2
 325 0165 91       		.byte	0x91
 326 0166 5C       		.sleb128 -36
 327 0167 09       		.uleb128 0x9
 328 0168 12010000 		.4byte	.LASF30
 329 016c 01       		.byte	0x1
 330 016d 72       		.byte	0x72
 331 016e E6000000 		.4byte	0xe6
 332 0172 02       		.uleb128 0x2
 333 0173 91       		.byte	0x91
 334 0174 66       		.sleb128 -26
 335 0175 09       		.uleb128 0x9
 336 0176 00010000 		.4byte	.LASF31
 337 017a 01       		.byte	0x1
 338 017b 72       		.byte	0x72
 339 017c E6000000 		.4byte	0xe6
 340 0180 02       		.uleb128 0x2
 341 0181 91       		.byte	0x91
 342 0182 64       		.sleb128 -28
 343 0183 00       		.byte	0
 344 0184 00       		.byte	0
 345              		.section	.debug_abbrev,"",%progbits
 346              	.Ldebug_abbrev0:
 347 0000 01       		.uleb128 0x1
 348 0001 11       		.uleb128 0x11
 349 0002 01       		.byte	0x1
 350 0003 25       		.uleb128 0x25
 351 0004 0E       		.uleb128 0xe
 352 0005 13       		.uleb128 0x13
 353 0006 0B       		.uleb128 0xb
 354 0007 03       		.uleb128 0x3
 355 0008 0E       		.uleb128 0xe
 356 0009 1B       		.uleb128 0x1b
 357 000a 0E       		.uleb128 0xe
 358 000b 55       		.uleb128 0x55
 359 000c 17       		.uleb128 0x17
 360 000d 11       		.uleb128 0x11
 361 000e 01       		.uleb128 0x1
 362 000f 10       		.uleb128 0x10
 363 0010 17       		.uleb128 0x17
 364 0011 00       		.byte	0
 365 0012 00       		.byte	0
 366 0013 02       		.uleb128 0x2
 367 0014 24       		.uleb128 0x24
 368 0015 00       		.byte	0
 369 0016 0B       		.uleb128 0xb
 370 0017 0B       		.uleb128 0xb
 371 0018 3E       		.uleb128 0x3e
 372 0019 0B       		.uleb128 0xb
 373 001a 03       		.uleb128 0x3
 374 001b 0E       		.uleb128 0xe
 375 001c 00       		.byte	0
 376 001d 00       		.byte	0
 377 001e 03       		.uleb128 0x3
 378 001f 16       		.uleb128 0x16
 379 0020 00       		.byte	0
 380 0021 03       		.uleb128 0x3
ARM GAS  C:\Users\fneves\AppData\Local\Temp\ccoFdZPV.s 			page 10


 381 0022 0E       		.uleb128 0xe
 382 0023 3A       		.uleb128 0x3a
 383 0024 0B       		.uleb128 0xb
 384 0025 3B       		.uleb128 0x3b
 385 0026 0B       		.uleb128 0xb
 386 0027 49       		.uleb128 0x49
 387 0028 13       		.uleb128 0x13
 388 0029 00       		.byte	0
 389 002a 00       		.byte	0
 390 002b 04       		.uleb128 0x4
 391 002c 24       		.uleb128 0x24
 392 002d 00       		.byte	0
 393 002e 0B       		.uleb128 0xb
 394 002f 0B       		.uleb128 0xb
 395 0030 3E       		.uleb128 0x3e
 396 0031 0B       		.uleb128 0xb
 397 0032 03       		.uleb128 0x3
 398 0033 08       		.uleb128 0x8
 399 0034 00       		.byte	0
 400 0035 00       		.byte	0
 401 0036 05       		.uleb128 0x5
 402 0037 16       		.uleb128 0x16
 403 0038 00       		.byte	0
 404 0039 03       		.uleb128 0x3
 405 003a 0E       		.uleb128 0xe
 406 003b 3A       		.uleb128 0x3a
 407 003c 0B       		.uleb128 0xb
 408 003d 3B       		.uleb128 0x3b
 409 003e 05       		.uleb128 0x5
 410 003f 49       		.uleb128 0x49
 411 0040 13       		.uleb128 0x13
 412 0041 00       		.byte	0
 413 0042 00       		.byte	0
 414 0043 06       		.uleb128 0x6
 415 0044 0F       		.uleb128 0xf
 416 0045 00       		.byte	0
 417 0046 0B       		.uleb128 0xb
 418 0047 0B       		.uleb128 0xb
 419 0048 49       		.uleb128 0x49
 420 0049 13       		.uleb128 0x13
 421 004a 00       		.byte	0
 422 004b 00       		.byte	0
 423 004c 07       		.uleb128 0x7
 424 004d 2E       		.uleb128 0x2e
 425 004e 01       		.byte	0x1
 426 004f 3F       		.uleb128 0x3f
 427 0050 19       		.uleb128 0x19
 428 0051 03       		.uleb128 0x3
 429 0052 0E       		.uleb128 0xe
 430 0053 3A       		.uleb128 0x3a
 431 0054 0B       		.uleb128 0xb
 432 0055 3B       		.uleb128 0x3b
 433 0056 0B       		.uleb128 0xb
 434 0057 27       		.uleb128 0x27
 435 0058 19       		.uleb128 0x19
 436 0059 11       		.uleb128 0x11
 437 005a 01       		.uleb128 0x1
ARM GAS  C:\Users\fneves\AppData\Local\Temp\ccoFdZPV.s 			page 11


 438 005b 12       		.uleb128 0x12
 439 005c 06       		.uleb128 0x6
 440 005d 40       		.uleb128 0x40
 441 005e 18       		.uleb128 0x18
 442 005f 9742     		.uleb128 0x2117
 443 0061 19       		.uleb128 0x19
 444 0062 00       		.byte	0
 445 0063 00       		.byte	0
 446 0064 08       		.uleb128 0x8
 447 0065 05       		.uleb128 0x5
 448 0066 00       		.byte	0
 449 0067 03       		.uleb128 0x3
 450 0068 0E       		.uleb128 0xe
 451 0069 3A       		.uleb128 0x3a
 452 006a 0B       		.uleb128 0xb
 453 006b 3B       		.uleb128 0x3b
 454 006c 0B       		.uleb128 0xb
 455 006d 49       		.uleb128 0x49
 456 006e 13       		.uleb128 0x13
 457 006f 02       		.uleb128 0x2
 458 0070 18       		.uleb128 0x18
 459 0071 00       		.byte	0
 460 0072 00       		.byte	0
 461 0073 09       		.uleb128 0x9
 462 0074 34       		.uleb128 0x34
 463 0075 00       		.byte	0
 464 0076 03       		.uleb128 0x3
 465 0077 0E       		.uleb128 0xe
 466 0078 3A       		.uleb128 0x3a
 467 0079 0B       		.uleb128 0xb
 468 007a 3B       		.uleb128 0x3b
 469 007b 0B       		.uleb128 0xb
 470 007c 49       		.uleb128 0x49
 471 007d 13       		.uleb128 0x13
 472 007e 02       		.uleb128 0x2
 473 007f 18       		.uleb128 0x18
 474 0080 00       		.byte	0
 475 0081 00       		.byte	0
 476 0082 00       		.byte	0
 477              		.section	.debug_aranges,"",%progbits
 478 0000 1C000000 		.4byte	0x1c
 479 0004 0200     		.2byte	0x2
 480 0006 00000000 		.4byte	.Ldebug_info0
 481 000a 04       		.byte	0x4
 482 000b 00       		.byte	0
 483 000c 0000     		.2byte	0
 484 000e 0000     		.2byte	0
 485 0010 00000000 		.4byte	.LFB82
 486 0014 B6000000 		.4byte	.LFE82-.LFB82
 487 0018 00000000 		.4byte	0
 488 001c 00000000 		.4byte	0
 489              		.section	.debug_ranges,"",%progbits
 490              	.Ldebug_ranges0:
 491 0000 00000000 		.4byte	.LFB82
 492 0004 B6000000 		.4byte	.LFE82
 493 0008 00000000 		.4byte	0
 494 000c 00000000 		.4byte	0
ARM GAS  C:\Users\fneves\AppData\Local\Temp\ccoFdZPV.s 			page 12


 495              		.section	.debug_line,"",%progbits
 496              	.Ldebug_line0:
 497 0000 83010000 		.section	.debug_str,"MS",%progbits,1
 497      02005E01 
 497      00000201 
 497      FB0E0D00 
 497      01010101 
 498              	.LASF16:
 499 0000 696E7436 		.ascii	"int64_t\000"
 499      345F7400 
 500              	.LASF4:
 501 0008 5F5F696E 		.ascii	"__int16_t\000"
 501      7431365F 
 501      7400
 502              	.LASF5:
 503 0012 5F5F696E 		.ascii	"__int32_t\000"
 503      7433325F 
 503      7400
 504              	.LASF34:
 505 001c 433A5C55 		.ascii	"C:\\Users\\fneves\\Documents\\PSoC Creator\\wp_1\\e"
 505      73657273 
 505      5C666E65 
 505      7665735C 
 505      446F6375 
 506 0049 6E67696E 		.ascii	"ngine_speed_sensor.cydsn\000"
 506      655F7370 
 506      6565645F 
 506      73656E73 
 506      6F722E63 
 507              	.LASF22:
 508 0062 7131355F 		.ascii	"q15_t\000"
 508      7400
 509              	.LASF20:
 510 0068 666C6F61 		.ascii	"float\000"
 510      7400
 511              	.LASF23:
 512 006e 7133315F 		.ascii	"q31_t\000"
 512      7400
 513              	.LASF1:
 514 0074 756E7369 		.ascii	"unsigned char\000"
 514      676E6564 
 514      20636861 
 514      7200
 515              	.LASF8:
 516 0082 6C6F6E67 		.ascii	"long unsigned int\000"
 516      20756E73 
 516      69676E65 
 516      6420696E 
 516      7400
 517              	.LASF3:
 518 0094 73686F72 		.ascii	"short unsigned int\000"
 518      7420756E 
 518      7369676E 
 518      65642069 
 518      6E7400
 519              	.LASF26:
 520 00a7 70447374 		.ascii	"pDst\000"
ARM GAS  C:\Users\fneves\AppData\Local\Temp\ccoFdZPV.s 			page 13


 520      00
 521              	.LASF33:
 522 00ac 536F7572 		.ascii	"Source\\ComplexMathFunctions\\arm_cmplx_mag_squared"
 522      63655C43 
 522      6F6D706C 
 522      65784D61 
 522      74684675 
 523 00dd 5F713135 		.ascii	"_q15.c\000"
 523      2E6300
 524              	.LASF9:
 525 00e4 5F5F696E 		.ascii	"__int64_t\000"
 525      7436345F 
 525      7400
 526              	.LASF19:
 527 00ee 646F7562 		.ascii	"double\000"
 527      6C6500
 528              	.LASF7:
 529 00f5 5F5F7569 		.ascii	"__uint32_t\000"
 529      6E743332 
 529      5F7400
 530              	.LASF31:
 531 0100 696D6167 		.ascii	"imag\000"
 531      00
 532              	.LASF12:
 533 0105 756E7369 		.ascii	"unsigned int\000"
 533      676E6564 
 533      20696E74 
 533      00
 534              	.LASF30:
 535 0112 7265616C 		.ascii	"real\000"
 535      00
 536              	.LASF35:
 537 0117 61726D5F 		.ascii	"arm_cmplx_mag_squared_q15\000"
 537      636D706C 
 537      785F6D61 
 537      675F7371 
 537      75617265 
 538              	.LASF11:
 539 0131 6C6F6E67 		.ascii	"long long unsigned int\000"
 539      206C6F6E 
 539      6720756E 
 539      7369676E 
 539      65642069 
 540              	.LASF32:
 541 0148 474E5520 		.ascii	"GNU C 4.9.3 20150303 (release) [ARM/embedded-4_9-br"
 541      4320342E 
 541      392E3320 
 541      32303135 
 541      30333033 
 542 017b 616E6368 		.ascii	"anch revision 221220] -mcpu=cortex-m0plus -mthumb -"
 542      20726576 
 542      6973696F 
 542      6E203232 
 542      31323230 
 543 01ae 67202D4F 		.ascii	"g -O0 -ffunction-sections -ffat-lto-objects\000"
 543      30202D66 
 543      66756E63 
ARM GAS  C:\Users\fneves\AppData\Local\Temp\ccoFdZPV.s 			page 14


 543      74696F6E 
 543      2D736563 
 544              	.LASF24:
 545 01da 7136335F 		.ascii	"q63_t\000"
 545      7400
 546              	.LASF13:
 547 01e0 696E7431 		.ascii	"int16_t\000"
 547      365F7400 
 548              	.LASF14:
 549 01e8 696E7433 		.ascii	"int32_t\000"
 549      325F7400 
 550              	.LASF17:
 551 01f0 73697A65 		.ascii	"sizetype\000"
 551      74797065 
 551      00
 552              	.LASF10:
 553 01f9 6C6F6E67 		.ascii	"long long int\000"
 553      206C6F6E 
 553      6720696E 
 553      7400
 554              	.LASF18:
 555 0207 63686172 		.ascii	"char\000"
 555      00
 556              	.LASF2:
 557 020c 73686F72 		.ascii	"short int\000"
 557      7420696E 
 557      7400
 558              	.LASF15:
 559 0216 75696E74 		.ascii	"uint32_t\000"
 559      33325F74 
 559      00
 560              	.LASF6:
 561 021f 6C6F6E67 		.ascii	"long int\000"
 561      20696E74 
 561      00
 562              	.LASF21:
 563 0228 6C6F6E67 		.ascii	"long double\000"
 563      20646F75 
 563      626C6500 
 564              	.LASF0:
 565 0234 7369676E 		.ascii	"signed char\000"
 565      65642063 
 565      68617200 
 566              	.LASF25:
 567 0240 70537263 		.ascii	"pSrc\000"
 567      00
 568              	.LASF27:
 569 0245 6E756D53 		.ascii	"numSamples\000"
 569      616D706C 
 569      657300
 570              	.LASF28:
 571 0250 61636330 		.ascii	"acc0\000"
 571      00
 572              	.LASF29:
 573 0255 61636331 		.ascii	"acc1\000"
 573      00
 574              		.ident	"GCC: (GNU Tools for ARM Embedded Processors) 4.9.3 20150303 (release) [ARM/embedded-4_9-br
ARM GAS  C:\Users\fneves\AppData\Local\Temp\ccoFdZPV.s 			page 15


