ARM GAS  C:\Users\fneves\AppData\Local\Temp\ccOmP9uZ.s 			page 1


   1              		.cpu cortex-m0plus
   2              		.fpu softvfp
   3              		.eabi_attribute 20, 1
   4              		.eabi_attribute 21, 1
   5              		.eabi_attribute 23, 3
   6              		.eabi_attribute 24, 1
   7              		.eabi_attribute 25, 1
   8              		.eabi_attribute 26, 1
   9              		.eabi_attribute 30, 6
  10              		.eabi_attribute 34, 0
  11              		.eabi_attribute 18, 4
  12              		.code	16
  13              		.file	"arm_q7_to_float.c"
  14              		.text
  15              	.Ltext0:
  16              		.cfi_sections	.debug_frame
  17              		.global	__aeabi_i2f
  18              		.global	__aeabi_fdiv
  19              		.section	.text.arm_q7_to_float,"ax",%progbits
  20              		.align	2
  21              		.global	arm_q7_to_float
  22              		.code	16
  23              		.thumb_func
  24              		.type	arm_q7_to_float, %function
  25              	arm_q7_to_float:
  26              	.LFB82:
  27              		.file 1 "Source\\SupportFunctions\\arm_q7_to_float.c"
   1:Source\SupportFunctions/arm_q7_to_float.c **** /* ----------------------------------------------------------------------
   2:Source\SupportFunctions/arm_q7_to_float.c ****  * Project:      CMSIS DSP Library
   3:Source\SupportFunctions/arm_q7_to_float.c ****  * Title:        arm_q7_to_float.c
   4:Source\SupportFunctions/arm_q7_to_float.c ****  * Description:  Converts the elements of the Q7 vector to floating-point vector
   5:Source\SupportFunctions/arm_q7_to_float.c ****  *
   6:Source\SupportFunctions/arm_q7_to_float.c ****  * $Date:        27. January 2017
   7:Source\SupportFunctions/arm_q7_to_float.c ****  * $Revision:    V.1.5.1
   8:Source\SupportFunctions/arm_q7_to_float.c ****  *
   9:Source\SupportFunctions/arm_q7_to_float.c ****  * Target Processor: Cortex-M cores
  10:Source\SupportFunctions/arm_q7_to_float.c ****  * -------------------------------------------------------------------- */
  11:Source\SupportFunctions/arm_q7_to_float.c **** /*
  12:Source\SupportFunctions/arm_q7_to_float.c ****  * Copyright (C) 2010-2017 ARM Limited or its affiliates. All rights reserved.
  13:Source\SupportFunctions/arm_q7_to_float.c ****  *
  14:Source\SupportFunctions/arm_q7_to_float.c ****  * SPDX-License-Identifier: Apache-2.0
  15:Source\SupportFunctions/arm_q7_to_float.c ****  *
  16:Source\SupportFunctions/arm_q7_to_float.c ****  * Licensed under the Apache License, Version 2.0 (the License); you may
  17:Source\SupportFunctions/arm_q7_to_float.c ****  * not use this file except in compliance with the License.
  18:Source\SupportFunctions/arm_q7_to_float.c ****  * You may obtain a copy of the License at
  19:Source\SupportFunctions/arm_q7_to_float.c ****  *
  20:Source\SupportFunctions/arm_q7_to_float.c ****  * www.apache.org/licenses/LICENSE-2.0
  21:Source\SupportFunctions/arm_q7_to_float.c ****  *
  22:Source\SupportFunctions/arm_q7_to_float.c ****  * Unless required by applicable law or agreed to in writing, software
  23:Source\SupportFunctions/arm_q7_to_float.c ****  * distributed under the License is distributed on an AS IS BASIS, WITHOUT
  24:Source\SupportFunctions/arm_q7_to_float.c ****  * WARRANTIES OR CONDITIONS OF ANY KIND, either express or implied.
  25:Source\SupportFunctions/arm_q7_to_float.c ****  * See the License for the specific language governing permissions and
  26:Source\SupportFunctions/arm_q7_to_float.c ****  * limitations under the License.
  27:Source\SupportFunctions/arm_q7_to_float.c ****  */
  28:Source\SupportFunctions/arm_q7_to_float.c **** 
  29:Source\SupportFunctions/arm_q7_to_float.c **** #include "arm_math.h"
  30:Source\SupportFunctions/arm_q7_to_float.c **** 
ARM GAS  C:\Users\fneves\AppData\Local\Temp\ccOmP9uZ.s 			page 2


  31:Source\SupportFunctions/arm_q7_to_float.c **** /**
  32:Source\SupportFunctions/arm_q7_to_float.c ****  * @ingroup groupSupport
  33:Source\SupportFunctions/arm_q7_to_float.c ****  */
  34:Source\SupportFunctions/arm_q7_to_float.c **** 
  35:Source\SupportFunctions/arm_q7_to_float.c **** /**
  36:Source\SupportFunctions/arm_q7_to_float.c ****  * @defgroup q7_to_x  Convert 8-bit Integer value
  37:Source\SupportFunctions/arm_q7_to_float.c ****  */
  38:Source\SupportFunctions/arm_q7_to_float.c **** 
  39:Source\SupportFunctions/arm_q7_to_float.c **** /**
  40:Source\SupportFunctions/arm_q7_to_float.c ****  * @addtogroup q7_to_x
  41:Source\SupportFunctions/arm_q7_to_float.c ****  * @{
  42:Source\SupportFunctions/arm_q7_to_float.c ****  */
  43:Source\SupportFunctions/arm_q7_to_float.c **** 
  44:Source\SupportFunctions/arm_q7_to_float.c **** /**
  45:Source\SupportFunctions/arm_q7_to_float.c ****  * @brief Converts the elements of the Q7 vector to floating-point vector.
  46:Source\SupportFunctions/arm_q7_to_float.c ****  * @param[in]       *pSrc points to the Q7 input vector
  47:Source\SupportFunctions/arm_q7_to_float.c ****  * @param[out]      *pDst points to the floating-point output vector
  48:Source\SupportFunctions/arm_q7_to_float.c ****  * @param[in]       blockSize length of the input vector
  49:Source\SupportFunctions/arm_q7_to_float.c ****  * @return none.
  50:Source\SupportFunctions/arm_q7_to_float.c ****  *
  51:Source\SupportFunctions/arm_q7_to_float.c ****  * \par Description:
  52:Source\SupportFunctions/arm_q7_to_float.c ****  *
  53:Source\SupportFunctions/arm_q7_to_float.c ****  * The equation used for the conversion process is:
  54:Source\SupportFunctions/arm_q7_to_float.c ****  *
  55:Source\SupportFunctions/arm_q7_to_float.c ****  * <pre>
  56:Source\SupportFunctions/arm_q7_to_float.c ****  * 	pDst[n] = (float32_t) pSrc[n] / 128;   0 <= n < blockSize.
  57:Source\SupportFunctions/arm_q7_to_float.c ****  * </pre>
  58:Source\SupportFunctions/arm_q7_to_float.c ****  *
  59:Source\SupportFunctions/arm_q7_to_float.c ****  */
  60:Source\SupportFunctions/arm_q7_to_float.c **** 
  61:Source\SupportFunctions/arm_q7_to_float.c **** 
  62:Source\SupportFunctions/arm_q7_to_float.c **** void arm_q7_to_float(
  63:Source\SupportFunctions/arm_q7_to_float.c ****   q7_t * pSrc,
  64:Source\SupportFunctions/arm_q7_to_float.c ****   float32_t * pDst,
  65:Source\SupportFunctions/arm_q7_to_float.c ****   uint32_t blockSize)
  66:Source\SupportFunctions/arm_q7_to_float.c **** {
  28              		.loc 1 66 0
  29              		.cfi_startproc
  30 0000 90B5     		push	{r4, r7, lr}
  31              		.cfi_def_cfa_offset 12
  32              		.cfi_offset 4, -12
  33              		.cfi_offset 7, -8
  34              		.cfi_offset 14, -4
  35 0002 87B0     		sub	sp, sp, #28
  36              		.cfi_def_cfa_offset 40
  37 0004 00AF     		add	r7, sp, #0
  38              		.cfi_def_cfa_register 7
  39 0006 F860     		str	r0, [r7, #12]
  40 0008 B960     		str	r1, [r7, #8]
  41 000a 7A60     		str	r2, [r7, #4]
  67:Source\SupportFunctions/arm_q7_to_float.c ****   q7_t *pIn = pSrc;                              /* Src pointer */
  42              		.loc 1 67 0
  43 000c FB68     		ldr	r3, [r7, #12]
  44 000e 7B61     		str	r3, [r7, #20]
  68:Source\SupportFunctions/arm_q7_to_float.c ****   uint32_t blkCnt;                               /* loop counter */
  69:Source\SupportFunctions/arm_q7_to_float.c **** 
  70:Source\SupportFunctions/arm_q7_to_float.c **** 
ARM GAS  C:\Users\fneves\AppData\Local\Temp\ccOmP9uZ.s 			page 3


  71:Source\SupportFunctions/arm_q7_to_float.c **** #if defined (ARM_MATH_DSP)
  72:Source\SupportFunctions/arm_q7_to_float.c **** 
  73:Source\SupportFunctions/arm_q7_to_float.c ****   /* Run the below code for Cortex-M4 and Cortex-M3 */
  74:Source\SupportFunctions/arm_q7_to_float.c **** 
  75:Source\SupportFunctions/arm_q7_to_float.c ****   /*loop Unrolling */
  76:Source\SupportFunctions/arm_q7_to_float.c ****   blkCnt = blockSize >> 2u;
  77:Source\SupportFunctions/arm_q7_to_float.c **** 
  78:Source\SupportFunctions/arm_q7_to_float.c ****   /* First part of the processing with loop unrolling.  Compute 4 outputs at a time.
  79:Source\SupportFunctions/arm_q7_to_float.c ****    ** a second loop below computes the remaining 1 to 3 samples. */
  80:Source\SupportFunctions/arm_q7_to_float.c ****   while (blkCnt > 0u)
  81:Source\SupportFunctions/arm_q7_to_float.c ****   {
  82:Source\SupportFunctions/arm_q7_to_float.c ****     /* C = (float32_t) A / 128 */
  83:Source\SupportFunctions/arm_q7_to_float.c ****     /* convert from q7 to float and then store the results in the destination buffer */
  84:Source\SupportFunctions/arm_q7_to_float.c ****     *pDst++ = ((float32_t) * pIn++ / 128.0f);
  85:Source\SupportFunctions/arm_q7_to_float.c ****     *pDst++ = ((float32_t) * pIn++ / 128.0f);
  86:Source\SupportFunctions/arm_q7_to_float.c ****     *pDst++ = ((float32_t) * pIn++ / 128.0f);
  87:Source\SupportFunctions/arm_q7_to_float.c ****     *pDst++ = ((float32_t) * pIn++ / 128.0f);
  88:Source\SupportFunctions/arm_q7_to_float.c **** 
  89:Source\SupportFunctions/arm_q7_to_float.c ****     /* Decrement the loop counter */
  90:Source\SupportFunctions/arm_q7_to_float.c ****     blkCnt--;
  91:Source\SupportFunctions/arm_q7_to_float.c ****   }
  92:Source\SupportFunctions/arm_q7_to_float.c **** 
  93:Source\SupportFunctions/arm_q7_to_float.c ****   /* If the blockSize is not a multiple of 4, compute any remaining output samples here.
  94:Source\SupportFunctions/arm_q7_to_float.c ****    ** No loop unrolling is used. */
  95:Source\SupportFunctions/arm_q7_to_float.c ****   blkCnt = blockSize % 0x4u;
  96:Source\SupportFunctions/arm_q7_to_float.c **** 
  97:Source\SupportFunctions/arm_q7_to_float.c **** #else
  98:Source\SupportFunctions/arm_q7_to_float.c **** 
  99:Source\SupportFunctions/arm_q7_to_float.c ****   /* Run the below code for Cortex-M0 */
 100:Source\SupportFunctions/arm_q7_to_float.c **** 
 101:Source\SupportFunctions/arm_q7_to_float.c ****   /* Loop over blockSize number of values */
 102:Source\SupportFunctions/arm_q7_to_float.c ****   blkCnt = blockSize;
  45              		.loc 1 102 0
  46 0010 7B68     		ldr	r3, [r7, #4]
  47 0012 3B61     		str	r3, [r7, #16]
 103:Source\SupportFunctions/arm_q7_to_float.c **** 
 104:Source\SupportFunctions/arm_q7_to_float.c **** #endif /* #if defined (ARM_MATH_DSP) */
 105:Source\SupportFunctions/arm_q7_to_float.c **** 
 106:Source\SupportFunctions/arm_q7_to_float.c ****   while (blkCnt > 0u)
  48              		.loc 1 106 0
  49 0014 15E0     		b	.L2
  50              	.L3:
 107:Source\SupportFunctions/arm_q7_to_float.c ****   {
 108:Source\SupportFunctions/arm_q7_to_float.c ****     /* C = (float32_t) A / 128 */
 109:Source\SupportFunctions/arm_q7_to_float.c ****     /* convert from q7 to float and then store the results in the destination buffer */
 110:Source\SupportFunctions/arm_q7_to_float.c ****     *pDst++ = ((float32_t) * pIn++ / 128.0f);
  51              		.loc 1 110 0
  52 0016 BC68     		ldr	r4, [r7, #8]
  53 0018 231D     		add	r3, r4, #4
  54 001a BB60     		str	r3, [r7, #8]
  55 001c 7B69     		ldr	r3, [r7, #20]
  56 001e 5A1C     		add	r2, r3, #1
  57 0020 7A61     		str	r2, [r7, #20]
  58 0022 1B78     		ldrb	r3, [r3]
  59 0024 5BB2     		sxtb	r3, r3
  60 0026 181C     		mov	r0, r3
  61 0028 FFF7FEFF 		bl	__aeabi_i2f
ARM GAS  C:\Users\fneves\AppData\Local\Temp\ccOmP9uZ.s 			page 4


  62 002c 031C     		add	r3, r0, #0
  63 002e 181C     		add	r0, r3, #0
  64 0030 8621     		mov	r1, #134
  65 0032 C905     		lsl	r1, r1, #23
  66 0034 FFF7FEFF 		bl	__aeabi_fdiv
  67 0038 031C     		add	r3, r0, #0
  68 003a 2360     		str	r3, [r4]
 111:Source\SupportFunctions/arm_q7_to_float.c **** 
 112:Source\SupportFunctions/arm_q7_to_float.c ****     /* Decrement the loop counter */
 113:Source\SupportFunctions/arm_q7_to_float.c ****     blkCnt--;
  69              		.loc 1 113 0
  70 003c 3B69     		ldr	r3, [r7, #16]
  71 003e 013B     		sub	r3, r3, #1
  72 0040 3B61     		str	r3, [r7, #16]
  73              	.L2:
 106:Source\SupportFunctions/arm_q7_to_float.c ****   {
  74              		.loc 1 106 0
  75 0042 3B69     		ldr	r3, [r7, #16]
  76 0044 002B     		cmp	r3, #0
  77 0046 E6D1     		bne	.L3
 114:Source\SupportFunctions/arm_q7_to_float.c ****   }
 115:Source\SupportFunctions/arm_q7_to_float.c **** }
  78              		.loc 1 115 0
  79 0048 BD46     		mov	sp, r7
  80 004a 07B0     		add	sp, sp, #28
  81              		@ sp needed
  82 004c 90BD     		pop	{r4, r7, pc}
  83              		.cfi_endproc
  84              	.LFE82:
  85              		.size	arm_q7_to_float, .-arm_q7_to_float
  86 004e C046     		.text
  87              	.Letext0:
  88              		.file 2 "c:\\program files (x86)\\cypress\\psoc creator\\4.0\\psoc creator\\import\\gnu\\arm\\4.9.
  89              		.file 3 "c:\\program files (x86)\\cypress\\psoc creator\\4.0\\psoc creator\\import\\gnu\\arm\\4.9.
  90              		.file 4 ".\\Include/arm_math.h"
  91              		.section	.debug_info,"",%progbits
  92              	.Ldebug_info0:
  93 0000 33010000 		.4byte	0x133
  94 0004 0400     		.2byte	0x4
  95 0006 00000000 		.4byte	.Ldebug_abbrev0
  96 000a 04       		.byte	0x4
  97 000b 01       		.uleb128 0x1
  98 000c 74010000 		.4byte	.LASF24
  99 0010 01       		.byte	0x1
 100 0011 2B000000 		.4byte	.LASF25
 101 0015 1B010000 		.4byte	.LASF26
 102 0019 00000000 		.4byte	.Ldebug_ranges0+0
 103 001d 00000000 		.4byte	0
 104 0021 00000000 		.4byte	.Ldebug_line0
 105 0025 02       		.uleb128 0x2
 106 0026 E7000000 		.4byte	.LASF5
 107 002a 02       		.byte	0x2
 108 002b 1B       		.byte	0x1b
 109 002c 30000000 		.4byte	0x30
 110 0030 03       		.uleb128 0x3
 111 0031 01       		.byte	0x1
 112 0032 06       		.byte	0x6
ARM GAS  C:\Users\fneves\AppData\Local\Temp\ccOmP9uZ.s 			page 5


 113 0033 03010000 		.4byte	.LASF0
 114 0037 03       		.uleb128 0x3
 115 0038 01       		.byte	0x1
 116 0039 08       		.byte	0x8
 117 003a 98000000 		.4byte	.LASF1
 118 003e 03       		.uleb128 0x3
 119 003f 02       		.byte	0x2
 120 0040 05       		.byte	0x5
 121 0041 6A010000 		.4byte	.LASF2
 122 0045 03       		.uleb128 0x3
 123 0046 02       		.byte	0x2
 124 0047 07       		.byte	0x7
 125 0048 F0000000 		.4byte	.LASF3
 126 004c 03       		.uleb128 0x3
 127 004d 04       		.byte	0x4
 128 004e 05       		.byte	0x5
 129 004f BB000000 		.4byte	.LASF4
 130 0053 02       		.uleb128 0x2
 131 0054 20000000 		.4byte	.LASF6
 132 0058 02       		.byte	0x2
 133 0059 41       		.byte	0x41
 134 005a 5E000000 		.4byte	0x5e
 135 005e 03       		.uleb128 0x3
 136 005f 04       		.byte	0x4
 137 0060 07       		.byte	0x7
 138 0061 5F000000 		.4byte	.LASF7
 139 0065 03       		.uleb128 0x3
 140 0066 08       		.byte	0x8
 141 0067 05       		.byte	0x5
 142 0068 00000000 		.4byte	.LASF8
 143 006c 03       		.uleb128 0x3
 144 006d 08       		.byte	0x8
 145 006e 07       		.byte	0x7
 146 006f 71000000 		.4byte	.LASF9
 147 0073 04       		.uleb128 0x4
 148 0074 04       		.byte	0x4
 149 0075 05       		.byte	0x5
 150 0076 696E7400 		.ascii	"int\000"
 151 007a 03       		.uleb128 0x3
 152 007b 04       		.byte	0x4
 153 007c 07       		.byte	0x7
 154 007d 0E000000 		.4byte	.LASF10
 155 0081 02       		.uleb128 0x2
 156 0082 C9000000 		.4byte	.LASF11
 157 0086 03       		.byte	0x3
 158 0087 14       		.byte	0x14
 159 0088 25000000 		.4byte	0x25
 160 008c 02       		.uleb128 0x2
 161 008d D7000000 		.4byte	.LASF12
 162 0091 03       		.byte	0x3
 163 0092 2D       		.byte	0x2d
 164 0093 53000000 		.4byte	0x53
 165 0097 03       		.uleb128 0x3
 166 0098 04       		.byte	0x4
 167 0099 07       		.byte	0x7
 168 009a 61010000 		.4byte	.LASF13
 169 009e 03       		.uleb128 0x3
ARM GAS  C:\Users\fneves\AppData\Local\Temp\ccOmP9uZ.s 			page 6


 170 009f 01       		.byte	0x1
 171 00a0 08       		.byte	0x8
 172 00a1 A6000000 		.4byte	.LASF14
 173 00a5 03       		.uleb128 0x3
 174 00a6 08       		.byte	0x8
 175 00a7 04       		.byte	0x4
 176 00a8 D0000000 		.4byte	.LASF15
 177 00ac 03       		.uleb128 0x3
 178 00ad 04       		.byte	0x4
 179 00ae 04       		.byte	0x4
 180 00af 88000000 		.4byte	.LASF16
 181 00b3 03       		.uleb128 0x3
 182 00b4 08       		.byte	0x8
 183 00b5 04       		.byte	0x4
 184 00b6 0F010000 		.4byte	.LASF17
 185 00ba 05       		.uleb128 0x5
 186 00bb 06020000 		.4byte	.LASF18
 187 00bf 04       		.byte	0x4
 188 00c0 9101     		.2byte	0x191
 189 00c2 81000000 		.4byte	0x81
 190 00c6 05       		.uleb128 0x5
 191 00c7 8E000000 		.4byte	.LASF19
 192 00cb 04       		.byte	0x4
 193 00cc A501     		.2byte	0x1a5
 194 00ce AC000000 		.4byte	0xac
 195 00d2 06       		.uleb128 0x6
 196 00d3 04       		.byte	0x4
 197 00d4 BA000000 		.4byte	0xba
 198 00d8 06       		.uleb128 0x6
 199 00d9 04       		.byte	0x4
 200 00da C6000000 		.4byte	0xc6
 201 00de 07       		.uleb128 0x7
 202 00df AB000000 		.4byte	.LASF27
 203 00e3 01       		.byte	0x1
 204 00e4 3E       		.byte	0x3e
 205 00e5 00000000 		.4byte	.LFB82
 206 00e9 4E000000 		.4byte	.LFE82-.LFB82
 207 00ed 01       		.uleb128 0x1
 208 00ee 9C       		.byte	0x9c
 209 00ef 08       		.uleb128 0x8
 210 00f0 C4000000 		.4byte	.LASF20
 211 00f4 01       		.byte	0x1
 212 00f5 3F       		.byte	0x3f
 213 00f6 D2000000 		.4byte	0xd2
 214 00fa 02       		.uleb128 0x2
 215 00fb 91       		.byte	0x91
 216 00fc 64       		.sleb128 -28
 217 00fd 08       		.uleb128 0x8
 218 00fe 1B000000 		.4byte	.LASF21
 219 0102 01       		.byte	0x1
 220 0103 40       		.byte	0x40
 221 0104 D8000000 		.4byte	0xd8
 222 0108 02       		.uleb128 0x2
 223 0109 91       		.byte	0x91
 224 010a 60       		.sleb128 -32
 225 010b 08       		.uleb128 0x8
 226 010c 55000000 		.4byte	.LASF22
ARM GAS  C:\Users\fneves\AppData\Local\Temp\ccOmP9uZ.s 			page 7


 227 0110 01       		.byte	0x1
 228 0111 41       		.byte	0x41
 229 0112 8C000000 		.4byte	0x8c
 230 0116 02       		.uleb128 0x2
 231 0117 91       		.byte	0x91
 232 0118 5C       		.sleb128 -36
 233 0119 09       		.uleb128 0x9
 234 011a 70496E00 		.ascii	"pIn\000"
 235 011e 01       		.byte	0x1
 236 011f 43       		.byte	0x43
 237 0120 D2000000 		.4byte	0xd2
 238 0124 02       		.uleb128 0x2
 239 0125 91       		.byte	0x91
 240 0126 6C       		.sleb128 -20
 241 0127 0A       		.uleb128 0xa
 242 0128 E0000000 		.4byte	.LASF23
 243 012c 01       		.byte	0x1
 244 012d 44       		.byte	0x44
 245 012e 8C000000 		.4byte	0x8c
 246 0132 02       		.uleb128 0x2
 247 0133 91       		.byte	0x91
 248 0134 68       		.sleb128 -24
 249 0135 00       		.byte	0
 250 0136 00       		.byte	0
 251              		.section	.debug_abbrev,"",%progbits
 252              	.Ldebug_abbrev0:
 253 0000 01       		.uleb128 0x1
 254 0001 11       		.uleb128 0x11
 255 0002 01       		.byte	0x1
 256 0003 25       		.uleb128 0x25
 257 0004 0E       		.uleb128 0xe
 258 0005 13       		.uleb128 0x13
 259 0006 0B       		.uleb128 0xb
 260 0007 03       		.uleb128 0x3
 261 0008 0E       		.uleb128 0xe
 262 0009 1B       		.uleb128 0x1b
 263 000a 0E       		.uleb128 0xe
 264 000b 55       		.uleb128 0x55
 265 000c 17       		.uleb128 0x17
 266 000d 11       		.uleb128 0x11
 267 000e 01       		.uleb128 0x1
 268 000f 10       		.uleb128 0x10
 269 0010 17       		.uleb128 0x17
 270 0011 00       		.byte	0
 271 0012 00       		.byte	0
 272 0013 02       		.uleb128 0x2
 273 0014 16       		.uleb128 0x16
 274 0015 00       		.byte	0
 275 0016 03       		.uleb128 0x3
 276 0017 0E       		.uleb128 0xe
 277 0018 3A       		.uleb128 0x3a
 278 0019 0B       		.uleb128 0xb
 279 001a 3B       		.uleb128 0x3b
 280 001b 0B       		.uleb128 0xb
 281 001c 49       		.uleb128 0x49
 282 001d 13       		.uleb128 0x13
 283 001e 00       		.byte	0
ARM GAS  C:\Users\fneves\AppData\Local\Temp\ccOmP9uZ.s 			page 8


 284 001f 00       		.byte	0
 285 0020 03       		.uleb128 0x3
 286 0021 24       		.uleb128 0x24
 287 0022 00       		.byte	0
 288 0023 0B       		.uleb128 0xb
 289 0024 0B       		.uleb128 0xb
 290 0025 3E       		.uleb128 0x3e
 291 0026 0B       		.uleb128 0xb
 292 0027 03       		.uleb128 0x3
 293 0028 0E       		.uleb128 0xe
 294 0029 00       		.byte	0
 295 002a 00       		.byte	0
 296 002b 04       		.uleb128 0x4
 297 002c 24       		.uleb128 0x24
 298 002d 00       		.byte	0
 299 002e 0B       		.uleb128 0xb
 300 002f 0B       		.uleb128 0xb
 301 0030 3E       		.uleb128 0x3e
 302 0031 0B       		.uleb128 0xb
 303 0032 03       		.uleb128 0x3
 304 0033 08       		.uleb128 0x8
 305 0034 00       		.byte	0
 306 0035 00       		.byte	0
 307 0036 05       		.uleb128 0x5
 308 0037 16       		.uleb128 0x16
 309 0038 00       		.byte	0
 310 0039 03       		.uleb128 0x3
 311 003a 0E       		.uleb128 0xe
 312 003b 3A       		.uleb128 0x3a
 313 003c 0B       		.uleb128 0xb
 314 003d 3B       		.uleb128 0x3b
 315 003e 05       		.uleb128 0x5
 316 003f 49       		.uleb128 0x49
 317 0040 13       		.uleb128 0x13
 318 0041 00       		.byte	0
 319 0042 00       		.byte	0
 320 0043 06       		.uleb128 0x6
 321 0044 0F       		.uleb128 0xf
 322 0045 00       		.byte	0
 323 0046 0B       		.uleb128 0xb
 324 0047 0B       		.uleb128 0xb
 325 0048 49       		.uleb128 0x49
 326 0049 13       		.uleb128 0x13
 327 004a 00       		.byte	0
 328 004b 00       		.byte	0
 329 004c 07       		.uleb128 0x7
 330 004d 2E       		.uleb128 0x2e
 331 004e 01       		.byte	0x1
 332 004f 3F       		.uleb128 0x3f
 333 0050 19       		.uleb128 0x19
 334 0051 03       		.uleb128 0x3
 335 0052 0E       		.uleb128 0xe
 336 0053 3A       		.uleb128 0x3a
 337 0054 0B       		.uleb128 0xb
 338 0055 3B       		.uleb128 0x3b
 339 0056 0B       		.uleb128 0xb
 340 0057 27       		.uleb128 0x27
ARM GAS  C:\Users\fneves\AppData\Local\Temp\ccOmP9uZ.s 			page 9


 341 0058 19       		.uleb128 0x19
 342 0059 11       		.uleb128 0x11
 343 005a 01       		.uleb128 0x1
 344 005b 12       		.uleb128 0x12
 345 005c 06       		.uleb128 0x6
 346 005d 40       		.uleb128 0x40
 347 005e 18       		.uleb128 0x18
 348 005f 9642     		.uleb128 0x2116
 349 0061 19       		.uleb128 0x19
 350 0062 00       		.byte	0
 351 0063 00       		.byte	0
 352 0064 08       		.uleb128 0x8
 353 0065 05       		.uleb128 0x5
 354 0066 00       		.byte	0
 355 0067 03       		.uleb128 0x3
 356 0068 0E       		.uleb128 0xe
 357 0069 3A       		.uleb128 0x3a
 358 006a 0B       		.uleb128 0xb
 359 006b 3B       		.uleb128 0x3b
 360 006c 0B       		.uleb128 0xb
 361 006d 49       		.uleb128 0x49
 362 006e 13       		.uleb128 0x13
 363 006f 02       		.uleb128 0x2
 364 0070 18       		.uleb128 0x18
 365 0071 00       		.byte	0
 366 0072 00       		.byte	0
 367 0073 09       		.uleb128 0x9
 368 0074 34       		.uleb128 0x34
 369 0075 00       		.byte	0
 370 0076 03       		.uleb128 0x3
 371 0077 08       		.uleb128 0x8
 372 0078 3A       		.uleb128 0x3a
 373 0079 0B       		.uleb128 0xb
 374 007a 3B       		.uleb128 0x3b
 375 007b 0B       		.uleb128 0xb
 376 007c 49       		.uleb128 0x49
 377 007d 13       		.uleb128 0x13
 378 007e 02       		.uleb128 0x2
 379 007f 18       		.uleb128 0x18
 380 0080 00       		.byte	0
 381 0081 00       		.byte	0
 382 0082 0A       		.uleb128 0xa
 383 0083 34       		.uleb128 0x34
 384 0084 00       		.byte	0
 385 0085 03       		.uleb128 0x3
 386 0086 0E       		.uleb128 0xe
 387 0087 3A       		.uleb128 0x3a
 388 0088 0B       		.uleb128 0xb
 389 0089 3B       		.uleb128 0x3b
 390 008a 0B       		.uleb128 0xb
 391 008b 49       		.uleb128 0x49
 392 008c 13       		.uleb128 0x13
 393 008d 02       		.uleb128 0x2
 394 008e 18       		.uleb128 0x18
 395 008f 00       		.byte	0
 396 0090 00       		.byte	0
 397 0091 00       		.byte	0
ARM GAS  C:\Users\fneves\AppData\Local\Temp\ccOmP9uZ.s 			page 10


 398              		.section	.debug_aranges,"",%progbits
 399 0000 1C000000 		.4byte	0x1c
 400 0004 0200     		.2byte	0x2
 401 0006 00000000 		.4byte	.Ldebug_info0
 402 000a 04       		.byte	0x4
 403 000b 00       		.byte	0
 404 000c 0000     		.2byte	0
 405 000e 0000     		.2byte	0
 406 0010 00000000 		.4byte	.LFB82
 407 0014 4E000000 		.4byte	.LFE82-.LFB82
 408 0018 00000000 		.4byte	0
 409 001c 00000000 		.4byte	0
 410              		.section	.debug_ranges,"",%progbits
 411              	.Ldebug_ranges0:
 412 0000 00000000 		.4byte	.LFB82
 413 0004 4E000000 		.4byte	.LFE82
 414 0008 00000000 		.4byte	0
 415 000c 00000000 		.4byte	0
 416              		.section	.debug_line,"",%progbits
 417              	.Ldebug_line0:
 418 0000 74010000 		.section	.debug_str,"MS",%progbits,1
 418      02005001 
 418      00000201 
 418      FB0E0D00 
 418      01010101 
 419              	.LASF8:
 420 0000 6C6F6E67 		.ascii	"long long int\000"
 420      206C6F6E 
 420      6720696E 
 420      7400
 421              	.LASF10:
 422 000e 756E7369 		.ascii	"unsigned int\000"
 422      676E6564 
 422      20696E74 
 422      00
 423              	.LASF21:
 424 001b 70447374 		.ascii	"pDst\000"
 424      00
 425              	.LASF6:
 426 0020 5F5F7569 		.ascii	"__uint32_t\000"
 426      6E743332 
 426      5F7400
 427              	.LASF25:
 428 002b 536F7572 		.ascii	"Source\\SupportFunctions\\arm_q7_to_float.c\000"
 428      63655C53 
 428      7570706F 
 428      72744675 
 428      6E637469 
 429              	.LASF22:
 430 0055 626C6F63 		.ascii	"blockSize\000"
 430      6B53697A 
 430      6500
 431              	.LASF7:
 432 005f 6C6F6E67 		.ascii	"long unsigned int\000"
 432      20756E73 
 432      69676E65 
 432      6420696E 
ARM GAS  C:\Users\fneves\AppData\Local\Temp\ccOmP9uZ.s 			page 11


 432      7400
 433              	.LASF9:
 434 0071 6C6F6E67 		.ascii	"long long unsigned int\000"
 434      206C6F6E 
 434      6720756E 
 434      7369676E 
 434      65642069 
 435              	.LASF16:
 436 0088 666C6F61 		.ascii	"float\000"
 436      7400
 437              	.LASF19:
 438 008e 666C6F61 		.ascii	"float32_t\000"
 438      7433325F 
 438      7400
 439              	.LASF1:
 440 0098 756E7369 		.ascii	"unsigned char\000"
 440      676E6564 
 440      20636861 
 440      7200
 441              	.LASF14:
 442 00a6 63686172 		.ascii	"char\000"
 442      00
 443              	.LASF27:
 444 00ab 61726D5F 		.ascii	"arm_q7_to_float\000"
 444      71375F74 
 444      6F5F666C 
 444      6F617400 
 445              	.LASF4:
 446 00bb 6C6F6E67 		.ascii	"long int\000"
 446      20696E74 
 446      00
 447              	.LASF20:
 448 00c4 70537263 		.ascii	"pSrc\000"
 448      00
 449              	.LASF11:
 450 00c9 696E7438 		.ascii	"int8_t\000"
 450      5F7400
 451              	.LASF15:
 452 00d0 646F7562 		.ascii	"double\000"
 452      6C6500
 453              	.LASF12:
 454 00d7 75696E74 		.ascii	"uint32_t\000"
 454      33325F74 
 454      00
 455              	.LASF23:
 456 00e0 626C6B43 		.ascii	"blkCnt\000"
 456      6E7400
 457              	.LASF5:
 458 00e7 5F5F696E 		.ascii	"__int8_t\000"
 458      74385F74 
 458      00
 459              	.LASF3:
 460 00f0 73686F72 		.ascii	"short unsigned int\000"
 460      7420756E 
 460      7369676E 
 460      65642069 
 460      6E7400
ARM GAS  C:\Users\fneves\AppData\Local\Temp\ccOmP9uZ.s 			page 12


 461              	.LASF0:
 462 0103 7369676E 		.ascii	"signed char\000"
 462      65642063 
 462      68617200 
 463              	.LASF17:
 464 010f 6C6F6E67 		.ascii	"long double\000"
 464      20646F75 
 464      626C6500 
 465              	.LASF26:
 466 011b 433A5C55 		.ascii	"C:\\Users\\fneves\\Documents\\PSoC Creator\\wp_1\\e"
 466      73657273 
 466      5C666E65 
 466      7665735C 
 466      446F6375 
 467 0148 6E67696E 		.ascii	"ngine_speed_sensor.cydsn\000"
 467      655F7370 
 467      6565645F 
 467      73656E73 
 467      6F722E63 
 468              	.LASF13:
 469 0161 73697A65 		.ascii	"sizetype\000"
 469      74797065 
 469      00
 470              	.LASF2:
 471 016a 73686F72 		.ascii	"short int\000"
 471      7420696E 
 471      7400
 472              	.LASF24:
 473 0174 474E5520 		.ascii	"GNU C 4.9.3 20150303 (release) [ARM/embedded-4_9-br"
 473      4320342E 
 473      392E3320 
 473      32303135 
 473      30333033 
 474 01a7 616E6368 		.ascii	"anch revision 221220] -mcpu=cortex-m0plus -mthumb -"
 474      20726576 
 474      6973696F 
 474      6E203232 
 474      31323230 
 475 01da 67202D4F 		.ascii	"g -O0 -ffunction-sections -ffat-lto-objects\000"
 475      30202D66 
 475      66756E63 
 475      74696F6E 
 475      2D736563 
 476              	.LASF18:
 477 0206 71375F74 		.ascii	"q7_t\000"
 477      00
 478              		.ident	"GCC: (GNU Tools for ARM Embedded Processors) 4.9.3 20150303 (release) [ARM/embedded-4_9-br
