Archive member included because of file (symbol)

.\CortexM0p\ARM_GCC_493\Debug\engine_speed_sensor.a(cyfitter_cfg.o)
                              .\CortexM0p\ARM_GCC_493\Debug\Cm0plusStart.o (cyfitter_cfg)
.\CortexM0p\ARM_GCC_493\Debug\engine_speed_sensor.a(CyLib.o)
                              .\CortexM0p\ARM_GCC_493\Debug\engine_speed_sensor.a(cyfitter_cfg.o) (CySysClkWriteImoFreq)
.\CortexM0p\ARM_GCC_493\Debug\engine_speed_sensor.a(CyDMA.o)
                              .\CortexM0p\ARM_GCC_493\Debug\engine_afe.o (CyDmaSetInterruptCallback)
.\CortexM0p\ARM_GCC_493\Debug\engine_speed_sensor.a(CyLFClk.o)
                              .\CortexM0p\ARM_GCC_493\Debug\engine_speed_sensor.a(CyLib.o) (CySysClkWcoEnabled)
.\CortexM0p\ARM_GCC_493\Debug\engine_speed_sensor.a(engine_vref_buf.o)
                              .\CortexM0p\ARM_GCC_493\Debug\engine_afe.o (engine_vref_buf_Start)
.\CortexM0p\ARM_GCC_493\Debug\engine_speed_sensor.a(engine_sensor_adc.o)
                              .\CortexM0p\ARM_GCC_493\Debug\engine_afe.o (engine_sensor_adc_Start)
.\CortexM0p\ARM_GCC_493\Debug\engine_speed_sensor.a(engine_sensor_adc_INIT.o)
                              .\CortexM0p\ARM_GCC_493\Debug\engine_speed_sensor.a(engine_sensor_adc.o) (engine_sensor_adc_allConfigs)
.\CortexM0p\ARM_GCC_493\Debug\engine_speed_sensor.a(engine_sensor_adc_INT.o)
                              .\CortexM0p\ARM_GCC_493\Debug\engine_speed_sensor.a(engine_sensor_adc.o) (engine_sensor_adc_ISR)
.\CortexM0p\ARM_GCC_493\Debug\engine_speed_sensor.a(engine_sensor_ref.o)
                              .\CortexM0p\ARM_GCC_493\Debug\engine_afe.o (engine_sensor_ref_Start)
.\CortexM0p\ARM_GCC_493\Debug\engine_speed_sensor.a(engine_sensor_pga.o)
                              .\CortexM0p\ARM_GCC_493\Debug\engine_afe.o (engine_sensor_pga_Start)
.\CortexM0p\ARM_GCC_493\Debug\engine_speed_sensor.a(engine_sensor_adc_intSarClock.o)
                              .\CortexM0p\ARM_GCC_493\Debug\engine_speed_sensor.a(engine_sensor_adc.o) (engine_sensor_adc_intSarClock_SetFractionalDividerRegister)
.\CortexM0p\ARM_GCC_493\Debug\engine_speed_sensor.a(engine_sensor_adc_IRQ.o)
                              .\CortexM0p\ARM_GCC_493\Debug\engine_speed_sensor.a(engine_sensor_adc.o) (engine_sensor_adc_IRQ_StartEx)
.\CortexM0p\ARM_GCC_493\Debug\engine_speed_sensor.a(engine_sensor_adc_UABH_B.o)
                              .\CortexM0p\ARM_GCC_493\Debug\engine_speed_sensor.a(engine_sensor_adc.o) (engine_sensor_adc_UABH_B_waveConfig)
.\CortexM0p\ARM_GCC_493\Debug\engine_speed_sensor.a(engine_sensor_adc_UABH_B_CyUAB.o)
                              .\CortexM0p\ARM_GCC_493\Debug\engine_speed_sensor.a(engine_sensor_adc_UABH_B.o) (CyUAB_SetNSteps)
.\CortexM0p\ARM_GCC_493\Debug\engine_speed_sensor.a(engine_sensor_adc_UABH_A.o)
                              .\CortexM0p\ARM_GCC_493\Debug\engine_speed_sensor.a(engine_sensor_adc.o) (engine_sensor_adc_UABH_A_waveConfig)
.\CortexM0p\ARM_GCC_493\Debug\engine_speed_sensor.a(engine_sensor_adc_intUabClock.o)
                              .\CortexM0p\ARM_GCC_493\Debug\engine_speed_sensor.a(engine_sensor_adc.o) (engine_sensor_adc_intUabClock_SetFractionalDividerRegister)
.\CortexM0p\ARM_GCC_493\Debug\engine_speed_sensor.a(engine_sensor_adc_filterVinMux.o)
                              .\CortexM0p\ARM_GCC_493\Debug\engine_speed_sensor.a(engine_sensor_adc.o) (engine_sensor_adc_filterVinMux_Select)
.\CortexM0p\ARM_GCC_493\Debug\engine_speed_sensor.a(engine_sensor_adc_FILTERAGND2SAR_BUFFER.o)
                              .\CortexM0p\ARM_GCC_493\Debug\engine_speed_sensor.a(engine_sensor_adc.o) (engine_sensor_adc_FILTERAGND2SAR_BUFFER_Init)
.\CortexM0p\ARM_GCC_493\Debug\engine_speed_sensor.a(engine_sensor_transfer.o)
                              .\CortexM0p\ARM_GCC_493\Debug\engine_afe.o (engine_sensor_transfer_Start)
.\CortexM0p\ARM_GCC_493\Debug\engine_speed_sensor.a(engine_sensor_uart.o)
                              .\CortexM0p\ARM_GCC_493\Debug\ui.o (engine_sensor_uart_Enable)
.\CortexM0p\ARM_GCC_493\Debug\engine_speed_sensor.a(engine_sensor_uart_SPI_UART.o)
                              .\CortexM0p\ARM_GCC_493\Debug\ui.o (engine_sensor_uart_SpiUartPutArray)
.\CortexM0p\ARM_GCC_493\Debug\engine_speed_sensor.a(engine_sensor_uart_UART.o)
                              .\CortexM0p\ARM_GCC_493\Debug\engine_speed_sensor.a(engine_sensor_uart.o) (engine_sensor_uart_UartInit)
.\CortexM0p\ARM_GCC_493\Debug\engine_speed_sensor.a(CyBootAsmGnu.o)
                              .\CortexM0p\ARM_GCC_493\Debug\engine_speed_sensor.a(CyLib.o) (CyDelayCycles)
.\CortexM0p\ARM_GCC_493\Debug\engine_speed_sensor.a(CyFlash.o)
                              .\CortexM0p\ARM_GCC_493\Debug\engine_speed_sensor.a(CyLib.o) (CySysFlashSetWaitCycles)
c:/program files (x86)/cypress/psoc creator/4.0/psoc creator/import/gnu/arm/4.9.3/bin/../lib/gcc/arm-none-eabi/4.9.3/armv6-m\libgcc.a(_udivsi3.o)
[...]
Memory Configuration

Name             Origin             Length             Attributes
rom              0x00000000         0x00008000         xr
ram              0x20000000         0x00001000         xrw
*default*        0x00000000         0xffffffff

Linker script and memory map

LOAD c:/program files (x86)/cypress/psoc creator/4.0/psoc creator/import/gnu/arm/4.9.3/bin/../lib/gcc/arm-none-eabi/4.9.3/armv6-m/crti.o
LOAD c:/program files (x86)/cypress/psoc creator/4.0/psoc creator/import/gnu/arm/4.9.3/bin/../lib/gcc/arm-none-eabi/4.9.3/armv6-m/crtbegin.o
LOAD c:/program files (x86)/cypress/psoc creator/4.0/psoc creator/import/gnu/arm/4.9.3/bin/../lib/gcc/arm-none-eabi/4.9.3/../../../../arm-none-eabi/lib/armv6-m/crt0.o
START GROUP
LOAD .\CortexM0p\ARM_GCC_493\Debug\main.o
LOAD .\CortexM0p\ARM_GCC_493\Debug\engine_afe.o
LOAD .\CortexM0p\ARM_GCC_493\Debug\event_queue.o
LOAD .\CortexM0p\ARM_GCC_493\Debug\fix_fft.o
LOAD .\CortexM0p\ARM_GCC_493\Debug\ui.o
LOAD .\CortexM0p\ARM_GCC_493\Debug\cymetadata.o
LOAD .\CortexM0p\ARM_GCC_493\Debug\Cm0plusStart.o
LOAD .\CortexM0p\ARM_GCC_493\Debug\engine_speed_sensor.a
END GROUP
START GROUP
LOAD c:/program files (x86)/cypress/psoc creator/4.0/psoc creator/import/gnu/arm/4.9.3/bin/../lib/gcc/arm-none-eabi/4.9.3/armv6-m\libgcc.a
LOAD c:/program files (x86)/cypress/psoc creator/4.0/psoc creator/import/gnu/arm/4.9.3/bin/../lib/gcc/arm-none-eabi/4.9.3/../../../../arm-none-eabi/lib/armv6-m\libg_nano.a
LOAD c:/program files (x86)/cypress/psoc creator/4.0/psoc creator/import/gnu/arm/4.9.3/bin/../lib/gcc/arm-none-eabi/4.9.3/../../../../arm-none-eabi/lib/armv6-m\libc_nano.a
END GROUP
START GROUP
LOAD c:/program files (x86)/cypress/psoc creator/4.0/psoc creator/import/gnu/arm/4.9.3/bin/../lib/gcc/arm-none-eabi/4.9.3/armv6-m\libgcc.a
LOAD c:/program files (x86)/cypress/psoc creator/4.0/psoc creator/import/gnu/arm/4.9.3/bin/../lib/gcc/arm-none-eabi/4.9.3/../../../../arm-none-eabi/lib/armv6-m\libc_nano.a
END GROUP
LOAD c:/program files (x86)/cypress/psoc creator/4.0/psoc creator/import/gnu/arm/4.9.3/bin/../lib/gcc/arm-none-eabi/4.9.3/armv6-m/crtend.o
LOAD c:/program files (x86)/cypress/psoc creator/4.0/psoc creator/import/gnu/arm/4.9.3/bin/../lib/gcc/arm-none-eabi/4.9.3/armv6-m/crtn.o
START GROUP
LOAD c:/program files (x86)/cypress/psoc creator/4.0/psoc creator/import/gnu/arm/4.9.3/bin/../lib/gcc/arm-none-eabi/4.9.3/armv6-m\libgcc.a
LOAD c:/program files (x86)/cypress/psoc creator/4.0/psoc creator/import/gnu/arm/4.9.3/bin/../lib/gcc/arm-none-eabi/4.9.3/../../../../arm-none-eabi/lib/armv6-m\libc.a
LOAD c:/program files (x86)/cypress/psoc creator/4.0/psoc creator/import/gnu/arm/4.9.3/bin/../lib/gcc/arm-none-eabi/4.9.3/../../../../arm-none-eabi/lib/armv6-m\libnosys.a
END GROUP
                0x00000000                CY_APPL_ORIGIN = 0x0
                0x00000080                CY_FLASH_ROW_SIZE = 0x80
                0x00000001                CY_APPL_NUM = 0x1
                0x00000001                CY_APPL_MAX = 0x1
                0x00000040                CY_METADATA_SIZE = 0x40
                0x00000000                CY_APPL_LOADABLE = 0x0
                0x00000000                CY_CHECKSUM_EXCLUDE_SIZE = ALIGN (0x0, CY_FLASH_ROW_SIZE)
                0x00000000                CY_APP_FOR_STACK_AND_COPIER = 0x0
                0x20000c40                PROVIDE (__cy_heap_start, _end)
                0x00000001                PROVIDE (__cy_region_num, ((__cy_regions_end - __cy_regions) / 0x10))
                0x20001000                PROVIDE (__cy_stack, (ORIGIN (ram) + 0x1000))
                0x20000f00                PROVIDE (__cy_heap_end, (__cy_stack - 0x100))

.cybootloader   0x00000000        0x0
 *(.cybootloader)
                0x00000000                appl1_start = CY_APPL_ORIGIN?CY_APPL_ORIGIN:ALIGN (CY_FLASH_ROW_SIZE)
                0x00003f80                appl2_start = (appl1_start + ALIGN ((((0x8000 - appl1_start) - (0x2 * CY_FLASH_ROW_SIZE)) / 0x2), CY_FLASH_ROW_SIZE))
                0x00000000                appl_start = (CY_APPL_NUM == 0x1)?appl1_start:appl2_start
                0x00000001                cy_project_type_bootloader = (appl_start == 0x0)?0x1:0x0
                0x00000000                cy_project_type_app_for_stack_and_copier = (CY_APP_FOR_STACK_AND_COPIER == 0x1)?0x1:0x0

.text           0x00000000     0x360a
 CREATE_OBJECT_SYMBOLS
                0x00000000                PROVIDE (__cy_interrupt_vector, RomVectors)
 *(.romvectors)
 .romvectors    0x00000000       0x10 .\CortexM0p\ARM_GCC_493\Debug\Cm0plusStart.o
                0x00000000                RomVectors
                0x00000001                ASSERT ((. != __cy_interrupt_vector), No interrupt vector)
                0x00000001                ASSERT (CY_APPL_ORIGIN?(SIZEOF (.cybootloader) <= CY_APPL_ORIGIN):0x1, Wrong image location)
                0x00000010                PROVIDE (__cy_reset, Reset)
 *(.text.Reset)
 .text.Reset    0x00000010        0xc .\CortexM0p\ARM_GCC_493\Debug\Cm0plusStart.o
                0x00000010                Reset
                0x00000001                ASSERT ((. != __cy_reset), No reset code)
 *(.psocinit)
 .psocinit      0x0000001c      0x124 .\CortexM0p\ARM_GCC_493\Debug\engine_speed_sensor.a(cyfitter_cfg.o)
                0x000000d4                cyfitter_cfg
                0x00000140                . = MAX (., 0x100)
 *(.text .text.* .gnu.linkonce.t.*)
 .text          0x00000140       0x60 c:/program files (x86)/cypress/psoc creator/4.0/psoc creator/import/gnu/arm/4.9.3/bin/../lib/gcc/arm-none-eabi/4.9.3/armv6-m/crtbegin.o
 .text.main     0x000001a0       0x50 .\CortexM0p\ARM_GCC_493\Debug\main.o
                0x000001a0                main
 .text.engine_sensor_transfer_SetInterruptCallback
                0x000001f0       0x1c .\CortexM0p\ARM_GCC_493\Debug\engine_afe.o
 .text.fix_sqrt
                0x0000020c       0x6c .\CortexM0p\ARM_GCC_493\Debug\engine_afe.o
 .text.engine_dma_isr
                0x00000278       0x14 .\CortexM0p\ARM_GCC_493\Debug\engine_afe.o
 .text.engine_gets_highest_value_idx
                0x0000028c       0x68 .\CortexM0p\ARM_GCC_493\Debug\engine_afe.o
 .text.engine_afe_init
                0x000002f4       0x5c .\CortexM0p\ARM_GCC_493\Debug\engine_afe.o
                0x000002f4                engine_afe_init
 .text.engine_afe_get_rpm
                0x00000350       0x14 .\CortexM0p\ARM_GCC_493\Debug\engine_afe.o
                0x00000350                engine_afe_get_rpm
 .text.engine_afe_main
                0x00000364      0x180 .\CortexM0p\ARM_GCC_493\Debug\engine_afe.o
                0x00000364                engine_afe_main
 .text.event_queue_init
                0x000004e4        0xc .\CortexM0p\ARM_GCC_493\Debug\event_queue.o
                0x000004e4                event_queue_init
 .text.event_queue_get
                0x000004f0       0x7c .\CortexM0p\ARM_GCC_493\Debug\event_queue.o
                0x000004f0                event_queue_get
 .text.event_queue_put
                0x0000056c       0x84 .\CortexM0p\ARM_GCC_493\Debug\event_queue.o
                0x0000056c                event_queue_put
 .text.FIX_MPY  0x000005f0       0x54 .\CortexM0p\ARM_GCC_493\Debug\fix_fft.o
                0x000005f0                FIX_MPY
 .text.fix_fft  0x00000644      0x3d4 .\CortexM0p\ARM_GCC_493\Debug\fix_fft.o
                0x00000644                fix_fft
 .text.fix_fftr
                0x00000a18       0xdc .\CortexM0p\ARM_GCC_493\Debug\fix_fft.o
                0x00000a18                fix_fftr
 .text.ui_init  0x00000af4       0x10 .\CortexM0p\ARM_GCC_493\Debug\ui.o
                0x00000af4                ui_init
 .text.ui_main  0x00000b04       0xa8 .\CortexM0p\ARM_GCC_493\Debug\ui.o
                0x00000b04                ui_main
 .text.IntDefaultHandler
                0x00000bac       0x14 .\CortexM0p\ARM_GCC_493\Debug\Cm0plusStart.o
                0x00000bac                IntDefaultHandler
 .text._sbrk    0x00000bc0       0x50 .\CortexM0p\ARM_GCC_493\Debug\Cm0plusStart.o
                0x00000bc0                _sbrk
 .text.Start_c  0x00000c10       0x98 .\CortexM0p\ARM_GCC_493\Debug\Cm0plusStart.o
                0x00000c10                Start_c
 .text.initialize_psoc
                0x00000ca8       0x60 .\CortexM0p\ARM_GCC_493\Debug\Cm0plusStart.o
                0x00000ca8                initialize_psoc
 .text.AnalogSetDefault
                0x00000d08       0xf8 .\CortexM0p\ARM_GCC_493\Debug\engine_speed_sensor.a(cyfitter_cfg.o)
 .text.SetAnalogRoutingPumps
                0x00000e00       0x40 .\CortexM0p\ARM_GCC_493\Debug\engine_speed_sensor.a(cyfitter_cfg.o)
                0x00000e00                SetAnalogRoutingPumps
 .text.engine_sensor_adc_filterVinMux_Set
                0x00000e40       0x34 .\CortexM0p\ARM_GCC_493\Debug\engine_speed_sensor.a(cyfitter_cfg.o)
                0x00000e40                engine_sensor_adc_filterVinMux_Set
 .text.engine_sensor_adc_filterVinMux_Unset
                0x00000e74       0x34 .\CortexM0p\ARM_GCC_493\Debug\engine_speed_sensor.a(cyfitter_cfg.o)
                0x00000e74                engine_sensor_adc_filterVinMux_Unset
 .text.CySysClkImoEnableWcoLock
                0x00000ea8      0x110 .\CortexM0p\ARM_GCC_493\Debug\engine_speed_sensor.a(CyLib.o)
                0x00000ea8                CySysClkImoEnableWcoLock
 .text.CySysClkImoDisableWcoLock
                0x00000fb8       0x1c .\CortexM0p\ARM_GCC_493\Debug\engine_speed_sensor.a(CyLib.o)
                0x00000fb8                CySysClkImoDisableWcoLock
 .text.CySysClkImoGetWcoLock
                0x00000fd4       0x20 .\CortexM0p\ARM_GCC_493\Debug\engine_speed_sensor.a(CyLib.o)
                0x00000fd4                CySysClkImoGetWcoLock
 .text.CySysClkWriteImoFreq
                0x00000ff4      0x128 .\CortexM0p\ARM_GCC_493\Debug\engine_speed_sensor.a(CyLib.o)
                0x00000ff4                CySysClkWriteImoFreq
 .text.CyIntSetVector
                0x0000111c       0x4c .\CortexM0p\ARM_GCC_493\Debug\engine_speed_sensor.a(CyLib.o)
                0x0000111c                CyIntSetVector
 .text.CyIntSetPriority
                0x00001168       0xa8 .\CortexM0p\ARM_GCC_493\Debug\engine_speed_sensor.a(CyLib.o)
                0x00001168                CyIntSetPriority
 .text.CyIntEnable
                0x00001210       0x28 .\CortexM0p\ARM_GCC_493\Debug\engine_speed_sensor.a(CyLib.o)
                0x00001210                CyIntEnable
 .text.CyHalt   0x00001238       0x14 .\CortexM0p\ARM_GCC_493\Debug\engine_speed_sensor.a(CyLib.o)
                0x00001238                CyHalt
 .text.CyDelay  0x0000124c       0x48 .\CortexM0p\ARM_GCC_493\Debug\engine_speed_sensor.a(CyLib.o)
                0x0000124c                CyDelay
 .text.CyDelayUs
                0x00001294       0x28 .\CortexM0p\ARM_GCC_493\Debug\engine_speed_sensor.a(CyLib.o)
                0x00001294                CyDelayUs
 .text.CyDmaEnable
                0x000012bc       0x3c .\CortexM0p\ARM_GCC_493\Debug\engine_speed_sensor.a(CyDMA.o)
                0x000012bc                CyDmaEnable
 .text.CyDmaSetInterruptVector
                0x000012f8       0x18 .\CortexM0p\ARM_GCC_493\Debug\engine_speed_sensor.a(CyDMA.o)
                0x000012f8                CyDmaSetInterruptVector
 .text.CyDmaSetInterruptCallback
                0x00001310       0x48 .\CortexM0p\ARM_GCC_493\Debug\engine_speed_sensor.a(CyDMA.o)
                0x00001310                CyDmaSetInterruptCallback
 .text.CyDmaInterrupt
                0x00001358       0x50 .\CortexM0p\ARM_GCC_493\Debug\engine_speed_sensor.a(CyDMA.o)
                0x00001358                CyDmaInterrupt
 .text.CyDmaDefaultInterruptCallback
                0x000013a8       0x10 .\CortexM0p\ARM_GCC_493\Debug\engine_speed_sensor.a(CyDMA.o)
 .text.CyDmaChEnable
                0x000013b8       0x44 .\CortexM0p\ARM_GCC_493\Debug\engine_speed_sensor.a(CyDMA.o)
                0x000013b8                CyDmaChEnable
 .text.CyDmaValidateDescriptor
                0x000013fc       0x64 .\CortexM0p\ARM_GCC_493\Debug\engine_speed_sensor.a(CyDMA.o)
                0x000013fc                CyDmaValidateDescriptor
 .text.CyDmaSetSrcAddress
                0x00001460       0x60 .\CortexM0p\ARM_GCC_493\Debug\engine_speed_sensor.a(CyDMA.o)
                0x00001460                CyDmaSetSrcAddress
 .text.CyDmaSetDstAddress
                0x000014c0       0x60 .\CortexM0p\ARM_GCC_493\Debug\engine_speed_sensor.a(CyDMA.o)
                0x000014c0                CyDmaSetDstAddress
 .text.CySysClkWcoEnabled
                0x00001520       0x1c .\CortexM0p\ARM_GCC_493\Debug\engine_speed_sensor.a(CyLFClk.o)
                0x00001520                CySysClkWcoEnabled
 .text.CySysWdtDisable
                0x0000153c       0x18 .\CortexM0p\ARM_GCC_493\Debug\engine_speed_sensor.a(CyLFClk.o)
                0x0000153c                CySysWdtDisable
 .text.CySysClkGetTimerSource
                0x00001554       0x20 .\CortexM0p\ARM_GCC_493\Debug\engine_speed_sensor.a(CyLFClk.o)
 .text.CySysClkSetTimerSource
                0x00001574       0x94 .\CortexM0p\ARM_GCC_493\Debug\engine_speed_sensor.a(CyLFClk.o)
                0x00001574                CySysClkSetTimerSource
 .text.CySysTimerClearInterrupt
                0x00001608       0x50 .\CortexM0p\ARM_GCC_493\Debug\engine_speed_sensor.a(CyLFClk.o)
                0x00001608                CySysTimerClearInterrupt
 .text.CySysTimerIsr
                0x00001658       0xe8 .\CortexM0p\ARM_GCC_493\Debug\engine_speed_sensor.a(CyLFClk.o)
                0x00001658                CySysTimerIsr
 .text.engine_vref_buf_Init
                0x00001740       0x34 .\CortexM0p\ARM_GCC_493\Debug\engine_speed_sensor.a(engine_vref_buf.o)
                0x00001740                engine_vref_buf_Init
 .text.engine_vref_buf_Enable
                0x00001774       0x24 .\CortexM0p\ARM_GCC_493\Debug\engine_speed_sensor.a(engine_vref_buf.o)
                0x00001774                engine_vref_buf_Enable
 .text.engine_vref_buf_Start
                0x00001798       0x24 .\CortexM0p\ARM_GCC_493\Debug\engine_speed_sensor.a(engine_vref_buf.o)
                0x00001798                engine_vref_buf_Start
 .text.engine_sensor_adc_Start
                0x000017bc       0x34 .\CortexM0p\ARM_GCC_493\Debug\engine_speed_sensor.a(engine_sensor_adc.o)
                0x000017bc                engine_sensor_adc_Start
 .text.engine_sensor_adc_Stop
                0x000017f0       0x48 .\CortexM0p\ARM_GCC_493\Debug\engine_speed_sensor.a(engine_sensor_adc.o)
                0x000017f0                engine_sensor_adc_Stop
 .text.engine_sensor_adc_InitConfig
                0x00001838      0x144 .\CortexM0p\ARM_GCC_493\Debug\engine_speed_sensor.a(engine_sensor_adc.o)
                0x00001838                engine_sensor_adc_InitConfig
 .text.engine_sensor_adc_StartConvert
                0x0000197c       0x3c .\CortexM0p\ARM_GCC_493\Debug\engine_speed_sensor.a(engine_sensor_adc.o)
                0x0000197c                engine_sensor_adc_StartConvert
 .text.engine_sensor_adc_filterInit
                0x000019b8       0x34 .\CortexM0p\ARM_GCC_493\Debug\engine_speed_sensor.a(engine_sensor_adc.o)
                0x000019b8                engine_sensor_adc_filterInit
 .text.engine_sensor_adc_Init
                0x000019ec      0x1d4 .\CortexM0p\ARM_GCC_493\Debug\engine_speed_sensor.a(engine_sensor_adc.o)
                0x000019ec                engine_sensor_adc_Init
 .text.engine_sensor_adc_Enable
                0x00001bc0       0x74 .\CortexM0p\ARM_GCC_493\Debug\engine_speed_sensor.a(engine_sensor_adc.o)
                0x00001bc0                engine_sensor_adc_Enable
 .text.engine_sensor_adc_ISR
                0x00001c34       0x1c .\CortexM0p\ARM_GCC_493\Debug\engine_speed_sensor.a(engine_sensor_adc_INT.o)
                0x00001c34                engine_sensor_adc_ISR
 .text.engine_sensor_ref_Init
                0x00001c50       0x28 .\CortexM0p\ARM_GCC_493\Debug\engine_speed_sensor.a(engine_sensor_ref.o)
                0x00001c50                engine_sensor_ref_Init
 .text.engine_sensor_ref_Enable
                0x00001c78       0x18 .\CortexM0p\ARM_GCC_493\Debug\engine_speed_sensor.a(engine_sensor_ref.o)
                0x00001c78                engine_sensor_ref_Enable
 .text.engine_sensor_ref_Start
                0x00001c90       0x24 .\CortexM0p\ARM_GCC_493\Debug\engine_speed_sensor.a(engine_sensor_ref.o)
                0x00001c90                engine_sensor_ref_Start
 .text.engine_sensor_pga_Init
                0x00001cb4       0x60 .\CortexM0p\ARM_GCC_493\Debug\engine_speed_sensor.a(engine_sensor_pga.o)
                0x00001cb4                engine_sensor_pga_Init
 .text.engine_sensor_pga_Enable
                0x00001d14       0x24 .\CortexM0p\ARM_GCC_493\Debug\engine_speed_sensor.a(engine_sensor_pga.o)
                0x00001d14                engine_sensor_pga_Enable
 .text.engine_sensor_pga_Start
                0x00001d38       0x24 .\CortexM0p\ARM_GCC_493\Debug\engine_speed_sensor.a(engine_sensor_pga.o)
                0x00001d38                engine_sensor_pga_Start
 .text.engine_sensor_pga_SetGain
                0x00001d5c       0xb8 .\CortexM0p\ARM_GCC_493\Debug\engine_speed_sensor.a(engine_sensor_pga.o)
                0x00001d5c                engine_sensor_pga_SetGain
 .text.engine_sensor_adc_intSarClock_SetFractionalDividerRegister
                0x00001e14       0x44 .\CortexM0p\ARM_GCC_493\Debug\engine_speed_sensor.a(engine_sensor_adc_intSarClock.o)
                0x00001e14                engine_sensor_adc_intSarClock_SetFractionalDividerRegister
 .text.engine_sensor_adc_UABH_B_Stop
                0x00001e58       0x10 .\CortexM0p\ARM_GCC_493\Debug\engine_speed_sensor.a(engine_sensor_adc_UABH_B.o)
                0x00001e58                engine_sensor_adc_UABH_B_Stop
 .text.engine_sensor_adc_UABH_B_WriteInitPairs
                0x00001e68       0x3c .\CortexM0p\ARM_GCC_493\Debug\engine_speed_sensor.a(engine_sensor_adc_UABH_B.o)
                0x00001e68                engine_sensor_adc_UABH_B_WriteInitPairs
 .text.engine_sensor_adc_UABH_B_Init
                0x00001ea4      0x108 .\CortexM0p\ARM_GCC_493\Debug\engine_speed_sensor.a(engine_sensor_adc_UABH_B.o)
                0x00001ea4                engine_sensor_adc_UABH_B_Init
 .text.engine_sensor_adc_UABH_B_Enable
                0x00001fac       0x1c .\CortexM0p\ARM_GCC_493\Debug\engine_speed_sensor.a(engine_sensor_adc_UABH_B.o)
                0x00001fac                engine_sensor_adc_UABH_B_Enable
 .text.engine_sensor_adc_UABH_B_SetRefTied
                0x00001fc8       0x34 .\CortexM0p\ARM_GCC_493\Debug\engine_speed_sensor.a(engine_sensor_adc_UABH_B.o)
                0x00001fc8                engine_sensor_adc_UABH_B_SetRefTied
 .text.engine_sensor_adc_UABH_B_SetAgndTied
                0x00001ffc       0x34 .\CortexM0p\ARM_GCC_493\Debug\engine_speed_sensor.a(engine_sensor_adc_UABH_B.o)
                0x00001ffc                engine_sensor_adc_UABH_B_SetAgndTied
 .text.engine_sensor_adc_UABH_B_Run
                0x00002030       0x24 .\CortexM0p\ARM_GCC_493\Debug\engine_speed_sensor.a(engine_sensor_adc_UABH_B.o)
                0x00002030                engine_sensor_adc_UABH_B_Run
 .text.engine_sensor_adc_UABH_B_SetSwitch
                0x00002054      0x1a4 .\CortexM0p\ARM_GCC_493\Debug\engine_speed_sensor.a(engine_sensor_adc_UABH_B.o)
                0x00002054                engine_sensor_adc_UABH_B_SetSwitch
 .text.CyUAB_SetNSteps
                0x000021f8       0x40 .\CortexM0p\ARM_GCC_493\Debug\engine_speed_sensor.a(engine_sensor_adc_UABH_B_CyUAB.o)
                0x000021f8                CyUAB_SetNSteps
 .text.CyUAB_wordset
                0x00002238       0x38 .\CortexM0p\ARM_GCC_493\Debug\engine_speed_sensor.a(engine_sensor_adc_UABH_B_CyUAB.o)
                0x00002238                CyUAB_wordset
 .text.engine_sensor_adc_UABH_A_Stop
                0x00002270       0x10 .\CortexM0p\ARM_GCC_493\Debug\engine_speed_sensor.a(engine_sensor_adc_UABH_A.o)
                0x00002270                engine_sensor_adc_UABH_A_Stop
 .text.engine_sensor_adc_UABH_A_WriteInitPairs
                0x00002280       0x3c .\CortexM0p\ARM_GCC_493\Debug\engine_speed_sensor.a(engine_sensor_adc_UABH_A.o)
                0x00002280                engine_sensor_adc_UABH_A_WriteInitPairs
 .text.engine_sensor_adc_UABH_A_Init
                0x000022bc      0x108 .\CortexM0p\ARM_GCC_493\Debug\engine_speed_sensor.a(engine_sensor_adc_UABH_A.o)
                0x000022bc                engine_sensor_adc_UABH_A_Init
 .text.engine_sensor_adc_UABH_A_Enable
                0x000023c4       0x1c .\CortexM0p\ARM_GCC_493\Debug\engine_speed_sensor.a(engine_sensor_adc_UABH_A.o)
                0x000023c4                engine_sensor_adc_UABH_A_Enable
 .text.engine_sensor_adc_UABH_A_SetRefTied
                0x000023e0       0x34 .\CortexM0p\ARM_GCC_493\Debug\engine_speed_sensor.a(engine_sensor_adc_UABH_A.o)
                0x000023e0                engine_sensor_adc_UABH_A_SetRefTied
 .text.engine_sensor_adc_UABH_A_SetAgndTied
                0x00002414       0x34 .\CortexM0p\ARM_GCC_493\Debug\engine_speed_sensor.a(engine_sensor_adc_UABH_A.o)
                0x00002414                engine_sensor_adc_UABH_A_SetAgndTied
 .text.engine_sensor_adc_UABH_A_Run
                0x00002448       0x24 .\CortexM0p\ARM_GCC_493\Debug\engine_speed_sensor.a(engine_sensor_adc_UABH_A.o)
                0x00002448                engine_sensor_adc_UABH_A_Run
 .text.engine_sensor_adc_UABH_A_SetSwitch
                0x0000246c      0x1a4 .\CortexM0p\ARM_GCC_493\Debug\engine_speed_sensor.a(engine_sensor_adc_UABH_A.o)
                0x0000246c                engine_sensor_adc_UABH_A_SetSwitch
 .text.engine_sensor_adc_intUabClock_SetFractionalDividerRegister
                0x00002610       0x44 .\CortexM0p\ARM_GCC_493\Debug\engine_speed_sensor.a(engine_sensor_adc_intUabClock.o)
                0x00002610                engine_sensor_adc_intUabClock_SetFractionalDividerRegister
 .text.engine_sensor_adc_filterVinMux_Start
                0x00002654       0x3c .\CortexM0p\ARM_GCC_493\Debug\engine_speed_sensor.a(engine_sensor_adc_filterVinMux.o)
                0x00002654                engine_sensor_adc_filterVinMux_Start
 .text.engine_sensor_adc_filterVinMux_Select
                0x00002690       0x2c .\CortexM0p\ARM_GCC_493\Debug\engine_speed_sensor.a(engine_sensor_adc_filterVinMux.o)
                0x00002690                engine_sensor_adc_filterVinMux_Select
 .text.engine_sensor_adc_FILTERAGND2SAR_BUFFER_Init
                0x000026bc       0x34 .\CortexM0p\ARM_GCC_493\Debug\engine_speed_sensor.a(engine_sensor_adc_FILTERAGND2SAR_BUFFER.o)
                0x000026bc                engine_sensor_adc_FILTERAGND2SAR_BUFFER_Init
 .text.engine_sensor_adc_FILTERAGND2SAR_BUFFER_Enable
                0x000026f0       0x24 .\CortexM0p\ARM_GCC_493\Debug\engine_speed_sensor.a(engine_sensor_adc_FILTERAGND2SAR_BUFFER.o)
                0x000026f0                engine_sensor_adc_FILTERAGND2SAR_BUFFER_Enable
 .text.engine_sensor_adc_FILTERAGND2SAR_BUFFER_Stop
                0x00002714       0x1c .\CortexM0p\ARM_GCC_493\Debug\engine_speed_sensor.a(engine_sensor_adc_FILTERAGND2SAR_BUFFER.o)
                0x00002714                engine_sensor_adc_FILTERAGND2SAR_BUFFER_Stop
 .text.engine_sensor_transfer_ChEnable
                0x00002730       0x10 .\CortexM0p\ARM_GCC_493\Debug\engine_speed_sensor.a(engine_sensor_transfer.o)
 .text.engine_sensor_transfer_ValidateDescriptor
                0x00002740       0x18 .\CortexM0p\ARM_GCC_493\Debug\engine_speed_sensor.a(engine_sensor_transfer.o)
 .text.engine_sensor_transfer_SetSrcAddress
                0x00002758       0x20 .\CortexM0p\ARM_GCC_493\Debug\engine_speed_sensor.a(engine_sensor_transfer.o)
 .text.engine_sensor_transfer_SetDstAddress
                0x00002778       0x20 .\CortexM0p\ARM_GCC_493\Debug\engine_speed_sensor.a(engine_sensor_transfer.o)
 .text.engine_sensor_transfer_Start
                0x00002798       0x48 .\CortexM0p\ARM_GCC_493\Debug\engine_speed_sensor.a(engine_sensor_transfer.o)
                0x00002798                engine_sensor_transfer_Start
 .text.engine_sensor_transfer_Init
                0x000027e0       0x38 .\CortexM0p\ARM_GCC_493\Debug\engine_speed_sensor.a(engine_sensor_transfer.o)
                0x000027e0                engine_sensor_transfer_Init
 .text.engine_sensor_uart_Init
                0x00002818        0xc .\CortexM0p\ARM_GCC_493\Debug\engine_speed_sensor.a(engine_sensor_uart.o)
                0x00002818                engine_sensor_uart_Init
 .text.engine_sensor_uart_Enable
                0x00002824       0x24 .\CortexM0p\ARM_GCC_493\Debug\engine_speed_sensor.a(engine_sensor_uart.o)
                0x00002824                engine_sensor_uart_Enable
 .text.engine_sensor_uart_Start
                0x00002848       0x24 .\CortexM0p\ARM_GCC_493\Debug\engine_speed_sensor.a(engine_sensor_uart.o)
                0x00002848                engine_sensor_uart_Start
 .text.engine_sensor_uart_ScbEnableIntr
                0x0000286c        0x8 .\CortexM0p\ARM_GCC_493\Debug\engine_speed_sensor.a(engine_sensor_uart.o)
 .text.engine_sensor_uart_ScbModePostEnable
                0x00002874        0xc .\CortexM0p\ARM_GCC_493\Debug\engine_speed_sensor.a(engine_sensor_uart.o)
 .text.engine_sensor_uart_SpiUartWriteTxData
                0x00002880       0x2c .\CortexM0p\ARM_GCC_493\Debug\engine_speed_sensor.a(engine_sensor_uart_SPI_UART.o)
                0x00002880                engine_sensor_uart_SpiUartWriteTxData
 .text.engine_sensor_uart_SpiUartPutArray
                0x000028ac       0x34 .\CortexM0p\ARM_GCC_493\Debug\engine_speed_sensor.a(engine_sensor_uart_SPI_UART.o)
                0x000028ac                engine_sensor_uart_SpiUartPutArray
 .text.engine_sensor_uart_SpiUartGetTxBufferSize
                0x000028e0       0x20 .\CortexM0p\ARM_GCC_493\Debug\engine_speed_sensor.a(engine_sensor_uart_SPI_UART.o)
                0x000028e0                engine_sensor_uart_SpiUartGetTxBufferSize
 .text.engine_sensor_uart_UartInit
                0x00002900       0xc0 .\CortexM0p\ARM_GCC_493\Debug\engine_speed_sensor.a(engine_sensor_uart_UART.o)
                0x00002900                engine_sensor_uart_UartInit
 .text.engine_sensor_uart_UartPostEnable
                0x000029c0       0x34 .\CortexM0p\ARM_GCC_493\Debug\engine_speed_sensor.a(engine_sensor_uart_UART.o)
                0x000029c0                engine_sensor_uart_UartPostEnable
 *fill*         0x000029f4        0x4 
 .text          0x000029f8       0x20 .\CortexM0p\ARM_GCC_493\Debug\engine_speed_sensor.a(CyBootAsmGnu.o)
                0x000029f8                CyDelayCycles
                0x00002a0a                CyEnterCriticalSection
                0x00002a12                CyExitCriticalSection
 .text.CySysFlashSetWaitCycles
                0x00002a18       0x74 .\CortexM0p\ARM_GCC_493\Debug\engine_speed_sensor.a(CyFlash.o)
                0x00002a18                CySysFlashSetWaitCycles
 .text          0x00002a8c      0x120 c:/program files (x86)/cypress/psoc creator/4.0/psoc creator/import/gnu/arm/4.9.3/bin/../lib/gcc/arm-none-eabi/4.9.3/armv6-m\libgcc.a(_udivsi3.o)
                0x00002a8c                __aeabi_uidiv
                0x00002a8c                __udivsi3
                0x00002b98                __aeabi_uidivmod
 .text          0x00002bac      0x1e0 c:/program files (x86)/cypress/psoc creator/4.0/psoc creator/import/gnu/arm/4.9.3/bin/../lib/gcc/arm-none-eabi/4.9.3/armv6-m\libgcc.a(_divsi3.o)
                0x00002bac                __divsi3
                0x00002bac                __aeabi_idiv
                0x00002d78                __aeabi_idivmod
 .text          0x00002d8c        0x4 c:/program files (x86)/cypress/psoc creator/4.0/psoc creator/import/gnu/arm/4.9.3/bin/../lib/gcc/arm-none-eabi/4.9.3/armv6-m\libgcc.a(_dvmd_tls.o)
                0x00002d8c                __aeabi_idiv0
                0x00002d8c                __aeabi_ldiv0
 .text.__errno  0x00002d90        0xc c:/program files (x86)/cypress/psoc creator/4.0/psoc creator/import/gnu/arm/4.9.3/bin/../lib/gcc/arm-none-eabi/4.9.3/../../../../arm-none-eabi/lib/armv6-m\libg_nano.a(lib_a-errno.o)
                0x00002d90                __errno
 .text.__libc_init_array
                0x00002d9c       0x4c c:/program files (x86)/cypress/psoc creator/4.0/psoc creator/import/gnu/arm/4.9.3/bin/../lib/gcc/arm-none-eabi/4.9.3/../../../../arm-none-eabi/lib/armv6-m\libg_nano.a(lib_a-init.o)
                0x00002d9c                __libc_init_array
 .text.memcpy   0x00002de8       0x12 c:/program files (x86)/cypress/psoc creator/4.0/psoc creator/import/gnu/arm/4.9.3/bin/../lib/gcc/arm-none-eabi/4.9.3/../../../../arm-none-eabi/lib/armv6-m\libg_nano.a(lib_a-memcpy.o)
                0x00002de8                memcpy
 *fill*         0x00002dfa        0x2 
 .text.sprintf  0x00002dfc       0x44 c:/program files (x86)/cypress/psoc creator/4.0/psoc creator/import/gnu/arm/4.9.3/bin/../lib/gcc/arm-none-eabi/4.9.3/../../../../arm-none-eabi/lib/armv6-m\libg_nano.a(lib_a-sprintf.o)
                0x00002dfc                siprintf
                0x00002dfc                sprintf
 .text.strlen   0x00002e40        0xe c:/program files (x86)/cypress/psoc creator/4.0/psoc creator/import/gnu/arm/4.9.3/bin/../lib/gcc/arm-none-eabi/4.9.3/../../../../arm-none-eabi/lib/armv6-m\libg_nano.a(lib_a-strlen.o)
                0x00002e40                strlen
 *fill*         0x00002e4e        0x2 
 .text.__ssputs_r
                0x00002e50       0xc0 c:/program files (x86)/cypress/psoc creator/4.0/psoc creator/import/gnu/arm/4.9.3/bin/../lib/gcc/arm-none-eabi/4.9.3/../../../../arm-none-eabi/lib/armv6-m\libg_nano.a(lib_a-nano-svfprintf.o)
                0x00002e50                __ssputs_r
 .text._svfprintf_r
                0x00002f10      0x1ec c:/program files (x86)/cypress/psoc creator/4.0/psoc creator/import/gnu/arm/4.9.3/bin/../lib/gcc/arm-none-eabi/4.9.3/../../../../arm-none-eabi/lib/armv6-m\libg_nano.a(lib_a-nano-svfprintf.o)
                0x00002f10                _svfiprintf_r
                0x00002f10                _svfprintf_r
 .text._printf_common
                0x000030fc       0xdc c:/program files (x86)/cypress/psoc creator/4.0/psoc creator/import/gnu/arm/4.9.3/bin/../lib/gcc/arm-none-eabi/4.9.3/../../../../arm-none-eabi/lib/armv6-m\libg_nano.a(lib_a-nano-vfprintf_i.o)
                0x000030fc                _printf_common
 .text._printf_i
                0x000031d8      0x230 c:/program files (x86)/cypress/psoc creator/4.0/psoc creator/import/gnu/arm/4.9.3/bin/../lib/gcc/arm-none-eabi/4.9.3/../../../../arm-none-eabi/lib/armv6-m\libg_nano.a(lib_a-nano-vfprintf_i.o)
                0x000031d8                _printf_i
 .text.memchr   0x00003408       0x16 c:/program files (x86)/cypress/psoc creator/4.0/psoc creator/import/gnu/arm/4.9.3/bin/../lib/gcc/arm-none-eabi/4.9.3/../../../../arm-none-eabi/lib/armv6-m\libg_nano.a(lib_a-memchr.o)
                0x00003408                memchr
 .text.memmove  0x0000341e       0x28 c:/program files (x86)/cypress/psoc creator/4.0/psoc creator/import/gnu/arm/4.9.3/bin/../lib/gcc/arm-none-eabi/4.9.3/../../../../arm-none-eabi/lib/armv6-m\libg_nano.a(lib_a-memmove.o)
                0x0000341e                memmove
 *fill*         0x00003446        0x2 
 .text._free_r  0x00003448       0x8c c:/program files (x86)/cypress/psoc creator/4.0/psoc creator/import/gnu/arm/4.9.3/bin/../lib/gcc/arm-none-eabi/4.9.3/../../../../arm-none-eabi/lib/armv6-m\libg_nano.a(lib_a-nano-freer.o)
                0x00003448                _free_r
 .text._malloc_r
                0x000034d4       0xb0 c:/program files (x86)/cypress/psoc creator/4.0/psoc creator/import/gnu/arm/4.9.3/bin/../lib/gcc/arm-none-eabi/4.9.3/../../../../arm-none-eabi/lib/armv6-m\libg_nano.a(lib_a-nano-mallocr.o)
                0x000034d4                _malloc_r
 .text._realloc_r
                0x00003584       0x4c c:/program files (x86)/cypress/psoc creator/4.0/psoc creator/import/gnu/arm/4.9.3/bin/../lib/gcc/arm-none-eabi/4.9.3/../../../../arm-none-eabi/lib/armv6-m\libg_nano.a(lib_a-nano-reallocr.o)
                0x00003584                _realloc_r
 .text._sbrk_r  0x000035d0       0x24 c:/program files (x86)/cypress/psoc creator/4.0/psoc creator/import/gnu/arm/4.9.3/bin/../lib/gcc/arm-none-eabi/4.9.3/../../../../arm-none-eabi/lib/armv6-m\libg_nano.a(lib_a-sbrkr.o)
                0x000035d0                _sbrk_r
 .text._malloc_usable_size_r
                0x000035f4       0x16 c:/program files (x86)/cypress/psoc creator/4.0/psoc creator/import/gnu/arm/4.9.3/bin/../lib/gcc/arm-none-eabi/4.9.3/../../../../arm-none-eabi/lib/armv6-m\libg_nano.a(lib_a-nano-msizer.o)
                0x000035f4                _malloc_usable_size_r
 *(.plt)
 *(.gnu.warning)
 *(.glue_7t)
 .glue_7t       0x00000000        0x0 linker stubs
 *(.glue_7)
 .glue_7        0x00000000        0x0 linker stubs
 *(.vfp11_veneer)
 .vfp11_veneer  0x00000000        0x0 linker stubs
 *(.bootloader)
 *(.ARM.extab* .gnu.linkonce.armextab.*)
 *(.gcc_except_table)

.v4_bx          0x0000360c        0x0
 .v4_bx         0x00000000        0x0 linker stubs

.iplt           0x0000360c        0x0
 .iplt          0x00000000        0x0 c:/program files (x86)/cypress/psoc creator/4.0/psoc creator/import/gnu/arm/4.9.3/bin/../lib/gcc/arm-none-eabi/4.9.3/armv6-m/crtbegin.o

.eh_frame_hdr
 *(.eh_frame_hdr)

.eh_frame       0x0000360c        0x4
 *(.eh_frame)
 .eh_frame      0x0000360c        0x0 c:/program files (x86)/cypress/psoc creator/4.0/psoc creator/import/gnu/arm/4.9.3/bin/../lib/gcc/arm-none-eabi/4.9.3/armv6-m/crtbegin.o
 .eh_frame      0x0000360c        0x4 c:/program files (x86)/cypress/psoc creator/4.0/psoc creator/import/gnu/arm/4.9.3/bin/../lib/gcc/arm-none-eabi/4.9.3/armv6-m/crtend.o
                0x00003610                PROVIDE (__exidx_start, .)

.ARM.exidx
 *(.ARM.exidx* .gnu.linkonce.armexidx.*)
                0x00003610                __exidx_end = .

.rodata         0x00003610      0x738
 *(.rodata .rodata.* .gnu.linkonce.r.*)
 .rodata        0x00003610      0x600 .\CortexM0p\ARM_GCC_493\Debug\fix_fft.o
                0x00003610                Sinewave
 .rodata        0x00003c10       0x30 .\CortexM0p\ARM_GCC_493\Debug\ui.o
 .rodata        0x00003c40       0x18 .\CortexM0p\ARM_GCC_493\Debug\engine_speed_sensor.a(CyLib.o)
                0x00003c40                cyImoFreqMhz2DpllOffset
 .rodata        0x00003c58       0x38 .\CortexM0p\ARM_GCC_493\Debug\engine_speed_sensor.a(engine_sensor_adc_INIT.o)
                0x00003c58                engine_sensor_adc_allConfigs
 .rodata        0x00003c90       0x48 .\CortexM0p\ARM_GCC_493\Debug\engine_speed_sensor.a(engine_sensor_pga.o)
                0x00003c90                engine_sensor_pga_compTab
 .rodata.str1.1
                0x00003cd8        0x2 c:/program files (x86)/cypress/psoc creator/4.0/psoc creator/import/gnu/arm/4.9.3/bin/../lib/gcc/arm-none-eabi/4.9.3/../../../../arm-none-eabi/lib/armv6-m\libg_nano.a(lib_a-impure.o)
 .rodata.str1.1
                0x00003cda       0x11 c:/program files (x86)/cypress/psoc creator/4.0/psoc creator/import/gnu/arm/4.9.3/bin/../lib/gcc/arm-none-eabi/4.9.3/../../../../arm-none-eabi/lib/armv6-m\libg_nano.a(lib_a-nano-svfprintf.o)
 .rodata.str1.1
                0x00003ceb       0x22 c:/program files (x86)/cypress/psoc creator/4.0/psoc creator/import/gnu/arm/4.9.3/bin/../lib/gcc/arm-none-eabi/4.9.3/../../../../arm-none-eabi/lib/armv6-m\libg_nano.a(lib_a-nano-vfprintf_i.o)
                0x00003d10                . = ALIGN (0x4)
 *fill*         0x00003d0d        0x3 
 *(.init)
 .init          0x00003d10        0x4 c:/program files (x86)/cypress/psoc creator/4.0/psoc creator/import/gnu/arm/4.9.3/bin/../lib/gcc/arm-none-eabi/4.9.3/armv6-m/crti.o
                0x00003d10                _init
 .init          0x00003d14        0x8 c:/program files (x86)/cypress/psoc creator/4.0/psoc creator/import/gnu/arm/4.9.3/bin/../lib/gcc/arm-none-eabi/4.9.3/armv6-m/crtn.o
                0x00003d1c                . = ALIGN (0x4)
                0x00003d1c                __preinit_array_start = .
 *(.preinit_array)
                0x00003d1c                __preinit_array_end = .
                0x00003d1c                . = ALIGN (0x4)
                0x00003d1c                __init_array_start = .
 *(SORT(.init_array.*))
 *(.init_array)
 .init_array    0x00003d1c        0x4 c:/program files (x86)/cypress/psoc creator/4.0/psoc creator/import/gnu/arm/4.9.3/bin/../lib/gcc/arm-none-eabi/4.9.3/armv6-m/crtbegin.o
 .init_array    0x00003d20        0x4 .\CortexM0p\ARM_GCC_493\Debug\Cm0plusStart.o
                0x00003d24                __init_array_end = .
                0x00003d24                . = ALIGN (0x4)
 *(.fini)
 .fini          0x00003d24        0x4 c:/program files (x86)/cypress/psoc creator/4.0/psoc creator/import/gnu/arm/4.9.3/bin/../lib/gcc/arm-none-eabi/4.9.3/armv6-m/crti.o
                0x00003d24                _fini
 .fini          0x00003d28        0x8 c:/program files (x86)/cypress/psoc creator/4.0/psoc creator/import/gnu/arm/4.9.3/bin/../lib/gcc/arm-none-eabi/4.9.3/armv6-m/crtn.o
                0x00003d30                . = ALIGN (0x4)
                0x00003d30                __fini_array_start = .
 *(.fini_array)
 .fini_array    0x00003d30        0x4 c:/program files (x86)/cypress/psoc creator/4.0/psoc creator/import/gnu/arm/4.9.3/bin/../lib/gcc/arm-none-eabi/4.9.3/armv6-m/crtbegin.o
 *(SORT(.fini_array.*))
                0x00003d34                __fini_array_end = .
                0x00003d34                . = ALIGN (0x4)
 *crtbegin.o(.ctors)
 *(EXCLUDE_FILE(*crtend.o) .ctors)
 *(SORT(.ctors.*))
 *crtend.o(.ctors)
                0x00003d34                . = ALIGN (0x4)
 *crtbegin.o(.dtors)
 *(EXCLUDE_FILE(*crtend.o) .dtors)
 *(SORT(.dtors.*))
 *crtend.o(.dtors)
                0x00003d34                . = ALIGN (0x4)
                0x00003d34                __cy_regions = .
                0x00003d34        0x4 LONG 0x3d48 __cy_region_init_ram
                0x00003d38        0x4 LONG 0x200000b0 __cy_region_start_data
                0x00003d3c        0x4 LONG 0x270 __cy_region_init_size_ram
                0x00003d40        0x4 LONG 0x920 __cy_region_zero_size_ram
                0x00003d44                __cy_regions_end = .
                0x00003d48                . = ALIGN (0x8)
 *fill*         0x00003d44        0x4 
                0x00003d48                _etext = .

.cy_checksum_exclude
                0x00003d48        0x0
 *(.cy_checksum_exclude)

.ramvectors     0x20000000       0xa4
                0x20000000                __cy_region_start_ram = .
 *(.ramvectors)
 .ramvectors    0x20000000       0xa4 .\CortexM0p\ARM_GCC_493\Debug\Cm0plusStart.o
                0x20000000                CyRamVectors

.noinit         0x200000a8        0x4
 *(.noinit)
 .noinit        0x200000a8        0x4 .\CortexM0p\ARM_GCC_493\Debug\Cm0plusStart.o

.data           0x200000b0      0x270 load address 0x00003d48
                0x200000b0                __cy_region_start_data = .
 *(.jcr)
 .jcr           0x200000b0        0x0 c:/program files (x86)/cypress/psoc creator/4.0/psoc creator/import/gnu/arm/4.9.3/bin/../lib/gcc/arm-none-eabi/4.9.3/armv6-m/crtbegin.o
 .jcr           0x200000b0        0x4 c:/program files (x86)/cypress/psoc creator/4.0/psoc creator/import/gnu/arm/4.9.3/bin/../lib/gcc/arm-none-eabi/4.9.3/armv6-m/crtend.o
 *(.got.plt)
 *(.got)
 *(.shdata)
 *(.data .data.* .gnu.linkonce.d.*)
 .data          0x200000b4        0x4 .\CortexM0p\ARM_GCC_493\Debug\Cm0plusStart.o
 .data          0x200000b8       0x14 .\CortexM0p\ARM_GCC_493\Debug\engine_speed_sensor.a(CyLib.o)
                0x200000b8                cydelayFreqHz
                0x200000bc                cydelayFreqKhz
                0x200000c0                cydelayFreqMhz
                0x200000c4                cydelay32kMs
                0x200000c8                CySysClkPumpConfig
 .data          0x200000cc       0x24 .\CortexM0p\ARM_GCC_493\Debug\engine_speed_sensor.a(CyDMA.o)
 .data          0x200000f0        0x4 .\CortexM0p\ARM_GCC_493\Debug\engine_speed_sensor.a(CyLFClk.o)
 .data          0x200000f4      0x140 .\CortexM0p\ARM_GCC_493\Debug\engine_speed_sensor.a(engine_sensor_adc.o)
 .data          0x20000234       0x40 .\CortexM0p\ARM_GCC_493\Debug\engine_speed_sensor.a(engine_sensor_adc_UABH_B.o)
                0x20000234                engine_sensor_adc_UABH_B_waveConfig
                0x20000238                engine_sensor_adc_UABH_B_initPairs
                0x20000268                engine_sensor_adc_UABH_B_config
 .data          0x20000274       0x40 .\CortexM0p\ARM_GCC_493\Debug\engine_speed_sensor.a(engine_sensor_adc_UABH_A.o)
                0x20000274                engine_sensor_adc_UABH_A_waveConfig
                0x20000278                engine_sensor_adc_UABH_A_initPairs
                0x200002a8                engine_sensor_adc_UABH_A_config
 .data          0x200002b4        0x1 .\CortexM0p\ARM_GCC_493\Debug\engine_speed_sensor.a(engine_sensor_adc_filterVinMux.o)
 *fill*         0x200002b5        0x3 
 .data.impure_data
                0x200002b8       0x60 c:/program files (x86)/cypress/psoc creator/4.0/psoc creator/import/gnu/arm/4.9.3/bin/../lib/gcc/arm-none-eabi/4.9.3/../../../../arm-none-eabi/lib/armv6-m\libg_nano.a(lib_a-impure.o)
 .data._impure_ptr
                0x20000318        0x4 c:/program files (x86)/cypress/psoc creator/4.0/psoc creator/import/gnu/arm/4.9.3/bin/../lib/gcc/arm-none-eabi/4.9.3/../../../../arm-none-eabi/lib/armv6-m\libg_nano.a(lib_a-impure.o)
                0x20000318                _impure_ptr
                0x20000320                . = ALIGN (0x8)
 *fill*         0x2000031c        0x4 
 *(.ram)
                0x20000320                _edata = .

.igot.plt       0x20000320        0x0 load address 0x00003fb8
 .igot.plt      0x00000000        0x0 c:/program files (x86)/cypress/psoc creator/4.0/psoc creator/import/gnu/arm/4.9.3/bin/../lib/gcc/arm-none-eabi/4.9.3/armv6-m/crtbegin.o

.bss            0x20000320      0x920 load address 0x00003fb8
                0x20000320                PROVIDE (__bss_start__, .)
 *(.shbss)
 *(.bss .bss.* .gnu.linkonce.b.*)
 .bss           0x20000320       0x1c c:/program files (x86)/cypress/psoc creator/4.0/psoc creator/import/gnu/arm/4.9.3/bin/../lib/gcc/arm-none-eabi/4.9.3/armv6-m/crtbegin.o
 .bss           0x2000033c      0x810 .\CortexM0p\ARM_GCC_493\Debug\engine_afe.o
 .bss           0x20000b4c       0x4c .\CortexM0p\ARM_GCC_493\Debug\event_queue.o
 .bss           0x20000b98       0x4c .\CortexM0p\ARM_GCC_493\Debug\ui.o
                0x20000ba4                result_buffer
 .bss           0x20000be4        0x1 .\CortexM0p\ARM_GCC_493\Debug\engine_speed_sensor.a(CyDMA.o)
 *fill*         0x20000be5        0x3 
 .bss           0x20000be8       0x18 .\CortexM0p\ARM_GCC_493\Debug\engine_speed_sensor.a(CyLFClk.o)
 .bss           0x20000c00        0x8 .\CortexM0p\ARM_GCC_493\Debug\engine_speed_sensor.a(engine_vref_buf.o)
                0x20000c00                engine_vref_buf_initVar
 .bss           0x20000c08        0x8 .\CortexM0p\ARM_GCC_493\Debug\engine_speed_sensor.a(engine_sensor_adc.o)
                0x20000c08                engine_sensor_adc_initVar
                0x20000c09                engine_sensor_adc_selected
 .bss           0x20000c10        0x1 .\CortexM0p\ARM_GCC_493\Debug\engine_speed_sensor.a(engine_sensor_ref.o)
                0x20000c10                engine_sensor_ref_initVar
 *fill*         0x20000c11        0x3 
 .bss           0x20000c14        0x8 .\CortexM0p\ARM_GCC_493\Debug\engine_speed_sensor.a(engine_sensor_pga.o)
                0x20000c14                engine_sensor_pga_initVar
                0x20000c18                engine_sensor_pga_internalGainPower
 .bss           0x20000c1c        0x8 .\CortexM0p\ARM_GCC_493\Debug\engine_speed_sensor.a(engine_sensor_adc_FILTERAGND2SAR_BUFFER.o)
                0x20000c1c                engine_sensor_adc_FILTERAGND2SAR_BUFFER_initVar
 .bss           0x20000c24        0x1 .\CortexM0p\ARM_GCC_493\Debug\engine_speed_sensor.a(engine_sensor_transfer.o)
                0x20000c24                engine_sensor_transfer_initVar
 *fill*         0x20000c25        0x1 
 .bss           0x20000c26        0x4 .\CortexM0p\ARM_GCC_493\Debug\engine_speed_sensor.a(engine_sensor_uart.o)
                0x20000c26                engine_sensor_uart_initVar
                0x20000c28                engine_sensor_uart_IntrTxMask
 *fill*         0x20000c2a        0x2 
 .bss.__malloc_sbrk_start
                0x20000c2c        0x4 c:/program files (x86)/cypress/psoc creator/4.0/psoc creator/import/gnu/arm/4.9.3/bin/../lib/gcc/arm-none-eabi/4.9.3/../../../../arm-none-eabi/lib/armv6-m\libg_nano.a(lib_a-nano-mallocr.o)
                0x20000c2c                __malloc_sbrk_start
 .bss.__malloc_free_list
                0x20000c30        0x4 c:/program files (x86)/cypress/psoc creator/4.0/psoc creator/import/gnu/arm/4.9.3/bin/../lib/gcc/arm-none-eabi/4.9.3/../../../../arm-none-eabi/lib/armv6-m\libg_nano.a(lib_a-nano-mallocr.o)
                0x20000c30                __malloc_free_list
 *(COMMON)
 COMMON         0x20000c34        0x8 .\CortexM0p\ARM_GCC_493\Debug\engine_speed_sensor.a(engine_sensor_adc.o)
                0x20000c34                engine_sensor_adc_offset
                0x20000c38                engine_sensor_adc_countsPer10Volt
 COMMON         0x20000c3c        0x4 c:/program files (x86)/cypress/psoc creator/4.0/psoc creator/import/gnu/arm/4.9.3/bin/../lib/gcc/arm-none-eabi/4.9.3/../../../../arm-none-eabi/lib/armv6-m\libg_nano.a(lib_a-reent.o)
                0x20000c3c                errno
                0x20000c40                . = ALIGN (0x8)
 *(.ram.b)
                0x20000c40                _end = .
                0x20000c40                __end = .
                0x20000c40                PROVIDE (end, .)
                0x20000c40                PROVIDE (__bss_end__, .)
                0x00003d48                __cy_region_init_ram = LOADADDR (.data)
                0x00000270                __cy_region_init_size_ram = (_edata - ADDR (.data))
                0x00000920                __cy_region_zero_size_ram = (_end - _edata)

.heap           0x20000c40        0x0 load address 0x00003fb8
                0x20000c40                . = _end
                0x20000c40                . = (. + 0x0)
                0x20000c40                __cy_heap_limit = .

.stack          0x20000f00      0x100
                0x20000f00                __cy_stack_limit = .
                0x20001000                . = (. + 0x100)
 *fill*         0x20000f00      0x100 
                0x00000001                ASSERT ((__cy_stack_limit >= __cy_heap_limit), region RAM overflowed with stack)
                0x00000000                cy_checksum_exclude_size = (CY_APPL_LOADABLE == 0x1)?SIZEOF (.cy_checksum_exclude):0x0
                0x00000001                ASSERT ((cy_checksum_exclude_size <= CY_CHECKSUM_EXCLUDE_SIZE), CY_BOOT: Section .cy_checksum_exclude size exceedes specified limit.)
                0x00007fc0                cyloadermeta_start = (cy_project_type_bootloader || cy_project_type_app_for_stack_and_copier)?(0x8000 - CY_METADATA_SIZE):0xf0000000

.cyloadermeta
 *(.cyloadermeta)
                0x00007fc0                cyloadablemeta_start = cy_project_type_app_for_stack_and_copier?((0x8000 - CY_FLASH_ROW_SIZE) - CY_METADATA_SIZE):((0x8000 - (CY_FLASH_ROW_SIZE * (CY_APPL_NUM - 0x1))) - CY_METADATA_SIZE)

.cyloadablemeta
 *(.cyloadablemeta)

.cyflashprotect
                0x90400000       0x20
 *(.cyflashprotect)
 .cyflashprotect
                0x90400000       0x20 .\CortexM0p\ARM_GCC_493\Debug\cymetadata.o
                0x90400000                cy_meta_flashprotect

.cymeta         0x90500000        0xc
 *(.cymeta)
 .cymeta        0x90500000        0xc .\CortexM0p\ARM_GCC_493\Debug\cymetadata.o
                0x90500000                cy_metadata

.cychipprotect  0x90600000        0x4
 *(.cychipprotect)
 .cychipprotect
                0x90600000        0x4 .\CortexM0p\ARM_GCC_493\Debug\cymetadata.o
                0x90600000                cy_meta_chipprotect

.rel.dyn        0x00003fb8        0x0 load address 0x90600004
 .rel.iplt      0x00000000        0x0 c:/program files (x86)/cypress/psoc creator/4.0/psoc creator/import/gnu/arm/4.9.3/bin/../lib/gcc/arm-none-eabi/4.9.3/armv6-m/crtbegin.o

.stab
 *(.stab)

.stabstr
 *(.stabstr)

.debug
 *(.debug)

.line
 *(.line)

.debug_srcinfo
 *(.debug_srcinfo)

.debug_sfnames
 *(.debug_sfnames)

.debug_aranges  0x00000000     0x1048
 *(.debug_aranges)
 .debug_aranges
                0x00000000       0x20 .\CortexM0p\ARM_GCC_493\Debug\main.o
 .debug_aranges
                0x00000020       0x50 .\CortexM0p\ARM_GCC_493\Debug\engine_afe.o
 .debug_aranges
                0x00000070       0x38 .\CortexM0p\ARM_GCC_493\Debug\event_queue.o
 .debug_aranges
                0x000000a8       0x30 .\CortexM0p\ARM_GCC_493\Debug\fix_fft.o
 .debug_aranges
                0x000000d8       0x28 .\CortexM0p\ARM_GCC_493\Debug\ui.o
 .debug_aranges
                0x00000100       0x18 .\CortexM0p\ARM_GCC_493\Debug\cymetadata.o
 .debug_aranges
                0x00000118       0x48 .\CortexM0p\ARM_GCC_493\Debug\Cm0plusStart.o
 .debug_aranges
                0x00000160       0x60 .\CortexM0p\ARM_GCC_493\Debug\engine_speed_sensor.a(cyfitter_cfg.o)
 .debug_aranges
                0x000001c0      0x1f8 .\CortexM0p\ARM_GCC_493\Debug\engine_speed_sensor.a(CyLib.o)
 .debug_aranges
                0x000003b8      0x198 .\CortexM0p\ARM_GCC_493\Debug\engine_speed_sensor.a(CyDMA.o)
 .debug_aranges
                0x00000550      0x1b0 .\CortexM0p\ARM_GCC_493\Debug\engine_speed_sensor.a(CyLFClk.o)
 .debug_aranges
                0x00000700       0x48 .\CortexM0p\ARM_GCC_493\Debug\engine_speed_sensor.a(engine_vref_buf.o)
 .debug_aranges
                0x00000748      0x160 .\CortexM0p\ARM_GCC_493\Debug\engine_speed_sensor.a(engine_sensor_adc.o)
 .debug_aranges
                0x000008a8       0x18 .\CortexM0p\ARM_GCC_493\Debug\engine_speed_sensor.a(engine_sensor_adc_INIT.o)
 .debug_aranges
                0x000008c0       0x20 .\CortexM0p\ARM_GCC_493\Debug\engine_speed_sensor.a(engine_sensor_adc_INT.o)
 .debug_aranges
                0x000008e0       0x48 .\CortexM0p\ARM_GCC_493\Debug\engine_speed_sensor.a(engine_sensor_ref.o)
 .debug_aranges
                0x00000928       0x50 .\CortexM0p\ARM_GCC_493\Debug\engine_speed_sensor.a(engine_sensor_pga.o)
 .debug_aranges
                0x00000978       0x40 .\CortexM0p\ARM_GCC_493\Debug\engine_speed_sensor.a(engine_sensor_adc_intSarClock.o)
 .debug_aranges
                0x000009b8       0x80 .\CortexM0p\ARM_GCC_493\Debug\engine_speed_sensor.a(engine_sensor_adc_IRQ.o)
 .debug_aranges
                0x00000a38      0x198 .\CortexM0p\ARM_GCC_493\Debug\engine_speed_sensor.a(engine_sensor_adc_UABH_B.o)
 .debug_aranges
                0x00000bd0       0x38 .\CortexM0p\ARM_GCC_493\Debug\engine_speed_sensor.a(engine_sensor_adc_UABH_B_CyUAB.o)
 .debug_aranges
                0x00000c08      0x198 .\CortexM0p\ARM_GCC_493\Debug\engine_speed_sensor.a(engine_sensor_adc_UABH_A.o)
 .debug_aranges
                0x00000da0       0x40 .\CortexM0p\ARM_GCC_493\Debug\engine_speed_sensor.a(engine_sensor_adc_intUabClock.o)
 .debug_aranges
                0x00000de0       0x30 .\CortexM0p\ARM_GCC_493\Debug\engine_speed_sensor.a(engine_sensor_adc_filterVinMux.o)
 .debug_aranges
                0x00000e10       0x48 .\CortexM0p\ARM_GCC_493\Debug\engine_speed_sensor.a(engine_sensor_adc_FILTERAGND2SAR_BUFFER.o)
 .debug_aranges
                0x00000e58       0x48 .\CortexM0p\ARM_GCC_493\Debug\engine_speed_sensor.a(engine_sensor_transfer.o)
 .debug_aranges
                0x00000ea0       0x60 .\CortexM0p\ARM_GCC_493\Debug\engine_speed_sensor.a(engine_sensor_uart.o)
 .debug_aranges
                0x00000f00       0x60 .\CortexM0p\ARM_GCC_493\Debug\engine_speed_sensor.a(engine_sensor_uart_SPI_UART.o)
 .debug_aranges
                0x00000f60       0x88 .\CortexM0p\ARM_GCC_493\Debug\engine_speed_sensor.a(engine_sensor_uart_UART.o)
 .debug_aranges
                0x00000fe8       0x20 .\CortexM0p\ARM_GCC_493\Debug\engine_speed_sensor.a(CyBootAsmGnu.o)
 .debug_aranges
                0x00001008       0x40 .\CortexM0p\ARM_GCC_493\Debug\engine_speed_sensor.a(CyFlash.o)

.debug_pubnames
 *(.debug_pubnames)

.debug_info     0x00000000     0x8dd7
 *(.debug_info .gnu.linkonce.wi.*)
 .debug_info    0x00000000      0x103 .\CortexM0p\ARM_GCC_493\Debug\main.o
 .debug_info    0x00000103      0x33e .\CortexM0p\ARM_GCC_493\Debug\engine_afe.o
 .debug_info    0x00000441      0x22c .\CortexM0p\ARM_GCC_493\Debug\event_queue.o
 .debug_info    0x0000066d      0x25e .\CortexM0p\ARM_GCC_493\Debug\fix_fft.o
 .debug_info    0x000008cb      0x20f .\CortexM0p\ARM_GCC_493\Debug\ui.o
 .debug_info    0x00000ada       0xfe .\CortexM0p\ARM_GCC_493\Debug\cymetadata.o
 .debug_info    0x00000bd8      0x2ef .\CortexM0p\ARM_GCC_493\Debug\Cm0plusStart.o
 .debug_info    0x00000ec7      0x221 .\CortexM0p\ARM_GCC_493\Debug\engine_speed_sensor.a(cyfitter_cfg.o)
 .debug_info    0x000010e8      0xb6e .\CortexM0p\ARM_GCC_493\Debug\engine_speed_sensor.a(CyLib.o)
 .debug_info    0x00001c56      0xc6a .\CortexM0p\ARM_GCC_493\Debug\engine_speed_sensor.a(CyDMA.o)
 .debug_info    0x000028c0      0x968 .\CortexM0p\ARM_GCC_493\Debug\engine_speed_sensor.a(CyLFClk.o)
 .debug_info    0x00003228      0x166 .\CortexM0p\ARM_GCC_493\Debug\engine_speed_sensor.a(engine_vref_buf.o)
 .debug_info    0x0000338e      0xf38 .\CortexM0p\ARM_GCC_493\Debug\engine_speed_sensor.a(engine_sensor_adc.o)
 .debug_info    0x000042c6      0x19e .\CortexM0p\ARM_GCC_493\Debug\engine_speed_sensor.a(engine_sensor_adc_INIT.o)
 .debug_info    0x00004464       0xc5 .\CortexM0p\ARM_GCC_493\Debug\engine_speed_sensor.a(engine_sensor_adc_INT.o)
 .debug_info    0x00004529      0x147 .\CortexM0p\ARM_GCC_493\Debug\engine_speed_sensor.a(engine_sensor_ref.o)
 .debug_info    0x00004670      0x1cb .\CortexM0p\ARM_GCC_493\Debug\engine_speed_sensor.a(engine_sensor_pga.o)
 .debug_info    0x0000483b      0x163 .\CortexM0p\ARM_GCC_493\Debug\engine_speed_sensor.a(engine_sensor_adc_intSarClock.o)
 .debug_info    0x0000499e      0x246 .\CortexM0p\ARM_GCC_493\Debug\engine_speed_sensor.a(engine_sensor_adc_IRQ.o)
 .debug_info    0x00004be4     0x1781 .\CortexM0p\ARM_GCC_493\Debug\engine_speed_sensor.a(engine_sensor_adc_UABH_B.o)
 .debug_info    0x00006365      0x2f8 .\CortexM0p\ARM_GCC_493\Debug\engine_speed_sensor.a(engine_sensor_adc_UABH_B_CyUAB.o)
 .debug_info    0x0000665d     0x1781 .\CortexM0p\ARM_GCC_493\Debug\engine_speed_sensor.a(engine_sensor_adc_UABH_A.o)
 .debug_info    0x00007dde      0x163 .\CortexM0p\ARM_GCC_493\Debug\engine_speed_sensor.a(engine_sensor_adc_intUabClock.o)
 .debug_info    0x00007f41      0x10a .\CortexM0p\ARM_GCC_493\Debug\engine_speed_sensor.a(engine_sensor_adc_filterVinMux.o)
 .debug_info    0x0000804b      0x166 .\CortexM0p\ARM_GCC_493\Debug\engine_speed_sensor.a(engine_sensor_adc_FILTERAGND2SAR_BUFFER.o)
 .debug_info    0x000081b1      0x25f .\CortexM0p\ARM_GCC_493\Debug\engine_speed_sensor.a(engine_sensor_transfer.o)
 .debug_info    0x00008410      0x1c3 .\CortexM0p\ARM_GCC_493\Debug\engine_speed_sensor.a(engine_sensor_uart.o)
 .debug_info    0x000085d3      0x211 .\CortexM0p\ARM_GCC_493\Debug\engine_speed_sensor.a(engine_sensor_uart_SPI_UART.o)
 .debug_info    0x000087e4      0x2d5 .\CortexM0p\ARM_GCC_493\Debug\engine_speed_sensor.a(engine_sensor_uart_UART.o)
 .debug_info    0x00008ab9       0x94 .\CortexM0p\ARM_GCC_493\Debug\engine_speed_sensor.a(CyBootAsmGnu.o)
 .debug_info    0x00008b4d      0x28a .\CortexM0p\ARM_GCC_493\Debug\engine_speed_sensor.a(CyFlash.o)

.debug_abbrev   0x00000000     0x2033
 *(.debug_abbrev)
 .debug_abbrev  0x00000000       0x78 .\CortexM0p\ARM_GCC_493\Debug\main.o
 .debug_abbrev  0x00000078      0x173 .\CortexM0p\ARM_GCC_493\Debug\engine_afe.o
 .debug_abbrev  0x000001eb       0xd8 .\CortexM0p\ARM_GCC_493\Debug\event_queue.o
 .debug_abbrev  0x000002c3      0x129 .\CortexM0p\ARM_GCC_493\Debug\fix_fft.o
 .debug_abbrev  0x000003ec      0x130 .\CortexM0p\ARM_GCC_493\Debug\ui.o
 .debug_abbrev  0x0000051c       0x5d .\CortexM0p\ARM_GCC_493\Debug\cymetadata.o
 .debug_abbrev  0x00000579      0x19e .\CortexM0p\ARM_GCC_493\Debug\Cm0plusStart.o
 .debug_abbrev  0x00000717      0x116 .\CortexM0p\ARM_GCC_493\Debug\engine_speed_sensor.a(cyfitter_cfg.o)
 .debug_abbrev  0x0000082d      0x1d9 .\CortexM0p\ARM_GCC_493\Debug\engine_speed_sensor.a(CyLib.o)
 .debug_abbrev  0x00000a06      0x1d7 .\CortexM0p\ARM_GCC_493\Debug\engine_speed_sensor.a(CyDMA.o)
 .debug_abbrev  0x00000bdd      0x1c6 .\CortexM0p\ARM_GCC_493\Debug\engine_speed_sensor.a(CyLFClk.o)
 .debug_abbrev  0x00000da3       0xc6 .\CortexM0p\ARM_GCC_493\Debug\engine_speed_sensor.a(engine_vref_buf.o)
 .debug_abbrev  0x00000e69      0x1e3 .\CortexM0p\ARM_GCC_493\Debug\engine_speed_sensor.a(engine_sensor_adc.o)
 .debug_abbrev  0x0000104c       0x86 .\CortexM0p\ARM_GCC_493\Debug\engine_speed_sensor.a(engine_sensor_adc_INIT.o)
 .debug_abbrev  0x000010d2       0x65 .\CortexM0p\ARM_GCC_493\Debug\engine_speed_sensor.a(engine_sensor_adc_INT.o)
 .debug_abbrev  0x00001137       0xa8 .\CortexM0p\ARM_GCC_493\Debug\engine_speed_sensor.a(engine_sensor_ref.o)
 .debug_abbrev  0x000011df       0xd0 .\CortexM0p\ARM_GCC_493\Debug\engine_speed_sensor.a(engine_sensor_pga.o)
 .debug_abbrev  0x000012af       0xa8 .\CortexM0p\ARM_GCC_493\Debug\engine_speed_sensor.a(engine_sensor_adc_intSarClock.o)
 .debug_abbrev  0x00001357      0x16a .\CortexM0p\ARM_GCC_493\Debug\engine_speed_sensor.a(engine_sensor_adc_IRQ.o)
 .debug_abbrev  0x000014c1      0x1ab .\CortexM0p\ARM_GCC_493\Debug\engine_speed_sensor.a(engine_sensor_adc_UABH_B.o)
 .debug_abbrev  0x0000166c       0xe1 .\CortexM0p\ARM_GCC_493\Debug\engine_speed_sensor.a(engine_sensor_adc_UABH_B_CyUAB.o)
 .debug_abbrev  0x0000174d      0x1ab .\CortexM0p\ARM_GCC_493\Debug\engine_speed_sensor.a(engine_sensor_adc_UABH_A.o)
 .debug_abbrev  0x000018f8       0xa8 .\CortexM0p\ARM_GCC_493\Debug\engine_speed_sensor.a(engine_sensor_adc_intUabClock.o)
 .debug_abbrev  0x000019a0       0x6f .\CortexM0p\ARM_GCC_493\Debug\engine_speed_sensor.a(engine_sensor_adc_filterVinMux.o)
 .debug_abbrev  0x00001a0f       0xc6 .\CortexM0p\ARM_GCC_493\Debug\engine_speed_sensor.a(engine_sensor_adc_FILTERAGND2SAR_BUFFER.o)
 .debug_abbrev  0x00001ad5      0x12b .\CortexM0p\ARM_GCC_493\Debug\engine_speed_sensor.a(engine_sensor_transfer.o)
 .debug_abbrev  0x00001c00       0xcb .\CortexM0p\ARM_GCC_493\Debug\engine_speed_sensor.a(engine_sensor_uart.o)
 .debug_abbrev  0x00001ccb      0x140 .\CortexM0p\ARM_GCC_493\Debug\engine_speed_sensor.a(engine_sensor_uart_SPI_UART.o)
 .debug_abbrev  0x00001e0b       0xfd .\CortexM0p\ARM_GCC_493\Debug\engine_speed_sensor.a(engine_sensor_uart_UART.o)
 .debug_abbrev  0x00001f08       0x14 .\CortexM0p\ARM_GCC_493\Debug\engine_speed_sensor.a(CyBootAsmGnu.o)
 .debug_abbrev  0x00001f1c      0x117 .\CortexM0p\ARM_GCC_493\Debug\engine_speed_sensor.a(CyFlash.o)

.debug_line     0x00000000     0x47af
 *(.debug_line)
 .debug_line    0x00000000       0x58 .\CortexM0p\ARM_GCC_493\Debug\main.o
 .debug_line    0x00000058      0x291 .\CortexM0p\ARM_GCC_493\Debug\engine_afe.o
 .debug_line    0x000002e9      0x1e2 .\CortexM0p\ARM_GCC_493\Debug\event_queue.o
 .debug_line    0x000004cb      0x129 .\CortexM0p\ARM_GCC_493\Debug\fix_fft.o
 .debug_line    0x000005f4      0x198 .\CortexM0p\ARM_GCC_493\Debug\ui.o
 .debug_line    0x0000078c       0x51 .\CortexM0p\ARM_GCC_493\Debug\cymetadata.o
 .debug_line    0x000007dd      0x1d4 .\CortexM0p\ARM_GCC_493\Debug\Cm0plusStart.o
 .debug_line    0x000009b1      0x1a4 .\CortexM0p\ARM_GCC_493\Debug\engine_speed_sensor.a(cyfitter_cfg.o)
 .debug_line    0x00000b55      0x5cb .\CortexM0p\ARM_GCC_493\Debug\engine_speed_sensor.a(CyLib.o)
 .debug_line    0x00001120      0xafe .\CortexM0p\ARM_GCC_493\Debug\engine_speed_sensor.a(CyDMA.o)
 .debug_line    0x00001c1e      0x6b8 .\CortexM0p\ARM_GCC_493\Debug\engine_speed_sensor.a(CyLFClk.o)
 .debug_line    0x000022d6       0xcb .\CortexM0p\ARM_GCC_493\Debug\engine_speed_sensor.a(engine_vref_buf.o)
 .debug_line    0x000023a1      0x5fd .\CortexM0p\ARM_GCC_493\Debug\engine_speed_sensor.a(engine_sensor_adc.o)
 .debug_line    0x0000299e       0x74 .\CortexM0p\ARM_GCC_493\Debug\engine_speed_sensor.a(engine_sensor_adc_INIT.o)
 .debug_line    0x00002a12       0x70 .\CortexM0p\ARM_GCC_493\Debug\engine_speed_sensor.a(engine_sensor_adc_INT.o)
 .debug_line    0x00002a82       0xcb .\CortexM0p\ARM_GCC_493\Debug\engine_speed_sensor.a(engine_sensor_ref.o)
 .debug_line    0x00002b4d       0xef .\CortexM0p\ARM_GCC_493\Debug\engine_speed_sensor.a(engine_sensor_pga.o)
 .debug_line    0x00002c3c       0xda .\CortexM0p\ARM_GCC_493\Debug\engine_speed_sensor.a(engine_sensor_adc_intSarClock.o)
 .debug_line    0x00002d16      0x164 .\CortexM0p\ARM_GCC_493\Debug\engine_speed_sensor.a(engine_sensor_adc_IRQ.o)
 .debug_line    0x00002e7a      0x70f .\CortexM0p\ARM_GCC_493\Debug\engine_speed_sensor.a(engine_sensor_adc_UABH_B.o)
 .debug_line    0x00003589      0x199 .\CortexM0p\ARM_GCC_493\Debug\engine_speed_sensor.a(engine_sensor_adc_UABH_B_CyUAB.o)
 .debug_line    0x00003722      0x70f .\CortexM0p\ARM_GCC_493\Debug\engine_speed_sensor.a(engine_sensor_adc_UABH_A.o)
 .debug_line    0x00003e31       0xda .\CortexM0p\ARM_GCC_493\Debug\engine_speed_sensor.a(engine_sensor_adc_intUabClock.o)
 .debug_line    0x00003f0b       0xb3 .\CortexM0p\ARM_GCC_493\Debug\engine_speed_sensor.a(engine_sensor_adc_filterVinMux.o)
 .debug_line    0x00003fbe       0xe3 .\CortexM0p\ARM_GCC_493\Debug\engine_speed_sensor.a(engine_sensor_adc_FILTERAGND2SAR_BUFFER.o)
 .debug_line    0x000040a1       0xfd .\CortexM0p\ARM_GCC_493\Debug\engine_speed_sensor.a(engine_sensor_transfer.o)
 .debug_line    0x0000419e      0x113 .\CortexM0p\ARM_GCC_493\Debug\engine_speed_sensor.a(engine_sensor_uart.o)
 .debug_line    0x000042b1      0x131 .\CortexM0p\ARM_GCC_493\Debug\engine_speed_sensor.a(engine_sensor_uart_SPI_UART.o)
 .debug_line    0x000043e2      0x1b9 .\CortexM0p\ARM_GCC_493\Debug\engine_speed_sensor.a(engine_sensor_uart_UART.o)
 .debug_line    0x0000459b       0x68 .\CortexM0p\ARM_GCC_493\Debug\engine_speed_sensor.a(CyBootAsmGnu.o)
 .debug_line    0x00004603      0x1ac .\CortexM0p\ARM_GCC_493\Debug\engine_speed_sensor.a(CyFlash.o)

.debug_frame    0x00000000     0x3b18
 *(.debug_frame)
 .debug_frame   0x00000000       0x34 .\CortexM0p\ARM_GCC_493\Debug\main.o
 .debug_frame   0x00000034       0xe8 .\CortexM0p\ARM_GCC_493\Debug\engine_afe.o
 .debug_frame   0x0000011c       0x98 .\CortexM0p\ARM_GCC_493\Debug\event_queue.o
 .debug_frame   0x000001b4       0x74 .\CortexM0p\ARM_GCC_493\Debug\fix_fft.o
 .debug_frame   0x00000228       0x50 .\CortexM0p\ARM_GCC_493\Debug\ui.o
 .debug_frame   0x00000278       0xc8 .\CortexM0p\ARM_GCC_493\Debug\Cm0plusStart.o
 .debug_frame   0x00000340      0x124 .\CortexM0p\ARM_GCC_493\Debug\engine_speed_sensor.a(cyfitter_cfg.o)
 .debug_frame   0x00000464      0x760 .\CortexM0p\ARM_GCC_493\Debug\engine_speed_sensor.a(CyLib.o)
 .debug_frame   0x00000bc4      0x5e8 .\CortexM0p\ARM_GCC_493\Debug\engine_speed_sensor.a(CyDMA.o)
 .debug_frame   0x000011ac      0x624 .\CortexM0p\ARM_GCC_493\Debug\engine_speed_sensor.a(CyLFClk.o)
 .debug_frame   0x000017d0       0xc0 .\CortexM0p\ARM_GCC_493\Debug\engine_speed_sensor.a(engine_vref_buf.o)
 .debug_frame   0x00001890      0x524 .\CortexM0p\ARM_GCC_493\Debug\engine_speed_sensor.a(engine_sensor_adc.o)
 .debug_frame   0x00001db4       0x30 .\CortexM0p\ARM_GCC_493\Debug\engine_speed_sensor.a(engine_sensor_adc_INT.o)
 .debug_frame   0x00001de4       0xc0 .\CortexM0p\ARM_GCC_493\Debug\engine_speed_sensor.a(engine_sensor_ref.o)
 .debug_frame   0x00001ea4       0xf0 .\CortexM0p\ARM_GCC_493\Debug\engine_speed_sensor.a(engine_sensor_pga.o)
 .debug_frame   0x00001f94       0xa4 .\CortexM0p\ARM_GCC_493\Debug\engine_speed_sensor.a(engine_sensor_adc_intSarClock.o)
 .debug_frame   0x00002038      0x190 .\CortexM0p\ARM_GCC_493\Debug\engine_speed_sensor.a(engine_sensor_adc_IRQ.o)
 .debug_frame   0x000021c8      0x61c .\CortexM0p\ARM_GCC_493\Debug\engine_speed_sensor.a(engine_sensor_adc_UABH_B.o)
 .debug_frame   0x000027e4       0x94 .\CortexM0p\ARM_GCC_493\Debug\engine_speed_sensor.a(engine_sensor_adc_UABH_B_CyUAB.o)
 .debug_frame   0x00002878      0x61c .\CortexM0p\ARM_GCC_493\Debug\engine_speed_sensor.a(engine_sensor_adc_UABH_A.o)
 .debug_frame   0x00002e94       0xa4 .\CortexM0p\ARM_GCC_493\Debug\engine_speed_sensor.a(engine_sensor_adc_intUabClock.o)
 .debug_frame   0x00002f38       0x70 .\CortexM0p\ARM_GCC_493\Debug\engine_speed_sensor.a(engine_sensor_adc_filterVinMux.o)
 .debug_frame   0x00002fa8       0xc0 .\CortexM0p\ARM_GCC_493\Debug\engine_speed_sensor.a(engine_sensor_adc_FILTERAGND2SAR_BUFFER.o)
 .debug_frame   0x00003068       0xc8 .\CortexM0p\ARM_GCC_493\Debug\engine_speed_sensor.a(engine_sensor_transfer.o)
 .debug_frame   0x00003130      0x114 .\CortexM0p\ARM_GCC_493\Debug\engine_speed_sensor.a(engine_sensor_uart.o)
 .debug_frame   0x00003244      0x128 .\CortexM0p\ARM_GCC_493\Debug\engine_speed_sensor.a(engine_sensor_uart_SPI_UART.o)
 .debug_frame   0x0000336c      0x1bc .\CortexM0p\ARM_GCC_493\Debug\engine_speed_sensor.a(engine_sensor_uart_UART.o)
 .debug_frame   0x00003528       0xb8 .\CortexM0p\ARM_GCC_493\Debug\engine_speed_sensor.a(CyFlash.o)
 .debug_frame   0x000035e0       0x20 c:/program files (x86)/cypress/psoc creator/4.0/psoc creator/import/gnu/arm/4.9.3/bin/../lib/gcc/arm-none-eabi/4.9.3/armv6-m\libgcc.a(_udivsi3.o)
 .debug_frame   0x00003600       0x20 c:/program files (x86)/cypress/psoc creator/4.0/psoc creator/import/gnu/arm/4.9.3/bin/../lib/gcc/arm-none-eabi/4.9.3/armv6-m\libgcc.a(_divsi3.o)
 .debug_frame   0x00003620       0x34 c:/program files (x86)/cypress/psoc creator/4.0/psoc creator/import/gnu/arm/4.9.3/bin/../lib/gcc/arm-none-eabi/4.9.3/armv6-m\libgcc.a(_muldi3.o)
 .debug_frame   0x00003654       0x50 c:/program files (x86)/cypress/psoc creator/4.0/psoc creator/import/gnu/arm/4.9.3/bin/../lib/gcc/arm-none-eabi/4.9.3/armv6-m\libgcc.a(bpabi.o)
 .debug_frame   0x000036a4       0x3c c:/program files (x86)/cypress/psoc creator/4.0/psoc creator/import/gnu/arm/4.9.3/bin/../lib/gcc/arm-none-eabi/4.9.3/armv6-m\libgcc.a(divsf3.o)
 .debug_frame   0x000036e0       0x3c c:/program files (x86)/cypress/psoc creator/4.0/psoc creator/import/gnu/arm/4.9.3/bin/../lib/gcc/arm-none-eabi/4.9.3/armv6-m\libgcc.a(mulsf3.o)
 .debug_frame   0x0000371c       0x2c c:/program files (x86)/cypress/psoc creator/4.0/psoc creator/import/gnu/arm/4.9.3/bin/../lib/gcc/arm-none-eabi/4.9.3/armv6-m\libgcc.a(floatsisf.o)
 .debug_frame   0x00003748       0x3c c:/program files (x86)/cypress/psoc creator/4.0/psoc creator/import/gnu/arm/4.9.3/bin/../lib/gcc/arm-none-eabi/4.9.3/armv6-m\libgcc.a(_divdi3.o)
 .debug_frame   0x00003784       0x3c c:/program files (x86)/cypress/psoc creator/4.0/psoc creator/import/gnu/arm/4.9.3/bin/../lib/gcc/arm-none-eabi/4.9.3/armv6-m\libgcc.a(_udivdi3.o)
 .debug_frame   0x000037c0       0x20 c:/program files (x86)/cypress/psoc creator/4.0/psoc creator/import/gnu/arm/4.9.3/bin/../lib/gcc/arm-none-eabi/4.9.3/../../../../arm-none-eabi/lib/armv6-m\libg_nano.a(lib_a-errno.o)
 .debug_frame   0x000037e0       0x28 c:/program files (x86)/cypress/psoc creator/4.0/psoc creator/import/gnu/arm/4.9.3/bin/../lib/gcc/arm-none-eabi/4.9.3/../../../../arm-none-eabi/lib/armv6-m\libg_nano.a(lib_a-exit.o)
 .debug_frame   0x00003808       0x2c c:/program files (x86)/cypress/psoc creator/4.0/psoc creator/import/gnu/arm/4.9.3/bin/../lib/gcc/arm-none-eabi/4.9.3/../../../../arm-none-eabi/lib/armv6-m\libg_nano.a(lib_a-init.o)
 .debug_frame   0x00003834       0x28 c:/program files (x86)/cypress/psoc creator/4.0/psoc creator/import/gnu/arm/4.9.3/bin/../lib/gcc/arm-none-eabi/4.9.3/../../../../arm-none-eabi/lib/armv6-m\libg_nano.a(lib_a-memcpy.o)
 .debug_frame   0x0000385c       0x20 c:/program files (x86)/cypress/psoc creator/4.0/psoc creator/import/gnu/arm/4.9.3/bin/../lib/gcc/arm-none-eabi/4.9.3/../../../../arm-none-eabi/lib/armv6-m\libg_nano.a(lib_a-memset.o)
 .debug_frame   0x0000387c       0x50 c:/program files (x86)/cypress/psoc creator/4.0/psoc creator/import/gnu/arm/4.9.3/bin/../lib/gcc/arm-none-eabi/4.9.3/../../../../arm-none-eabi/lib/armv6-m\libg_nano.a(lib_a-sprintf.o)
 .debug_frame   0x000038cc       0x20 c:/program files (x86)/cypress/psoc creator/4.0/psoc creator/import/gnu/arm/4.9.3/bin/../lib/gcc/arm-none-eabi/4.9.3/../../../../arm-none-eabi/lib/armv6-m\libg_nano.a(lib_a-strlen.o)
 .debug_frame   0x000038ec       0x74 c:/program files (x86)/cypress/psoc creator/4.0/psoc creator/import/gnu/arm/4.9.3/bin/../lib/gcc/arm-none-eabi/4.9.3/../../../../arm-none-eabi/lib/armv6-m\libg_nano.a(lib_a-nano-svfprintf.o)
 .debug_frame   0x00003960       0x54 c:/program files (x86)/cypress/psoc creator/4.0/psoc creator/import/gnu/arm/4.9.3/bin/../lib/gcc/arm-none-eabi/4.9.3/../../../../arm-none-eabi/lib/armv6-m\libg_nano.a(lib_a-nano-vfprintf_i.o)
 .debug_frame   0x000039b4       0x20 c:/program files (x86)/cypress/psoc creator/4.0/psoc creator/import/gnu/arm/4.9.3/bin/../lib/gcc/arm-none-eabi/4.9.3/../../../../arm-none-eabi/lib/armv6-m\libg_nano.a(lib_a-memchr.o)
 .debug_frame   0x000039d4       0x28 c:/program files (x86)/cypress/psoc creator/4.0/psoc creator/import/gnu/arm/4.9.3/bin/../lib/gcc/arm-none-eabi/4.9.3/../../../../arm-none-eabi/lib/armv6-m\libg_nano.a(lib_a-memmove.o)
 .debug_frame   0x000039fc       0x2c c:/program files (x86)/cypress/psoc creator/4.0/psoc creator/import/gnu/arm/4.9.3/bin/../lib/gcc/arm-none-eabi/4.9.3/../../../../arm-none-eabi/lib/armv6-m\libg_nano.a(lib_a-nano-freer.o)
 .debug_frame   0x00003a28       0x2c c:/program files (x86)/cypress/psoc creator/4.0/psoc creator/import/gnu/arm/4.9.3/bin/../lib/gcc/arm-none-eabi/4.9.3/../../../../arm-none-eabi/lib/armv6-m\libg_nano.a(lib_a-nano-mallocr.o)
 .debug_frame   0x00003a54       0x30 c:/program files (x86)/cypress/psoc creator/4.0/psoc creator/import/gnu/arm/4.9.3/bin/../lib/gcc/arm-none-eabi/4.9.3/../../../../arm-none-eabi/lib/armv6-m\libg_nano.a(lib_a-nano-reallocr.o)
 .debug_frame   0x00003a84       0x2c c:/program files (x86)/cypress/psoc creator/4.0/psoc creator/import/gnu/arm/4.9.3/bin/../lib/gcc/arm-none-eabi/4.9.3/../../../../arm-none-eabi/lib/armv6-m\libg_nano.a(lib_a-sbrkr.o)
 .debug_frame   0x00003ab0       0x20 c:/program files (x86)/cypress/psoc creator/4.0/psoc creator/import/gnu/arm/4.9.3/bin/../lib/gcc/arm-none-eabi/4.9.3/../../../../arm-none-eabi/lib/armv6-m\libg_nano.a(lib_a-nano-msizer.o)
 .debug_frame   0x00003ad0       0x48 c:/program files (x86)/cypress/psoc creator/4.0/psoc creator/import/gnu/arm/4.9.3/bin/../lib/gcc/arm-none-eabi/4.9.3/../../../../arm-none-eabi/lib/armv6-m\libg_nano.a(lib_a-reent.o)

.debug_str      0x00000000     0x68d7
 *(.debug_str)
 .debug_str     0x00000000      0x1dd .\CortexM0p\ARM_GCC_493\Debug\main.o
                                0x21b (size before relaxing)
 .debug_str     0x000001dd      0x17a .\CortexM0p\ARM_GCC_493\Debug\engine_afe.o
                                0x38e (size before relaxing)
 .debug_str     0x00000357       0x90 .\CortexM0p\ARM_GCC_493\Debug\event_queue.o
                                0x29f (size before relaxing)
 .debug_str     0x000003e7       0x46 .\CortexM0p\ARM_GCC_493\Debug\fix_fft.o
                                0x131 (size before relaxing)
 .debug_str     0x0000042d       0x5c .\CortexM0p\ARM_GCC_493\Debug\ui.o
                                0x2a3 (size before relaxing)
 .debug_str     0x00000489       0x59 .\CortexM0p\ARM_GCC_493\Debug\cymetadata.o
                                0x1d6 (size before relaxing)
 .debug_str     0x000004e2      0x125 .\CortexM0p\ARM_GCC_493\Debug\Cm0plusStart.o
                                0x2c8 (size before relaxing)
 .debug_str     0x00000607       0xf7 .\CortexM0p\ARM_GCC_493\Debug\engine_speed_sensor.a(cyfitter_cfg.o)
                                0x282 (size before relaxing)
 .debug_str     0x000006fe      0x6a7 .\CortexM0p\ARM_GCC_493\Debug\engine_speed_sensor.a(CyLib.o)
                                0x863 (size before relaxing)
 .debug_str     0x00000da5      0x5e8 .\CortexM0p\ARM_GCC_493\Debug\engine_speed_sensor.a(CyDMA.o)
                                0x7c7 (size before relaxing)
 .debug_str     0x0000138d      0x666 .\CortexM0p\ARM_GCC_493\Debug\engine_speed_sensor.a(CyLFClk.o)
                                0x857 (size before relaxing)
 .debug_str     0x000019f3       0xf7 .\CortexM0p\ARM_GCC_493\Debug\engine_speed_sensor.a(engine_vref_buf.o)
                                0x278 (size before relaxing)
 .debug_str     0x00001aea      0xed0 .\CortexM0p\ARM_GCC_493\Debug\engine_speed_sensor.a(engine_sensor_adc.o)
                               0x10a0 (size before relaxing)
 .debug_str     0x000029ba       0x30 .\CortexM0p\ARM_GCC_493\Debug\engine_speed_sensor.a(engine_sensor_adc_INIT.o)
                                0x2a7 (size before relaxing)
 .debug_str     0x000029ea       0x51 .\CortexM0p\ARM_GCC_493\Debug\engine_speed_sensor.a(engine_sensor_adc_INT.o)
                                0x1d5 (size before relaxing)
 .debug_str     0x00002a3b       0xef .\CortexM0p\ARM_GCC_493\Debug\engine_speed_sensor.a(engine_sensor_ref.o)
                                0x270 (size before relaxing)
 .debug_str     0x00002b2a      0x151 .\CortexM0p\ARM_GCC_493\Debug\engine_speed_sensor.a(engine_sensor_pga.o)
                                0x2e1 (size before relaxing)
 .debug_str     0x00002c7b      0x150 .\CortexM0p\ARM_GCC_493\Debug\engine_speed_sensor.a(engine_sensor_adc_intSarClock.o)
                                0x2e3 (size before relaxing)
 .debug_str     0x00002dcb      0x1d5 .\CortexM0p\ARM_GCC_493\Debug\engine_speed_sensor.a(engine_sensor_adc_IRQ.o)
                                0x399 (size before relaxing)
 .debug_str     0x00002fa0     0x24e9 .\CortexM0p\ARM_GCC_493\Debug\engine_speed_sensor.a(engine_sensor_adc_UABH_B.o)
                               0x2c4c (size before relaxing)
 .debug_str     0x00005489       0xff .\CortexM0p\ARM_GCC_493\Debug\engine_speed_sensor.a(engine_sensor_adc_UABH_B_CyUAB.o)
                                0x38b (size before relaxing)
 .debug_str     0x00005588      0x7a5 .\CortexM0p\ARM_GCC_493\Debug\engine_speed_sensor.a(engine_sensor_adc_UABH_A.o)
                               0x2c4c (size before relaxing)
 .debug_str     0x00005d2d      0x127 .\CortexM0p\ARM_GCC_493\Debug\engine_speed_sensor.a(engine_sensor_adc_intUabClock.o)
                                0x2e3 (size before relaxing)
 .debug_str     0x00005e54       0xd8 .\CortexM0p\ARM_GCC_493\Debug\engine_speed_sensor.a(engine_sensor_adc_filterVinMux.o)
                                0x259 (size before relaxing)
 .debug_str     0x00005f2c      0x1c3 .\CortexM0p\ARM_GCC_493\Debug\engine_speed_sensor.a(engine_sensor_adc_FILTERAGND2SAR_BUFFER.o)
                                0x350 (size before relaxing)
 .debug_str     0x000060ef      0x11c .\CortexM0p\ARM_GCC_493\Debug\engine_speed_sensor.a(engine_sensor_transfer.o)
                                0x321 (size before relaxing)
 .debug_str     0x0000620b      0x18d .\CortexM0p\ARM_GCC_493\Debug\engine_speed_sensor.a(engine_sensor_uart.o)
                                0x31e (size before relaxing)
 .debug_str     0x00006398      0x1c1 .\CortexM0p\ARM_GCC_493\Debug\engine_speed_sensor.a(engine_sensor_uart_SPI_UART.o)
                                0x356 (size before relaxing)
 .debug_str     0x00006559      0x261 .\CortexM0p\ARM_GCC_493\Debug\engine_speed_sensor.a(engine_sensor_uart_UART.o)
                                0x41f (size before relaxing)
 .debug_str     0x000067ba      0x11d .\CortexM0p\ARM_GCC_493\Debug\engine_speed_sensor.a(CyFlash.o)
                                0x2cb (size before relaxing)

.debug_loc
 *(.debug_loc)

.debug_macinfo
 *(.debug_macinfo)

.debug_ranges   0x00000000      0xe38
 *(.debug_ranges)
 .debug_ranges  0x00000000       0x10 .\CortexM0p\ARM_GCC_493\Debug\main.o
 .debug_ranges  0x00000010       0x40 .\CortexM0p\ARM_GCC_493\Debug\engine_afe.o
 .debug_ranges  0x00000050       0x28 .\CortexM0p\ARM_GCC_493\Debug\event_queue.o
 .debug_ranges  0x00000078       0x20 .\CortexM0p\ARM_GCC_493\Debug\fix_fft.o
 .debug_ranges  0x00000098       0x18 .\CortexM0p\ARM_GCC_493\Debug\ui.o
 .debug_ranges  0x000000b0       0x38 .\CortexM0p\ARM_GCC_493\Debug\Cm0plusStart.o
 .debug_ranges  0x000000e8       0x50 .\CortexM0p\ARM_GCC_493\Debug\engine_speed_sensor.a(cyfitter_cfg.o)
 .debug_ranges  0x00000138      0x1e8 .\CortexM0p\ARM_GCC_493\Debug\engine_speed_sensor.a(CyLib.o)
 .debug_ranges  0x00000320      0x188 .\CortexM0p\ARM_GCC_493\Debug\engine_speed_sensor.a(CyDMA.o)
 .debug_ranges  0x000004a8      0x1a0 .\CortexM0p\ARM_GCC_493\Debug\engine_speed_sensor.a(CyLFClk.o)
 .debug_ranges  0x00000648       0x38 .\CortexM0p\ARM_GCC_493\Debug\engine_speed_sensor.a(engine_vref_buf.o)
 .debug_ranges  0x00000680      0x150 .\CortexM0p\ARM_GCC_493\Debug\engine_speed_sensor.a(engine_sensor_adc.o)
 .debug_ranges  0x000007d0       0x10 .\CortexM0p\ARM_GCC_493\Debug\engine_speed_sensor.a(engine_sensor_adc_INT.o)
 .debug_ranges  0x000007e0       0x38 .\CortexM0p\ARM_GCC_493\Debug\engine_speed_sensor.a(engine_sensor_ref.o)
 .debug_ranges  0x00000818       0x40 .\CortexM0p\ARM_GCC_493\Debug\engine_speed_sensor.a(engine_sensor_pga.o)
 .debug_ranges  0x00000858       0x30 .\CortexM0p\ARM_GCC_493\Debug\engine_speed_sensor.a(engine_sensor_adc_intSarClock.o)
 .debug_ranges  0x00000888       0x70 .\CortexM0p\ARM_GCC_493\Debug\engine_speed_sensor.a(engine_sensor_adc_IRQ.o)
 .debug_ranges  0x000008f8      0x188 .\CortexM0p\ARM_GCC_493\Debug\engine_speed_sensor.a(engine_sensor_adc_UABH_B.o)
 .debug_ranges  0x00000a80       0x28 .\CortexM0p\ARM_GCC_493\Debug\engine_speed_sensor.a(engine_sensor_adc_UABH_B_CyUAB.o)
 .debug_ranges  0x00000aa8      0x188 .\CortexM0p\ARM_GCC_493\Debug\engine_speed_sensor.a(engine_sensor_adc_UABH_A.o)
 .debug_ranges  0x00000c30       0x30 .\CortexM0p\ARM_GCC_493\Debug\engine_speed_sensor.a(engine_sensor_adc_intUabClock.o)
 .debug_ranges  0x00000c60       0x20 .\CortexM0p\ARM_GCC_493\Debug\engine_speed_sensor.a(engine_sensor_adc_filterVinMux.o)
 .debug_ranges  0x00000c80       0x38 .\CortexM0p\ARM_GCC_493\Debug\engine_speed_sensor.a(engine_sensor_adc_FILTERAGND2SAR_BUFFER.o)
 .debug_ranges  0x00000cb8       0x38 .\CortexM0p\ARM_GCC_493\Debug\engine_speed_sensor.a(engine_sensor_transfer.o)
 .debug_ranges  0x00000cf0       0x50 .\CortexM0p\ARM_GCC_493\Debug\engine_speed_sensor.a(engine_sensor_uart.o)
 .debug_ranges  0x00000d40       0x50 .\CortexM0p\ARM_GCC_493\Debug\engine_speed_sensor.a(engine_sensor_uart_SPI_UART.o)
 .debug_ranges  0x00000d90       0x78 .\CortexM0p\ARM_GCC_493\Debug\engine_speed_sensor.a(engine_sensor_uart_UART.o)
 .debug_ranges  0x00000e08       0x30 .\CortexM0p\ARM_GCC_493\Debug\engine_speed_sensor.a(CyFlash.o)

.comment        0x00000000       0x70
 .comment       0x00000000       0x70 .\CortexM0p\ARM_GCC_493\Debug\main.o
                                 0x71 (size before relaxing)
 .comment       0x00000000       0x71 .\CortexM0p\ARM_GCC_493\Debug\engine_afe.o
 .comment       0x00000000       0x71 .\CortexM0p\ARM_GCC_493\Debug\event_queue.o
 .comment       0x00000000       0x71 .\CortexM0p\ARM_GCC_493\Debug\fix_fft.o
 .comment       0x00000000       0x71 .\CortexM0p\ARM_GCC_493\Debug\ui.o
 .comment       0x00000000       0x71 .\CortexM0p\ARM_GCC_493\Debug\cymetadata.o
 .comment       0x00000000       0x71 .\CortexM0p\ARM_GCC_493\Debug\Cm0plusStart.o
 .comment       0x00000000       0x71 .\CortexM0p\ARM_GCC_493\Debug\engine_speed_sensor.a(cyfitter_cfg.o)
 .comment       0x00000000       0x71 .\CortexM0p\ARM_GCC_493\Debug\engine_speed_sensor.a(CyLib.o)
 .comment       0x00000000       0x71 .\CortexM0p\ARM_GCC_493\Debug\engine_speed_sensor.a(CyDMA.o)
 .comment       0x00000000       0x71 .\CortexM0p\ARM_GCC_493\Debug\engine_speed_sensor.a(CyLFClk.o)
 .comment       0x00000000       0x71 .\CortexM0p\ARM_GCC_493\Debug\engine_speed_sensor.a(engine_vref_buf.o)
 .comment       0x00000000       0x71 .\CortexM0p\ARM_GCC_493\Debug\engine_speed_sensor.a(engine_sensor_adc.o)
 .comment       0x00000000       0x71 .\CortexM0p\ARM_GCC_493\Debug\engine_speed_sensor.a(engine_sensor_adc_INIT.o)
 .comment       0x00000000       0x71 .\CortexM0p\ARM_GCC_493\Debug\engine_speed_sensor.a(engine_sensor_adc_INT.o)
 .comment       0x00000000       0x71 .\CortexM0p\ARM_GCC_493\Debug\engine_speed_sensor.a(engine_sensor_ref.o)
 .comment       0x00000000       0x71 .\CortexM0p\ARM_GCC_493\Debug\engine_speed_sensor.a(engine_sensor_pga.o)
 .comment       0x00000000       0x71 .\CortexM0p\ARM_GCC_493\Debug\engine_speed_sensor.a(engine_sensor_adc_intSarClock.o)
 .comment       0x00000000       0x71 .\CortexM0p\ARM_GCC_493\Debug\engine_speed_sensor.a(engine_sensor_adc_IRQ.o)
 .comment       0x00000000       0x71 .\CortexM0p\ARM_GCC_493\Debug\engine_speed_sensor.a(engine_sensor_adc_UABH_B.o)
 .comment       0x00000000       0x71 .\CortexM0p\ARM_GCC_493\Debug\engine_speed_sensor.a(engine_sensor_adc_UABH_B_CyUAB.o)
 .comment       0x00000000       0x71 .\CortexM0p\ARM_GCC_493\Debug\engine_speed_sensor.a(engine_sensor_adc_UABH_A.o)
 .comment       0x00000000       0x71 .\CortexM0p\ARM_GCC_493\Debug\engine_speed_sensor.a(engine_sensor_adc_intUabClock.o)
 .comment       0x00000000       0x71 .\CortexM0p\ARM_GCC_493\Debug\engine_speed_sensor.a(engine_sensor_adc_filterVinMux.o)
 .comment       0x00000000       0x71 .\CortexM0p\ARM_GCC_493\Debug\engine_speed_sensor.a(engine_sensor_adc_FILTERAGND2SAR_BUFFER.o)
 .comment       0x00000000       0x71 .\CortexM0p\ARM_GCC_493\Debug\engine_speed_sensor.a(engine_sensor_transfer.o)
 .comment       0x00000000       0x71 .\CortexM0p\ARM_GCC_493\Debug\engine_speed_sensor.a(engine_sensor_uart.o)
 .comment       0x00000000       0x71 .\CortexM0p\ARM_GCC_493\Debug\engine_speed_sensor.a(engine_sensor_uart_SPI_UART.o)
 .comment       0x00000000       0x71 .\CortexM0p\ARM_GCC_493\Debug\engine_speed_sensor.a(engine_sensor_uart_UART.o)
 .comment       0x00000000       0x71 .\CortexM0p\ARM_GCC_493\Debug\engine_speed_sensor.a(CyFlash.o)

.debug_weaknames
 *(.debug_weaknames)

.debug_funcnames
 *(.debug_funcnames)

.debug_typenames
 *(.debug_typenames)

.debug_varnames
 *(.debug_varnames)

.note.gnu.arm.ident
 *(.note.gnu.arm.ident)

.ARM.attributes
                0x00000000       0x28
 *(.ARM.attributes)
 .ARM.attributes
                0x00000000       0x1e c:/program files (x86)/cypress/psoc creator/4.0/psoc creator/import/gnu/arm/4.9.3/bin/../lib/gcc/arm-none-eabi/4.9.3/armv6-m/crti.o
 .ARM.attributes
                0x0000001e       0x2c c:/program files (x86)/cypress/psoc creator/4.0/psoc creator/import/gnu/arm/4.9.3/bin/../lib/gcc/arm-none-eabi/4.9.3/armv6-m/crtbegin.o
 .ARM.attributes
                0x0000004a       0x1b c:/program files (x86)/cypress/psoc creator/4.0/psoc creator/import/gnu/arm/4.9.3/bin/../lib/gcc/arm-none-eabi/4.9.3/../../../../arm-none-eabi/lib/armv6-m/crt0.o
 .ARM.attributes
                0x00000065       0x32 .\CortexM0p\ARM_GCC_493\Debug\main.o
 .ARM.attributes
                0x00000097       0x32 .\CortexM0p\ARM_GCC_493\Debug\engine_afe.o
 .ARM.attributes
                0x000000c9       0x32 .\CortexM0p\ARM_GCC_493\Debug\event_queue.o
 .ARM.attributes
                0x000000fb       0x32 .\CortexM0p\ARM_GCC_493\Debug\fix_fft.o
 .ARM.attributes
                0x0000012d       0x32 .\CortexM0p\ARM_GCC_493\Debug\ui.o
 .ARM.attributes
                0x0000015f       0x32 .\CortexM0p\ARM_GCC_493\Debug\cymetadata.o
 .ARM.attributes
                0x00000191       0x32 .\CortexM0p\ARM_GCC_493\Debug\Cm0plusStart.o
 .ARM.attributes
                0x000001c3       0x32 .\CortexM0p\ARM_GCC_493\Debug\engine_speed_sensor.a(cyfitter_cfg.o)
 .ARM.attributes
                0x000001f5       0x32 .\CortexM0p\ARM_GCC_493\Debug\engine_speed_sensor.a(CyLib.o)
 .ARM.attributes
                0x00000227       0x32 .\CortexM0p\ARM_GCC_493\Debug\engine_speed_sensor.a(CyDMA.o)
 .ARM.attributes
                0x00000259       0x32 .\CortexM0p\ARM_GCC_493\Debug\engine_speed_sensor.a(CyLFClk.o)
 .ARM.attributes
                0x0000028b       0x32 .\CortexM0p\ARM_GCC_493\Debug\engine_speed_sensor.a(engine_vref_buf.o)
 .ARM.attributes
                0x000002bd       0x32 .\CortexM0p\ARM_GCC_493\Debug\engine_speed_sensor.a(engine_sensor_adc.o)
 .ARM.attributes
                0x000002ef       0x32 .\CortexM0p\ARM_GCC_493\Debug\engine_speed_sensor.a(engine_sensor_adc_INIT.o)
 .ARM.attributes
                0x00000321       0x32 .\CortexM0p\ARM_GCC_493\Debug\engine_speed_sensor.a(engine_sensor_adc_INT.o)
 .ARM.attributes
                0x00000353       0x32 .\CortexM0p\ARM_GCC_493\Debug\engine_speed_sensor.a(engine_sensor_ref.o)
 .ARM.attributes
                0x00000385       0x32 .\CortexM0p\ARM_GCC_493\Debug\engine_speed_sensor.a(engine_sensor_pga.o)
 .ARM.attributes
                0x000003b7       0x32 .\CortexM0p\ARM_GCC_493\Debug\engine_speed_sensor.a(engine_sensor_adc_intSarClock.o)
 .ARM.attributes
                0x000003e9       0x32 .\CortexM0p\ARM_GCC_493\Debug\engine_speed_sensor.a(engine_sensor_adc_IRQ.o)
 .ARM.attributes
                0x0000041b       0x32 .\CortexM0p\ARM_GCC_493\Debug\engine_speed_sensor.a(engine_sensor_adc_UABH_B.o)
 .ARM.attributes
                0x0000044d       0x32 .\CortexM0p\ARM_GCC_493\Debug\engine_speed_sensor.a(engine_sensor_adc_UABH_B_CyUAB.o)
 .ARM.attributes
                0x0000047f       0x32 .\CortexM0p\ARM_GCC_493\Debug\engine_speed_sensor.a(engine_sensor_adc_UABH_A.o)
 .ARM.attributes
                0x000004b1       0x32 .\CortexM0p\ARM_GCC_493\Debug\engine_speed_sensor.a(engine_sensor_adc_intUabClock.o)
 .ARM.attributes
                0x000004e3       0x32 .\CortexM0p\ARM_GCC_493\Debug\engine_speed_sensor.a(engine_sensor_adc_filterVinMux.o)
 .ARM.attributes
                0x00000515       0x32 .\CortexM0p\ARM_GCC_493\Debug\engine_speed_sensor.a(engine_sensor_adc_FILTERAGND2SAR_BUFFER.o)
 .ARM.attributes
                0x00000547       0x32 .\CortexM0p\ARM_GCC_493\Debug\engine_speed_sensor.a(engine_sensor_transfer.o)
 .ARM.attributes
                0x00000579       0x32 .\CortexM0p\ARM_GCC_493\Debug\engine_speed_sensor.a(engine_sensor_uart.o)
 .ARM.attributes
                0x000005ab       0x32 .\CortexM0p\ARM_GCC_493\Debug\engine_speed_sensor.a(engine_sensor_uart_SPI_UART.o)
 .ARM.attributes
                0x000005dd       0x32 .\CortexM0p\ARM_GCC_493\Debug\engine_speed_sensor.a(engine_sensor_uart_UART.o)
 .ARM.attributes
                0x0000060f       0x22 .\CortexM0p\ARM_GCC_493\Debug\engine_speed_sensor.a(CyBootAsmGnu.o)
 .ARM.attributes
                0x00000631       0x32 .\CortexM0p\ARM_GCC_493\Debug\engine_speed_sensor.a(CyFlash.o)
 .ARM.attributes
                0x00000663       0x1e c:/program files (x86)/cypress/psoc creator/4.0/psoc creator/import/gnu/arm/4.9.3/bin/../lib/gcc/arm-none-eabi/4.9.3/armv6-m\libgcc.a(_udivsi3.o)
 .ARM.attributes
                0x00000681       0x1e c:/program files (x86)/cypress/psoc creator/4.0/psoc creator/import/gnu/arm/4.9.3/bin/../lib/gcc/arm-none-eabi/4.9.3/armv6-m\libgcc.a(_divsi3.o)
 .ARM.attributes
                0x0000069f       0x1e c:/program files (x86)/cypress/psoc creator/4.0/psoc creator/import/gnu/arm/4.9.3/bin/../lib/gcc/arm-none-eabi/4.9.3/armv6-m\libgcc.a(_dvmd_tls.o)
 .ARM.attributes
                0x000006bd       0x1e c:/program files (x86)/cypress/psoc creator/4.0/psoc creator/import/gnu/arm/4.9.3/bin/../lib/gcc/arm-none-eabi/4.9.3/armv6-m\libgcc.a(_aeabi_ldivmod.o)
 .ARM.attributes
                0x000006db       0x2c c:/program files (x86)/cypress/psoc creator/4.0/psoc creator/import/gnu/arm/4.9.3/bin/../lib/gcc/arm-none-eabi/4.9.3/armv6-m\libgcc.a(_muldi3.o)
 .ARM.attributes
                0x00000707       0x2c c:/program files (x86)/cypress/psoc creator/4.0/psoc creator/import/gnu/arm/4.9.3/bin/../lib/gcc/arm-none-eabi/4.9.3/armv6-m\libgcc.a(bpabi.o)
 .ARM.attributes
                0x00000733       0x2c c:/program files (x86)/cypress/psoc creator/4.0/psoc creator/import/gnu/arm/4.9.3/bin/../lib/gcc/arm-none-eabi/4.9.3/armv6-m\libgcc.a(divsf3.o)
 .ARM.attributes
                0x0000075f       0x2c c:/program files (x86)/cypress/psoc creator/4.0/psoc creator/import/gnu/arm/4.9.3/bin/../lib/gcc/arm-none-eabi/4.9.3/armv6-m\libgcc.a(mulsf3.o)
 .ARM.attributes
                0x0000078b       0x2c c:/program files (x86)/cypress/psoc creator/4.0/psoc creator/import/gnu/arm/4.9.3/bin/../lib/gcc/arm-none-eabi/4.9.3/armv6-m\libgcc.a(floatsisf.o)
 .ARM.attributes
                0x000007b7       0x1e c:/program files (x86)/cypress/psoc creator/4.0/psoc creator/import/gnu/arm/4.9.3/bin/../lib/gcc/arm-none-eabi/4.9.3/armv6-m\libgcc.a(_clzsi2.o)
 .ARM.attributes
                0x000007d5       0x2c c:/program files (x86)/cypress/psoc creator/4.0/psoc creator/import/gnu/arm/4.9.3/bin/../lib/gcc/arm-none-eabi/4.9.3/armv6-m\libgcc.a(_divdi3.o)
 .ARM.attributes
                0x00000801       0x2c c:/program files (x86)/cypress/psoc creator/4.0/psoc creator/import/gnu/arm/4.9.3/bin/../lib/gcc/arm-none-eabi/4.9.3/armv6-m\libgcc.a(_udivdi3.o)
 .ARM.attributes
                0x0000082d       0x1e c:/program files (x86)/cypress/psoc creator/4.0/psoc creator/import/gnu/arm/4.9.3/bin/../lib/gcc/arm-none-eabi/4.9.3/armv6-m\libgcc.a(_clzdi2.o)
 .ARM.attributes
                0x0000084b       0x2c c:/program files (x86)/cypress/psoc creator/4.0/psoc creator/import/gnu/arm/4.9.3/bin/../lib/gcc/arm-none-eabi/4.9.3/../../../../arm-none-eabi/lib/armv6-m\libg_nano.a(lib_a-errno.o)
 .ARM.attributes
                0x00000877       0x2c c:/program files (x86)/cypress/psoc creator/4.0/psoc creator/import/gnu/arm/4.9.3/bin/../lib/gcc/arm-none-eabi/4.9.3/../../../../arm-none-eabi/lib/armv6-m\libg_nano.a(lib_a-exit.o)
 .ARM.attributes
                0x000008a3       0x2c c:/program files (x86)/cypress/psoc creator/4.0/psoc creator/import/gnu/arm/4.9.3/bin/../lib/gcc/arm-none-eabi/4.9.3/../../../../arm-none-eabi/lib/armv6-m\libg_nano.a(lib_a-impure.o)
 .ARM.attributes
                0x000008cf       0x2c c:/program files (x86)/cypress/psoc creator/4.0/psoc creator/import/gnu/arm/4.9.3/bin/../lib/gcc/arm-none-eabi/4.9.3/../../../../arm-none-eabi/lib/armv6-m\libg_nano.a(lib_a-init.o)
 .ARM.attributes
                0x000008fb       0x2c c:/program files (x86)/cypress/psoc creator/4.0/psoc creator/import/gnu/arm/4.9.3/bin/../lib/gcc/arm-none-eabi/4.9.3/../../../../arm-none-eabi/lib/armv6-m\libg_nano.a(lib_a-memcpy.o)
 .ARM.attributes
                0x00000927       0x2c c:/program files (x86)/cypress/psoc creator/4.0/psoc creator/import/gnu/arm/4.9.3/bin/../lib/gcc/arm-none-eabi/4.9.3/../../../../arm-none-eabi/lib/armv6-m\libg_nano.a(lib_a-memset.o)
 .ARM.attributes
                0x00000953       0x2c c:/program files (x86)/cypress/psoc creator/4.0/psoc creator/import/gnu/arm/4.9.3/bin/../lib/gcc/arm-none-eabi/4.9.3/../../../../arm-none-eabi/lib/armv6-m\libg_nano.a(lib_a-sprintf.o)
 .ARM.attributes
                0x0000097f       0x2c c:/program files (x86)/cypress/psoc creator/4.0/psoc creator/import/gnu/arm/4.9.3/bin/../lib/gcc/arm-none-eabi/4.9.3/../../../../arm-none-eabi/lib/armv6-m\libg_nano.a(lib_a-strlen.o)
 .ARM.attributes
                0x000009ab       0x2c c:/program files (x86)/cypress/psoc creator/4.0/psoc creator/import/gnu/arm/4.9.3/bin/../lib/gcc/arm-none-eabi/4.9.3/../../../../arm-none-eabi/lib/armv6-m\libg_nano.a(lib_a-nano-svfprintf.o)
 .ARM.attributes
                0x000009d7       0x2c c:/program files (x86)/cypress/psoc creator/4.0/psoc creator/import/gnu/arm/4.9.3/bin/../lib/gcc/arm-none-eabi/4.9.3/../../../../arm-none-eabi/lib/armv6-m\libg_nano.a(lib_a-nano-vfprintf_i.o)
 .ARM.attributes
                0x00000a03       0x2c c:/program files (x86)/cypress/psoc creator/4.0/psoc creator/import/gnu/arm/4.9.3/bin/../lib/gcc/arm-none-eabi/4.9.3/../../../../arm-none-eabi/lib/armv6-m\libg_nano.a(lib_a-memchr.o)
 .ARM.attributes
                0x00000a2f       0x2c c:/program files (x86)/cypress/psoc creator/4.0/psoc creator/import/gnu/arm/4.9.3/bin/../lib/gcc/arm-none-eabi/4.9.3/../../../../arm-none-eabi/lib/armv6-m\libg_nano.a(lib_a-memmove.o)
 .ARM.attributes
                0x00000a5b       0x2c c:/program files (x86)/cypress/psoc creator/4.0/psoc creator/import/gnu/arm/4.9.3/bin/../lib/gcc/arm-none-eabi/4.9.3/../../../../arm-none-eabi/lib/armv6-m\libg_nano.a(lib_a-nano-freer.o)
 .ARM.attributes
                0x00000a87       0x2c c:/program files (x86)/cypress/psoc creator/4.0/psoc creator/import/gnu/arm/4.9.3/bin/../lib/gcc/arm-none-eabi/4.9.3/../../../../arm-none-eabi/lib/armv6-m\libg_nano.a(lib_a-nano-mallocr.o)
 .ARM.attributes
                0x00000ab3       0x2c c:/program files (x86)/cypress/psoc creator/4.0/psoc creator/import/gnu/arm/4.9.3/bin/../lib/gcc/arm-none-eabi/4.9.3/../../../../arm-none-eabi/lib/armv6-m\libg_nano.a(lib_a-nano-reallocr.o)
 .ARM.attributes